Archive member included to satisfy reference by file (symbol)

C:/nxp/MCUXpressoIDE_25.6.136/ide/plugins/com.nxp.mcuxpresso.tools.win32_25.6.0.202501151204/tools/bin/../lib/gcc/arm-none-eabi/14.2.1/thumb/v6-m/nofp\libgcc.a(_udivsi3.o)
                              ./utilities/fsl_str.o (__aeabi_uidiv)
C:/nxp/MCUXpressoIDE_25.6.136/ide/plugins/com.nxp.mcuxpresso.tools.win32_25.6.0.202501151204/tools/bin/../lib/gcc/arm-none-eabi/14.2.1/thumb/v6-m/nofp\libgcc.a(_dvmd_tls.o)
                              C:/nxp/MCUXpressoIDE_25.6.136/ide/plugins/com.nxp.mcuxpresso.tools.win32_25.6.0.202501151204/tools/bin/../lib/gcc/arm-none-eabi/14.2.1/thumb/v6-m/nofp\libgcc.a(_udivsi3.o) (__aeabi_idiv0)
C:/nxp/MCUXpressoIDE_25.6.136/ide/plugins/com.nxp.mcuxpresso.tools.win32_25.6.0.202501151204/tools/bin/../lib/gcc/arm-none-eabi/14.2.1/thumb/v6-m/nofp\libgcc.a(_aeabi_uldivmod.o)
                              ./drivers/fsl_common_arm.o (__aeabi_uldivmod)
C:/nxp/MCUXpressoIDE_25.6.136/ide/plugins/com.nxp.mcuxpresso.tools.win32_25.6.0.202501151204/tools/bin/../lib/gcc/arm-none-eabi/14.2.1/thumb/v6-m/nofp\libgcc.a(_muldi3.o)
                              ./drivers/fsl_common_arm.o (__aeabi_lmul)
C:/nxp/MCUXpressoIDE_25.6.136/ide/plugins/com.nxp.mcuxpresso.tools.win32_25.6.0.202501151204/tools/bin/../lib/gcc/arm-none-eabi/14.2.1/thumb/v6-m/nofp\libgcc.a(_udivmoddi4.o)
                              C:/nxp/MCUXpressoIDE_25.6.136/ide/plugins/com.nxp.mcuxpresso.tools.win32_25.6.0.202501151204/tools/bin/../lib/gcc/arm-none-eabi/14.2.1/thumb/v6-m/nofp\libgcc.a(_aeabi_uldivmod.o) (__udivmoddi4)
C:/nxp/MCUXpressoIDE_25.6.136/ide/plugins/com.nxp.mcuxpresso.tools.win32_25.6.0.202501151204/tools/bin/../lib/gcc/arm-none-eabi/14.2.1/thumb/v6-m/nofp\libgcc.a(_clzdi2.o)
                              C:/nxp/MCUXpressoIDE_25.6.136/ide/plugins/com.nxp.mcuxpresso.tools.win32_25.6.0.202501151204/tools/bin/../lib/gcc/arm-none-eabi/14.2.1/thumb/v6-m/nofp\libgcc.a(_udivmoddi4.o) (__clzdi2)
C:/nxp/MCUXpressoIDE_25.6.136/ide/plugins/com.nxp.mcuxpresso.tools.win32_25.6.0.202501151204/tools/bin/../lib/gcc/arm-none-eabi/14.2.1/thumb/v6-m/nofp\libgcc.a(_clzsi2.o)
                              C:/nxp/MCUXpressoIDE_25.6.136/ide/plugins/com.nxp.mcuxpresso.tools.win32_25.6.0.202501151204/tools/bin/../lib/gcc/arm-none-eabi/14.2.1/thumb/v6-m/nofp\libgcc.a(_clzdi2.o) (__clzsi2)
C:/nxp/MCUXpressoIDE_25.6.136/ide/plugins/com.nxp.mcuxpresso.tools.win32_25.6.0.202501151204/tools/bin/../lib/gcc/arm-none-eabi/14.2.1/thumb/v6-m/nofp\libc_nano.a(libc_a-malloc.o)
                              ./drivers/fsl_common.o (malloc)
C:/nxp/MCUXpressoIDE_25.6.136/ide/plugins/com.nxp.mcuxpresso.tools.win32_25.6.0.202501151204/tools/bin/../lib/gcc/arm-none-eabi/14.2.1/thumb/v6-m/nofp\libc_nano.a(libc_a-mallocr.o)
                              C:/nxp/MCUXpressoIDE_25.6.136/ide/plugins/com.nxp.mcuxpresso.tools.win32_25.6.0.202501151204/tools/bin/../lib/gcc/arm-none-eabi/14.2.1/thumb/v6-m/nofp\libc_nano.a(libc_a-malloc.o) (_malloc_r)
C:/nxp/MCUXpressoIDE_25.6.136/ide/plugins/com.nxp.mcuxpresso.tools.win32_25.6.0.202501151204/tools/bin/../lib/gcc/arm-none-eabi/14.2.1/thumb/v6-m/nofp\libc_nano.a(libc_a-mlock.o)
                              C:/nxp/MCUXpressoIDE_25.6.136/ide/plugins/com.nxp.mcuxpresso.tools.win32_25.6.0.202501151204/tools/bin/../lib/gcc/arm-none-eabi/14.2.1/thumb/v6-m/nofp\libc_nano.a(libc_a-mallocr.o) (__malloc_lock)
C:/nxp/MCUXpressoIDE_25.6.136/ide/plugins/com.nxp.mcuxpresso.tools.win32_25.6.0.202501151204/tools/bin/../lib/gcc/arm-none-eabi/14.2.1/thumb/v6-m/nofp\libc_nano.a(libc_a-strtoul.o)
                              ./utilities/fsl_str.o (strtoul)
C:/nxp/MCUXpressoIDE_25.6.136/ide/plugins/com.nxp.mcuxpresso.tools.win32_25.6.0.202501151204/tools/bin/../lib/gcc/arm-none-eabi/14.2.1/thumb/v6-m/nofp\libc_nano.a(libc_a-ctype_.o)
                              C:/nxp/MCUXpressoIDE_25.6.136/ide/plugins/com.nxp.mcuxpresso.tools.win32_25.6.0.202501151204/tools/bin/../lib/gcc/arm-none-eabi/14.2.1/thumb/v6-m/nofp\libc_nano.a(libc_a-strtoul.o) (_ctype_)
C:/nxp/MCUXpressoIDE_25.6.136/ide/plugins/com.nxp.mcuxpresso.tools.win32_25.6.0.202501151204/tools/bin/../lib/gcc/arm-none-eabi/14.2.1/thumb/v6-m/nofp\libc_nano.a(libc_a-memset.o)
                              ./utilities/fsl_debug_console.o (memset)
C:/nxp/MCUXpressoIDE_25.6.136/ide/plugins/com.nxp.mcuxpresso.tools.win32_25.6.0.202501151204/tools/bin/../lib/gcc/arm-none-eabi/14.2.1/thumb/v6-m/nofp\libc_nano.a(libc_a-impure.o)
                              C:/nxp/MCUXpressoIDE_25.6.136/ide/plugins/com.nxp.mcuxpresso.tools.win32_25.6.0.202501151204/tools/bin/../lib/gcc/arm-none-eabi/14.2.1/thumb/v6-m/nofp\libc_nano.a(libc_a-malloc.o) (_impure_ptr)
C:/nxp/MCUXpressoIDE_25.6.136/ide/plugins/com.nxp.mcuxpresso.tools.win32_25.6.0.202501151204/tools/bin/../lib/gcc/arm-none-eabi/14.2.1/thumb/v6-m/nofp\libc_nano.a(libc_a-sbrkr.o)
[...]
Memory Configuration

Name             Origin             Length             Attributes
PROGRAM_FLASH    0x00000000         0x00040000         xr
SRAM             0x1fffe000         0x00008000         xrw
*default*        0x00000000         0xffffffff

Linker script and memory map

LOAD ./utilities/fsl_assert.o
LOAD ./utilities/fsl_debug_console.o
LOAD ./utilities/fsl_str.o
LOAD ./startup/startup_mcxc444.o
LOAD ./source/main.o
LOAD ./source/mtb.o
LOAD ./source/semihost_hardfault.o
LOAD ./slcd/LCD-S401M16KR.o
LOAD ./slcd/slcd_engine.o
LOAD ./drivers/fsl_clock.o
LOAD ./drivers/fsl_common.o
LOAD ./drivers/fsl_common_arm.o
LOAD ./drivers/fsl_gpio.o
LOAD ./drivers/fsl_llwu.o
LOAD ./drivers/fsl_lptmr.o
LOAD ./drivers/fsl_lpuart.o
LOAD ./drivers/fsl_pmc.o
LOAD ./drivers/fsl_rcm.o
LOAD ./drivers/fsl_slcd.o
LOAD ./drivers/fsl_smc.o
LOAD ./device/system_MCXC444.o
LOAD ./component/uart/fsl_adapter_lpuart.o
LOAD ./component/serial_manager/fsl_component_serial_manager.o
LOAD ./component/serial_manager/fsl_component_serial_port_uart.o
LOAD ./component/lists/fsl_component_generic_list.o
LOAD ./board/board.o
LOAD ./board/clock_config.o
LOAD ./board/peripherals.o
LOAD ./board/pin_mux.o
START GROUP
LOAD C:/nxp/MCUXpressoIDE_25.6.136/ide/plugins/com.nxp.mcuxpresso.tools.win32_25.6.0.202501151204/tools/bin/../lib/gcc/arm-none-eabi/14.2.1/thumb/v6-m/nofp\libgcc.a
LOAD C:/nxp/MCUXpressoIDE_25.6.136/ide/plugins/com.nxp.mcuxpresso.tools.win32_25.6.0.202501151204/tools/bin/../lib/gcc/arm-none-eabi/14.2.1/thumb/v6-m/nofp\libc_nano.a
LOAD C:/nxp/MCUXpressoIDE_25.6.136/ide/plugins/com.nxp.mcuxpresso.tools.win32_25.6.0.202501151204/tools/bin/../lib/gcc/arm-none-eabi/14.2.1/thumb/v6-m/nofp\libm.a
LOAD C:/nxp/MCUXpressoIDE_25.6.136/ide/plugins/com.nxp.mcuxpresso.tools.win32_25.6.0.202501151204/tools/bin/../lib/gcc/arm-none-eabi/14.2.1/../../../../arm-none-eabi/lib/thumb/v6-m/nofp\libcr_newlib_nohost.a
END GROUP
                0x00000000                        __base_PROGRAM_FLASH = 0x0
                0x00000000                        __base_Flash = 0x0
                0x00040000                        __top_PROGRAM_FLASH = 0x40000
                0x00040000                        __top_Flash = 0x40000
                0x1fffe000                        __base_SRAM = 0x1fffe000
                0x1fffe000                        __base_RAM = 0x1fffe000
                0x20006000                        __top_SRAM = 0x20006000
                0x20006000                        __top_RAM = 0x20006000

.text           0x00000000     0x513c
 FILL mask 0xff
                0x00000000                        __vectors_start__ = ABSOLUTE (.)
 *(SORT_BY_ALIGNMENT(.isr_vector))
 .isr_vector    0x00000000       0xc0 ./startup/startup_mcxc444.o
                0x00000000                g_pfnVectors
                0x00000000                __Vectors
                0x000000c0                        . = ALIGN (0x4)
                0x000000c0                        __section_table_start = .
                0x000000c0                        __data_section_table = .
                0x000000c0        0x4 LONG 0x513c LOADADDR (.data)
                0x000000c4        0x4 LONG 0x1fffe080 ADDR (.data)
                0x000000c8        0x4 LONG 0xd0 SIZEOF (.data)
                0x000000cc                        __data_section_table_end = .
                0x000000cc                        __bss_section_table = .
                0x000000cc        0x4 LONG 0x1fffe150 ADDR (.bss)
                0x000000d0        0x4 LONG 0x48 SIZEOF (.bss)
                0x000000d4                        __bss_section_table_end = .
                0x000000d4                        __section_table_end = .
 *(SORT_BY_ALIGNMENT(.after_vectors*))
 .after_vectors.reset
                0x000000d4       0x4c ./startup/startup_mcxc444.o
                0x000000d4                ResetISR
 .after_vectors.init_data
                0x00000120       0x12 ./startup/startup_mcxc444.o
                0x00000120                data_init
 .after_vectors.init_bss
                0x00000132       0x10 ./startup/startup_mcxc444.o
                0x00000132                bss_init
 .after_vectors
                0x00000142      0x10c ./startup/startup_mcxc444.o
                0x00000142                NMI_Handler
                0x00000146                SVC_Handler
                0x00000148                PendSV_Handler
                0x0000014a                SysTick_Handler
                0x0000014c                PIT_DriverIRQHandler
                0x0000014c                LPTMR0_DriverIRQHandler
                0x0000014c                Reserved42_DriverIRQHandler
                0x0000014c                PORTC_PORTD_DriverIRQHandler
                0x0000014c                DMA0_DriverIRQHandler
                0x0000014c                I2C0_DriverIRQHandler
                0x0000014c                SPI1_DriverIRQHandler
                0x0000014c                Reserved43_DriverIRQHandler
                0x0000014c                I2S0_DriverIRQHandler
                0x0000014c                DMA2_DriverIRQHandler
                0x0000014c                TPM2_DriverIRQHandler
                0x0000014c                CMP0_DriverIRQHandler
                0x0000014c                ADC0_DriverIRQHandler
                0x0000014c                RTC_Seconds_DriverIRQHandler
                0x0000014c                LLWU_DriverIRQHandler
                0x0000014c                SPI0_DriverIRQHandler
                0x0000014c                I2C1_DriverIRQHandler
                0x0000014c                DMA1_DriverIRQHandler
                0x0000014c                FTFA_DriverIRQHandler
                0x0000014c                IntDefaultHandler
                0x0000014c                USB0_DriverIRQHandler
                0x0000014c                DAC0_DriverIRQHandler
                0x0000014c                TPM0_DriverIRQHandler
                0x0000014c                PMC_DriverIRQHandler
                0x0000014c                LCD_DriverIRQHandler
                0x0000014c                RTC_DriverIRQHandler
                0x0000014c                TPM1_DriverIRQHandler
                0x0000014c                Reserved20_DriverIRQHandler
                0x0000014c                DMA3_DriverIRQHandler
                0x0000014c                PORTA_DriverIRQHandler
                0x0000014c                UART2_FLEXIO_DriverIRQHandler
                0x0000014e                DMA0_IRQHandler
                0x00000156                DMA1_IRQHandler
                0x0000015e                DMA2_IRQHandler
                0x00000166                DMA3_IRQHandler
                0x0000016e                Reserved20_IRQHandler
                0x00000176                FTFA_IRQHandler
                0x0000017e                PMC_IRQHandler
                0x0000018e                I2C0_IRQHandler
                0x00000196                I2C1_IRQHandler
                0x0000019e                SPI0_IRQHandler
                0x000001a6                SPI1_IRQHandler
                0x000001ae                LPUART0_IRQHandler
                0x000001b6                LPUART1_IRQHandler
                0x000001be                UART2_FLEXIO_IRQHandler
                0x000001c6                ADC0_IRQHandler
                0x000001ce                CMP0_IRQHandler
                0x000001d6                TPM0_IRQHandler
                0x000001de                TPM1_IRQHandler
                0x000001e6                TPM2_IRQHandler
                0x000001ee                RTC_IRQHandler
                0x000001f6                RTC_Seconds_IRQHandler
                0x000001fe                PIT_IRQHandler
                0x00000206                I2S0_IRQHandler
                0x0000020e                USB0_IRQHandler
                0x00000216                DAC0_IRQHandler
                0x0000021e                Reserved42_IRQHandler
                0x00000226                Reserved43_IRQHandler
                0x00000236                LCD_IRQHandler
                0x0000023e                PORTA_IRQHandler
                0x00000400                        . = 0x400
 *fill*         0x0000024e      0x1b2 ff
                0x00000400                        PROVIDE (__FLASH_CONFIG_START__ = .)
 *(SORT_BY_ALIGNMENT(.FlashConfig))
 .FlashConfig   0x00000400       0x10 ./startup/startup_mcxc444.o
                0x00000400                Flash_Config
                0x00000410                        PROVIDE (__FLASH_CONFIG_END__ = .)
                0x00000001                        ASSERT (! ((__FLASH_CONFIG_START__ == __FLASH_CONFIG_END__)), Linker Flash Config Support Enabled, but no .FlashConfig section provided within application)
 *(SORT_BY_ALIGNMENT(.text*))
 .text.__assert_func
                0x00000410       0x34 ./utilities/fsl_assert.o
                0x00000410                __assert_func
 .text.DbgConsole_ReadOneCharacter
                0x00000444       0x58 ./utilities/fsl_debug_console.o
                0x00000444                DbgConsole_ReadOneCharacter
 .text.DbgConsole_SendDataReliable
                0x0000049c       0x5c ./utilities/fsl_debug_console.o
                0x0000049c                DbgConsole_SendDataReliable
 .text.DbgConsole_ReadCharacter
                0x000004f8       0x44 ./utilities/fsl_debug_console.o
                0x000004f8                DbgConsole_ReadCharacter
 .text.DbgConsole_Init
                0x0000053c      0x1a4 ./utilities/fsl_debug_console.o
                0x0000053c                DbgConsole_Init
 .text.DbgConsole_Deinit
                0x000006e0       0x68 ./utilities/fsl_debug_console.o
                0x000006e0                DbgConsole_Deinit
 .text.DbgConsole_Vprintf
                0x00000748       0x70 ./utilities/fsl_debug_console.o
                0x00000748                DbgConsole_Vprintf
 .text.__NVIC_EnableIRQ
                0x000007b8       0x34 ./source/main.o
 .text.__NVIC_ClearPendingIRQ
                0x000007ec       0x38 ./source/main.o
 .text.CLOCK_SetLpuart0Clock
                0x00000824       0x38 ./source/main.o
 .text.LPTMR_SetTimerPeriod
                0x0000085c       0x40 ./source/main.o
 .text.PORT_SetPinMux
                0x0000089c       0x40 ./source/main.o
 .text.PORT_SetPinInterruptConfig
                0x000008dc       0x40 ./source/main.o
 .text.APP_PowerPreSwitchHook
                0x0000091c       0xa8 ./source/main.o
                0x0000091c                APP_PowerPreSwitchHook
 .text.APP_PowerPostSwitchHook
                0x000009c4       0x78 ./source/main.o
                0x000009c4                APP_PowerPostSwitchHook
 .text.LLWU_IRQHandler
                0x00000a3c       0x70 ./source/main.o
                0x00000a3c                LLWU_IRQHandler
 .text.LPTMR0_IRQHandler
                0x00000aac       0x3c ./source/main.o
                0x00000aac                LPTMR0_IRQHandler
 .text.PORTC_PORTD_IRQHandler
                0x00000ae8       0x34 ./source/main.o
                0x00000ae8                PORTC_PORTD_IRQHandler
 .text.APP_GetWakeupTimeout
                0x00000b1c       0x84 ./source/main.o
 .text.APP_GetWakeupSource
                0x00000ba0       0x90 ./source/main.o
 .text.APP_GetWakeupConfig
                0x00000c30       0x84 ./source/main.o
                0x00000c30                APP_GetWakeupConfig
 .text.APP_SetWakeupConfig
                0x00000cb4       0xc0 ./source/main.o
                0x00000cb4                APP_SetWakeupConfig
 .text.APP_ShowPowerMode
                0x00000d74       0x84 ./source/main.o
                0x00000d74                APP_ShowPowerMode
 .text.APP_CheckPowerMode
                0x00000df8       0xd8 ./source/main.o
                0x00000df8                APP_CheckPowerMode
 .text.APP_PowerModeSwitch
                0x00000ed0      0x14c ./source/main.o
                0x00000ed0                APP_PowerModeSwitch
 .text.BOARD_SetSlcdBackPlanePhase
                0x0000101c       0x40 ./source/main.o
                0x0000101c                BOARD_SetSlcdBackPlanePhase
 .text.SLCD_SetLCDPin
                0x0000105c       0xfc ./source/main.o
 .text.main     0x00001158      0x328 ./source/main.o
                0x00001158                main
 .text.HardFault_Handler
                0x00001480       0x38 ./source/semihost_hardfault.o
                0x00001480                HardFault_Handler
 .text.SLCD_Engine_Show_Num
                0x000014b8       0x8c ./slcd/slcd_engine.o
                0x000014b8                SLCD_Engine_Show_Num
 .text.CLOCK_SetEr32kClock
                0x00001544       0x34 ./drivers/fsl_clock.o
 .text.CLOCK_GetLircClkFreq
                0x00001578       0x50 ./drivers/fsl_clock.o
 .text.CLOCK_GetOscRangeFromFreq
                0x000015c8       0x4c ./drivers/fsl_clock.o
 .text.CLOCK_GetOsc0ErClkFreq
                0x00001614       0x50 ./drivers/fsl_clock.o
                0x00001614                CLOCK_GetOsc0ErClkFreq
 .text.CLOCK_GetEr32kClkFreq
                0x00001664       0x84 ./drivers/fsl_clock.o
                0x00001664                CLOCK_GetEr32kClkFreq
 .text.CLOCK_GetFreq
                0x000016e8       0xc0 ./drivers/fsl_clock.o
                0x000016e8                CLOCK_GetFreq
 .text.CLOCK_SetSimConfig
                0x000017a8       0x2c ./drivers/fsl_clock.o
                0x000017a8                CLOCK_SetSimConfig
 .text.CLOCK_GetInternalRefClkFreq
                0x000017d4       0x48 ./drivers/fsl_clock.o
                0x000017d4                CLOCK_GetInternalRefClkFreq
 .text.CLOCK_GetPeriphClkFreq
                0x0000181c       0x3c ./drivers/fsl_clock.o
                0x0000181c                CLOCK_GetPeriphClkFreq
 .text.CLOCK_GetOutClkFreq
                0x00001858       0x88 ./drivers/fsl_clock.o
                0x00001858                CLOCK_GetOutClkFreq
 .text.CLOCK_SetMcgliteConfig
                0x000018e0      0x120 ./drivers/fsl_clock.o
                0x000018e0                CLOCK_SetMcgliteConfig
 .text.CLOCK_InitOsc0
                0x00001a00       0x94 ./drivers/fsl_clock.o
                0x00001a00                CLOCK_InitOsc0
 .text.CLOCK_EnableClock
                0x00001a94       0x34 ./drivers/fsl_lptmr.o
 .text.LPTMR_GetInstance
                0x00001ac8       0x54 ./drivers/fsl_lptmr.o
 .text.LPTMR_Init
                0x00001b1c       0xa0 ./drivers/fsl_lptmr.o
                0x00001b1c                LPTMR_Init
 .text.LPTMR_GetDefaultConfig
                0x00001bbc       0x64 ./drivers/fsl_lptmr.o
                0x00001bbc                LPTMR_GetDefaultConfig
 .text.CLOCK_EnableClock
                0x00001c20       0x34 ./drivers/fsl_lpuart.o
 .text.CLOCK_DisableClock
                0x00001c54       0x38 ./drivers/fsl_lpuart.o
 .text.LPUART_GetInstance
                0x00001c8c       0x58 ./drivers/fsl_lpuart.o
                0x00001c8c                LPUART_GetInstance
 .text.LPUART_Init
                0x00001ce4      0x2d8 ./drivers/fsl_lpuart.o
                0x00001ce4                LPUART_Init
 .text.LPUART_Deinit
                0x00001fbc       0x6c ./drivers/fsl_lpuart.o
                0x00001fbc                LPUART_Deinit
 .text.LPUART_GetDefaultConfig
                0x00002028       0x78 ./drivers/fsl_lpuart.o
                0x00002028                LPUART_GetDefaultConfig
 .text.LPUART_GetStatusFlags
                0x000020a0       0x24 ./drivers/fsl_lpuart.o
                0x000020a0                LPUART_GetStatusFlags
 .text.LPUART_ClearStatusFlags
                0x000020c4       0x54 ./drivers/fsl_lpuart.o
                0x000020c4                LPUART_ClearStatusFlags
 .text.LPUART_WriteBlocking
                0x00002118       0x7c ./drivers/fsl_lpuart.o
                0x00002118                LPUART_WriteBlocking
 .text.LPUART_ReadBlocking
                0x00002194      0x12c ./drivers/fsl_lpuart.o
                0x00002194                LPUART_ReadBlocking
 .text.LPUART0_DriverIRQHandler
                0x000022c0       0x24 ./drivers/fsl_lpuart.o
                0x000022c0                LPUART0_DriverIRQHandler
 .text.LPUART1_DriverIRQHandler
                0x000022e4       0x24 ./drivers/fsl_lpuart.o
                0x000022e4                LPUART1_DriverIRQHandler
 .text.__NVIC_EnableIRQ
                0x00002308       0x34 ./drivers/fsl_slcd.o
 .text.CLOCK_EnableClock
                0x0000233c       0x34 ./drivers/fsl_slcd.o
 .text.SLCD_GetInstance
                0x00002370       0x54 ./drivers/fsl_slcd.o
 .text.SLCD_Init
                0x000023c4      0x278 ./drivers/fsl_slcd.o
                0x000023c4                SLCD_Init
 .text.SLCD_GetDefaultConfig
                0x0000263c       0x58 ./drivers/fsl_slcd.o
                0x0000263c                SLCD_GetDefaultConfig
 .text.SMC_EnterStopRamFunc
                0x00002694       0x20 ./drivers/fsl_smc.o
 .text.SMC_PreEnterStopModes
                0x000026b4       0x20 ./drivers/fsl_smc.o
                0x000026b4                SMC_PreEnterStopModes
 .text.SMC_PostExitStopModes
                0x000026d4       0x20 ./drivers/fsl_smc.o
                0x000026d4                SMC_PostExitStopModes
 .text.SMC_PreEnterWaitModes
                0x000026f4       0x20 ./drivers/fsl_smc.o
                0x000026f4                SMC_PreEnterWaitModes
 .text.SMC_PostExitWaitModes
                0x00002714       0x20 ./drivers/fsl_smc.o
                0x00002714                SMC_PostExitWaitModes
 .text.SMC_SetPowerModeWait
                0x00002734       0x30 ./drivers/fsl_smc.o
                0x00002734                SMC_SetPowerModeWait
 .text.SMC_SetPowerModeStop
                0x00002764       0xa0 ./drivers/fsl_smc.o
                0x00002764                SMC_SetPowerModeStop
 .text.SMC_SetPowerModeVlpw
                0x00002804       0x30 ./drivers/fsl_smc.o
                0x00002804                SMC_SetPowerModeVlpw
 .text.SMC_SetPowerModeVlps
                0x00002834       0x6c ./drivers/fsl_smc.o
                0x00002834                SMC_SetPowerModeVlps
 .text.SMC_SetPowerModeLls
                0x000028a0       0x6c ./drivers/fsl_smc.o
                0x000028a0                SMC_SetPowerModeLls
 .text.SMC_SetPowerModeVlls
                0x0000290c       0xc8 ./drivers/fsl_smc.o
                0x0000290c                SMC_SetPowerModeVlls
 .text.SystemInit
                0x000029d4       0x40 ./device/system_MCXC444.o
                0x000029d4                SystemInit
 .text.HAL_UartGetStatus
                0x00002a14       0x34 ./component/uart/fsl_adapter_lpuart.o
 .text.HAL_UartInitCommon
                0x00002a48       0xa0 ./component/uart/fsl_adapter_lpuart.o
 .text.HAL_UartInit
                0x00002ae8       0xc0 ./component/uart/fsl_adapter_lpuart.o
                0x00002ae8                HAL_UartInit
 .text.HAL_UartDeinit
                0x00002ba8       0x50 ./component/uart/fsl_adapter_lpuart.o
                0x00002ba8                HAL_UartDeinit
 .text.HAL_UartReceiveBlocking
                0x00002bf8       0x94 ./component/uart/fsl_adapter_lpuart.o
                0x00002bf8                HAL_UartReceiveBlocking
 .text.HAL_UartSendBlocking
                0x00002c8c       0x8c ./component/uart/fsl_adapter_lpuart.o
                0x00002c8c                HAL_UartSendBlocking
 .text.SerialManager_StartWriting
                0x00002d18       0x44 ./component/serial_manager/fsl_component_serial_manager.o
 .text.SerialManager_StartReading
                0x00002d5c       0x44 ./component/serial_manager/fsl_component_serial_manager.o
 .text.SerialManager_Init
                0x00002da0       0x70 ./component/serial_manager/fsl_component_serial_manager.o
                0x00002da0                SerialManager_Init
 .text.SerialManager_Deinit
                0x00002e10       0x5c ./component/serial_manager/fsl_component_serial_manager.o
                0x00002e10                SerialManager_Deinit
 .text.SerialManager_OpenReadHandle
                0x00002e6c       0x74 ./component/serial_manager/fsl_component_serial_manager.o
                0x00002e6c                SerialManager_OpenReadHandle
 .text.CLOCK_SetSimSafeDivs
                0x00002ee0       0x20 ./board/clock_config.o
 .text.CLOCK_SetXtal0Freq
                0x00002f00       0x1c ./board/clock_config.o
 .text.BOARD_BootClockRUN
                0x00002f1c       0x4c ./board/clock_config.o
                0x00002f1c                BOARD_BootClockRUN
 .text.BOARD_BootClockVLPR
                0x00002f68       0x70 ./board/clock_config.o
                0x00002f68                BOARD_BootClockVLPR
 .text.CLOCK_EnableClock
                0x00002fd8       0x34 ./board/pin_mux.o
 .text.PORT_SetPinMux
                0x0000300c       0x40 ./board/pin_mux.o
 .text.BOARD_InitLCDPins
                0x0000304c       0xdc ./board/pin_mux.o
                0x0000304c                BOARD_InitLCDPins
 .text.BOARD_InitDbgUARTPins
                0x00003128       0x4c ./board/pin_mux.o
                0x00003128                BOARD_InitDbgUARTPins
 .text.BOARD_InitWKUPPins
                0x00003174       0x28 ./board/pin_mux.o
                0x00003174                BOARD_InitWKUPPins
 .text.BOARD_InitNMIPins
                0x0000319c       0x28 ./board/pin_mux.o
                0x0000319c                BOARD_InitNMIPins
 .text          0x000031c4      0x114 C:/nxp/MCUXpressoIDE_25.6.136/ide/plugins/com.nxp.mcuxpresso.tools.win32_25.6.0.202501151204/tools/bin/../lib/gcc/arm-none-eabi/14.2.1/thumb/v6-m/nofp\libgcc.a(_udivsi3.o)
                0x000031c4                __aeabi_uidiv
                0x000031c4                __udivsi3
                0x000032d0                __aeabi_uidivmod
 .text          0x000032d8        0x4 C:/nxp/MCUXpressoIDE_25.6.136/ide/plugins/com.nxp.mcuxpresso.tools.win32_25.6.0.202501151204/tools/bin/../lib/gcc/arm-none-eabi/14.2.1/thumb/v6-m/nofp\libgcc.a(_dvmd_tls.o)
                0x000032d8                __aeabi_idiv0
                0x000032d8                __aeabi_ldiv0
 .text.fsl_assert_hook
                0x000032dc       0x16 ./utilities/fsl_assert.o
                0x000032dc                fsl_assert_hook
 .text.DbgConsole_PrintCallback
                0x000032f2       0x6c ./utilities/fsl_debug_console.o
 .text.DbgConsole_Printf
                0x0000335e       0x32 ./utilities/fsl_debug_console.o
                0x0000335e                DbgConsole_Printf
 .text.DbgConsole_Getchar
                0x00003390       0x2e ./utilities/fsl_debug_console.o
                0x00003390                DbgConsole_Getchar
 .text.PrintGetWidth
                0x000033be       0x7c ./utilities/fsl_str.o
 .text.PrintGetPrecision
                0x0000343a       0xa0 ./utilities/fsl_str.o
 .text.PrintIsobpu
                0x000034da       0x3e ./utilities/fsl_str.o
 .text.PrintIsdi
                0x00003518       0x2e ./utilities/fsl_str.o
 .text.PrintOutputdifFobpu
                0x00003546       0x48 ./utilities/fsl_str.o
 .text.PrintOutputxX
                0x0000358e       0x48 ./utilities/fsl_str.o
 .text.PrintIsfF
                0x000035d6       0x2e ./utilities/fsl_str.o
 .text.PrintIsxX
                0x00003604       0x2e ./utilities/fsl_str.o
 .text.PrintFilterLengthFlag
                0x00003632       0x44 ./utilities/fsl_str.o
 .text.PrintGetRadixFromobpu
                0x00003676       0x58 ./utilities/fsl_str.o
 .text.ConvertRadixNumToString
                0x000036ce       0xc0 ./utilities/fsl_str.o
 .text.StrFormatExaminedi
                0x0000378e       0x22 ./utilities/fsl_str.o
 .text.StrFormatExaminexX
                0x000037b0       0x22 ./utilities/fsl_str.o
 .text.StrFormatExamineobpu
                0x000037d2       0x22 ./utilities/fsl_str.o
 .text.ConvertPrecisionWidthToLength
                0x000037f4       0x22 ./utilities/fsl_str.o
 .text.StrFormatPrintf
                0x00003816      0x2d6 ./utilities/fsl_str.o
                0x00003816                StrFormatPrintf
 .text.LLWU_EnableInternalModuleInterruptWakup
                0x00003aec       0x54 ./source/main.o
 .text.LLWU_GetInternalWakeupModuleFlag
                0x00003b40       0x32 ./source/main.o
 .text.LPTMR_EnableInterrupts
                0x00003b72       0x2e ./source/main.o
 .text.LPTMR_DisableInterrupts
                0x00003ba0       0x30 ./source/main.o
 .text.LPTMR_GetEnabledInterrupts
                0x00003bd0       0x18 ./source/main.o
 .text.LPTMR_ClearStatusFlags
                0x00003be8       0x1e ./source/main.o
 .text.LPTMR_StartTimer
                0x00003c06       0x2c ./source/main.o
 .text.LPTMR_StopTimer
                0x00003c32       0x2c ./source/main.o
 .text.PMC_ClearPeriphIOIsolationFlag
                0x00003c5e       0x20 ./source/main.o
 .text.PORT_GetPinsInterruptFlags
                0x00003c7e       0x16 ./source/main.o
 .text.PORT_ClearPinsInterruptFlags
                0x00003c94       0x1a ./source/main.o
 .text.RCM_GetPreviousResetSources
                0x00003cae       0x30 ./source/main.o
 .text.SLCD_StartDisplay
                0x00003cde       0x1c ./source/main.o
 .text.SLCD_SetBackPlanePhase
                0x00003cfa       0x26 ./source/main.o
 .text.SLCD_SetFrontPlaneSegments
                0x00003d20       0x26 ./source/main.o
 .text.SLCD_SetFrontPlaneOnePhase
                0x00003d46       0x84 ./source/main.o
 .text.SMC_SetPowerModeProtection
                0x00003dca       0x1e ./source/main.o
 .text.SMC_GetPowerModeState
                0x00003de8       0x16 ./source/main.o
 .text.APP_InitDefaultDebugConsole
                0x00003dfe       0x2c ./source/main.o
 .text.APP_InitVlprDebugConsole
                0x00003e2a       0x2c ./source/main.o
 .text.SLCD_Engine_Init
                0x00003e56       0x18 ./slcd/slcd_engine.o
                0x00003e56                SLCD_Engine_Init
 .text.OSC_SetExtRefClkConfig
                0x00003e6e       0x3e ./drivers/fsl_clock.o
 .text.OSC_SetCapLoad
                0x00003eac       0x42 ./drivers/fsl_clock.o
 .text.LLWU_SetExternalWakeupPinMode
                0x00003eee       0xb0 ./drivers/fsl_llwu.o
                0x00003eee                LLWU_SetExternalWakeupPinMode
 .text.LLWU_GetExternalWakeupPinFlag
                0x00003f9e       0x74 ./drivers/fsl_llwu.o
                0x00003f9e                LLWU_GetExternalWakeupPinFlag
 .text.LLWU_ClearExternalWakeupPinFlag
                0x00004012       0x4c ./drivers/fsl_llwu.o
                0x00004012                LLWU_ClearExternalWakeupPinFlag
 .text.EnableIRQ
                0x0000405e       0x36 ./drivers/fsl_slcd.o
 .text.DisableGlobalIRQ
                0x00004094       0x1e ./drivers/fsl_smc.o
 .text.EnableGlobalIRQ
                0x000040b2       0x1c ./drivers/fsl_smc.o
 .text.SMC_SetPowerModeRun
                0x000040ce       0x38 ./drivers/fsl_smc.o
                0x000040ce                SMC_SetPowerModeRun
 .text.SMC_SetPowerModeVlpr
                0x00004106       0x3c ./drivers/fsl_smc.o
                0x00004106                SMC_SetPowerModeVlpr
 .text.SystemInitHook
                0x00004142        0xa ./device/system_MCXC444.o
                0x00004142                SystemInitHook
 .text.DisableGlobalIRQ
                0x0000414c       0x1e ./component/serial_manager/fsl_component_serial_manager.o
 .text.EnableGlobalIRQ
                0x0000416a       0x1c ./component/serial_manager/fsl_component_serial_manager.o
 .text.SerialManager_Write
                0x00004186       0x44 ./component/serial_manager/fsl_component_serial_manager.o
 .text.SerialManager_Read
                0x000041ca       0x44 ./component/serial_manager/fsl_component_serial_manager.o
 .text.SerialManager_OpenWriteHandle
                0x0000420e       0x56 ./component/serial_manager/fsl_component_serial_manager.o
                0x0000420e                SerialManager_OpenWriteHandle
 .text.SerialManager_CloseWriteHandle
                0x00004264       0x56 ./component/serial_manager/fsl_component_serial_manager.o
                0x00004264                SerialManager_CloseWriteHandle
 .text.SerialManager_CloseReadHandle
                0x000042ba       0x56 ./component/serial_manager/fsl_component_serial_manager.o
                0x000042ba                SerialManager_CloseReadHandle
 .text.SerialManager_WriteBlocking
                0x00004310       0x22 ./component/serial_manager/fsl_component_serial_manager.o
                0x00004310                SerialManager_WriteBlocking
 .text.SerialManager_ReadBlocking
                0x00004332       0x22 ./component/serial_manager/fsl_component_serial_manager.o
                0x00004332                SerialManager_ReadBlocking
 .text.Serial_UartInit
                0x00004354       0x4e ./component/serial_manager/fsl_component_serial_port_uart.o
                0x00004354                Serial_UartInit
 .text.Serial_UartDeinit
                0x000043a2       0x24 ./component/serial_manager/fsl_component_serial_port_uart.o
                0x000043a2                Serial_UartDeinit
 .text.Serial_UartWrite
                0x000043c6       0x38 ./component/serial_manager/fsl_component_serial_port_uart.o
                0x000043c6                Serial_UartWrite
 .text.Serial_UartRead
                0x000043fe       0x38 ./component/serial_manager/fsl_component_serial_port_uart.o
                0x000043fe                Serial_UartRead
 .text.SMC_SetPowerModeProtection
                0x00004436       0x1e ./board/clock_config.o
 .text.SMC_GetPowerModeState
                0x00004454       0x16 ./board/clock_config.o
 .text.BOARD_InitBootClocks
                0x0000446a        0xe ./board/clock_config.o
                0x0000446a                BOARD_InitBootClocks
 .text.BOARD_InitBootPins
                0x00004478       0x1a ./board/pin_mux.o
                0x00004478                BOARD_InitBootPins
 .text.memset   0x00004492       0x10 C:/nxp/MCUXpressoIDE_25.6.136/ide/plugins/com.nxp.mcuxpresso.tools.win32_25.6.0.202501151204/tools/bin/../lib/gcc/arm-none-eabi/14.2.1/thumb/v6-m/nofp\libc_nano.a(libc_a-memset.o)
                0x00004492                memset
 .text.memcpy   0x000044a2       0x12 C:/nxp/MCUXpressoIDE_25.6.136/ide/plugins/com.nxp.mcuxpresso.tools.win32_25.6.0.202501151204/tools/bin/../lib/gcc/arm-none-eabi/14.2.1/thumb/v6-m/nofp\libc_nano.a(libc_a-memcpy-stub.o)
                0x000044a2                memcpy
 .text          0x000044b4        0xe C:/nxp/MCUXpressoIDE_25.6.136/ide/plugins/com.nxp.mcuxpresso.tools.win32_25.6.0.202501151204/tools/bin/../lib/gcc/arm-none-eabi/14.2.1/thumb/v6-m/nofp\libc_nano.a(libc_a-strlen.o)
                0x000044b4                strlen
 *(SORT_BY_ALIGNMENT(.rodata) SORT_BY_ALIGNMENT(.rodata.*) SORT_BY_ALIGNMENT(.constdata) SORT_BY_ALIGNMENT(.constdata.*))
 *fill*         0x000044c2        0x2 ff
 .rodata.__assert_func.str1.4
                0x000044c4      0x8c0 ./utilities/fsl_assert.o
                                 0x3e (size before relaxing)
 .rodata.LPTMR_SetTimerPeriod.str1.4
                0x00004d84       0x5d ./source/main.o
 .rodata.slcd_lcd_gpio_seg_pin
                0x00004d84        0x8 ./source/main.o
                0x00004d84                slcd_lcd_gpio_seg_pin
 .rodata.APP_GetWakeupTimeout.str1.4
                0x00004d8c       0xb7 ./source/main.o
 .rodata.APP_GetWakeupSource.str1.4
                0x00004d8c       0x8e ./source/main.o
 .rodata.APP_GetWakeupConfig.str1.4
                0x00004d8c       0x7b ./source/main.o
 .rodata.APP_ShowPowerMode.str1.4
                0x00004d8c       0x47 ./source/main.o
 .rodata.APP_CheckPowerMode.str1.4
                0x00004d8c       0xa0 ./source/main.o
 .rodata.APP_PowerModeSwitch.str1.4
                0x00004d8c        0xc ./source/main.o
 .rodata.APP_PowerModeSwitch
                0x00004d8c       0x28 ./source/main.o
 .rodata.SLCD_SetLCDPin.str1.4
                0x00004db4       0x13 ./source/main.o
 .rodata.main.str1.4
                0x00004db4      0x356 ./source/main.o
 .rodata.__func__.1
                0x00004db4       0x15 ./source/main.o
 *fill*         0x00004dc9        0x3 ff
 .rodata.__func__.0
                0x00004dcc        0xf ./source/main.o
 *fill*         0x00004ddb        0x1 ff
 .rodata.SLCD_NumPos1_Num0
                0x00004ddc        0x6 ./slcd/LCD-S401M16KR.o
 *fill*         0x00004de2        0x2 ff
 .rodata.SLCD_NumPos1_Num1
                0x00004de4        0x6 ./slcd/LCD-S401M16KR.o
 *fill*         0x00004dea        0x2 ff
 .rodata.SLCD_NumPos1_Num2
                0x00004dec        0x6 ./slcd/LCD-S401M16KR.o
 *fill*         0x00004df2        0x2 ff
 .rodata.SLCD_NumPos1_Num3
                0x00004df4        0x6 ./slcd/LCD-S401M16KR.o
 *fill*         0x00004dfa        0x2 ff
 .rodata.SLCD_NumPos1_Num4
                0x00004dfc        0x6 ./slcd/LCD-S401M16KR.o
 *fill*         0x00004e02        0x2 ff
 .rodata.SLCD_NumPos1_Num5
                0x00004e04        0x6 ./slcd/LCD-S401M16KR.o
 *fill*         0x00004e0a        0x2 ff
 .rodata.SLCD_NumPos1_Num6
                0x00004e0c        0x6 ./slcd/LCD-S401M16KR.o
 *fill*         0x00004e12        0x2 ff
 .rodata.SLCD_NumPos1_Num7
                0x00004e14        0x6 ./slcd/LCD-S401M16KR.o
 *fill*         0x00004e1a        0x2 ff
 .rodata.SLCD_NumPos1_Num8
                0x00004e1c        0x6 ./slcd/LCD-S401M16KR.o
 *fill*         0x00004e22        0x2 ff
 .rodata.SLCD_NumPos1_Num9
                0x00004e24        0x6 ./slcd/LCD-S401M16KR.o
 *fill*         0x00004e2a        0x2 ff
 .rodata.SLCD_NumPos2_Num0
                0x00004e2c        0x6 ./slcd/LCD-S401M16KR.o
 *fill*         0x00004e32        0x2 ff
 .rodata.SLCD_NumPos2_Num1
                0x00004e34        0x6 ./slcd/LCD-S401M16KR.o
 *fill*         0x00004e3a        0x2 ff
 .rodata.SLCD_NumPos2_Num2
                0x00004e3c        0x6 ./slcd/LCD-S401M16KR.o
 *fill*         0x00004e42        0x2 ff
 .rodata.SLCD_NumPos2_Num3
                0x00004e44        0x6 ./slcd/LCD-S401M16KR.o
 *fill*         0x00004e4a        0x2 ff
 .rodata.SLCD_NumPos2_Num4
                0x00004e4c        0x6 ./slcd/LCD-S401M16KR.o
 *fill*         0x00004e52        0x2 ff
 .rodata.SLCD_NumPos2_Num5
                0x00004e54        0x6 ./slcd/LCD-S401M16KR.o
 *fill*         0x00004e5a        0x2 ff
 .rodata.SLCD_NumPos2_Num6
                0x00004e5c        0x6 ./slcd/LCD-S401M16KR.o
 *fill*         0x00004e62        0x2 ff
 .rodata.SLCD_NumPos2_Num7
                0x00004e64        0x6 ./slcd/LCD-S401M16KR.o
 *fill*         0x00004e6a        0x2 ff
 .rodata.SLCD_NumPos2_Num8
                0x00004e6c        0x6 ./slcd/LCD-S401M16KR.o
 *fill*         0x00004e72        0x2 ff
 .rodata.SLCD_NumPos2_Num9
                0x00004e74        0x6 ./slcd/LCD-S401M16KR.o
 *fill*         0x00004e7a        0x2 ff
 .rodata.SLCD_NumPos3_Num0
                0x00004e7c        0x6 ./slcd/LCD-S401M16KR.o
 *fill*         0x00004e82        0x2 ff
 .rodata.SLCD_NumPos3_Num1
                0x00004e84        0x6 ./slcd/LCD-S401M16KR.o
 *fill*         0x00004e8a        0x2 ff
 .rodata.SLCD_NumPos3_Num2
                0x00004e8c        0x6 ./slcd/LCD-S401M16KR.o
 *fill*         0x00004e92        0x2 ff
 .rodata.SLCD_NumPos3_Num3
                0x00004e94        0x6 ./slcd/LCD-S401M16KR.o
 *fill*         0x00004e9a        0x2 ff
 .rodata.SLCD_NumPos3_Num4
                0x00004e9c        0x6 ./slcd/LCD-S401M16KR.o
 *fill*         0x00004ea2        0x2 ff
 .rodata.SLCD_NumPos3_Num5
                0x00004ea4        0x6 ./slcd/LCD-S401M16KR.o
 *fill*         0x00004eaa        0x2 ff
 .rodata.SLCD_NumPos3_Num6
                0x00004eac        0x6 ./slcd/LCD-S401M16KR.o
 *fill*         0x00004eb2        0x2 ff
 .rodata.SLCD_NumPos3_Num7
                0x00004eb4        0x6 ./slcd/LCD-S401M16KR.o
 *fill*         0x00004eba        0x2 ff
 .rodata.SLCD_NumPos3_Num8
                0x00004ebc        0x6 ./slcd/LCD-S401M16KR.o
 *fill*         0x00004ec2        0x2 ff
 .rodata.SLCD_NumPos3_Num9
                0x00004ec4        0x6 ./slcd/LCD-S401M16KR.o
 *fill*         0x00004eca        0x2 ff
 .rodata.SLCD_NumPos4_Num0
                0x00004ecc        0x6 ./slcd/LCD-S401M16KR.o
 *fill*         0x00004ed2        0x2 ff
 .rodata.SLCD_NumPos4_Num1
                0x00004ed4        0x6 ./slcd/LCD-S401M16KR.o
 *fill*         0x00004eda        0x2 ff
 .rodata.SLCD_NumPos4_Num2
                0x00004edc        0x6 ./slcd/LCD-S401M16KR.o
 *fill*         0x00004ee2        0x2 ff
 .rodata.SLCD_NumPos4_Num3
                0x00004ee4        0x6 ./slcd/LCD-S401M16KR.o
 *fill*         0x00004eea        0x2 ff
 .rodata.SLCD_NumPos4_Num4
                0x00004eec        0x6 ./slcd/LCD-S401M16KR.o
 *fill*         0x00004ef2        0x2 ff
 .rodata.SLCD_NumPos4_Num5
                0x00004ef4        0x6 ./slcd/LCD-S401M16KR.o
 *fill*         0x00004efa        0x2 ff
 .rodata.SLCD_NumPos4_Num6
                0x00004efc        0x6 ./slcd/LCD-S401M16KR.o
 *fill*         0x00004f02        0x2 ff
 .rodata.SLCD_NumPos4_Num7
                0x00004f04        0x6 ./slcd/LCD-S401M16KR.o
 *fill*         0x00004f0a        0x2 ff
 .rodata.SLCD_NumPos4_Num8
                0x00004f0c        0x6 ./slcd/LCD-S401M16KR.o
 *fill*         0x00004f12        0x2 ff
 .rodata.SLCD_NumPos4_Num9
                0x00004f14        0x6 ./slcd/LCD-S401M16KR.o
 .rodata.CLOCK_GetOsc0ErClkFreq.str1.4
                0x00004f1a       0x18 ./drivers/fsl_clock.o
 .rodata.CLOCK_GetEr32kClkFreq.str1.4
                0x00004f1a        0xd ./drivers/fsl_clock.o
 *fill*         0x00004f1a        0x2 ff
 .rodata.CLOCK_GetFreq
                0x00004f1c       0x50 ./drivers/fsl_clock.o
 .rodata.CLOCK_SetMcgliteConfig.str1.4
                0x00004f6c        0xd ./drivers/fsl_clock.o
 .rodata.lircFreqs.4
                0x00004f6c        0x8 ./drivers/fsl_clock.o
 .rodata.__func__.3
                0x00004f74       0x17 ./drivers/fsl_clock.o
 *fill*         0x00004f8b        0x1 ff
 .rodata.__func__.2
                0x00004f8c       0x16 ./drivers/fsl_clock.o
 *fill*         0x00004fa2        0x2 ff
 .rodata.__func__.1
                0x00004fa4       0x14 ./drivers/fsl_clock.o
 .rodata.__func__.0
                0x00004fb8       0x17 ./drivers/fsl_clock.o
 .rodata.LPTMR_GetInstance.str1.4
                0x00004fcf       0x30 ./drivers/fsl_lptmr.o
 .rodata.LPTMR_Init.str1.4
                0x00004fcf        0xf ./drivers/fsl_lptmr.o
 *fill*         0x00004fcf        0x1 ff
 .rodata.__func__.2
                0x00004fd0       0x12 ./drivers/fsl_lptmr.o
 *fill*         0x00004fe2        0x2 ff
 .rodata.__func__.1
                0x00004fe4        0xb ./drivers/fsl_lptmr.o
 *fill*         0x00004fef        0x1 ff
 .rodata.__func__.0
                0x00004ff0       0x17 ./drivers/fsl_lptmr.o
 *fill*         0x00005007        0x1 ff
 .rodata.s_lpuartBases
                0x00005008        0x8 ./drivers/fsl_lpuart.o
 .rodata.s_lpuartClock
                0x00005010        0x8 ./drivers/fsl_lpuart.o
 .rodata.LPUART_GetInstance.str1.4
                0x00005018       0x35 ./drivers/fsl_lpuart.o
 .rodata.LPUART_WriteNonBlocking.str1.4
                0x00005018        0xd ./drivers/fsl_lpuart.o
 .rodata.LPUART_Init.str1.4
                0x00005018       0x2a ./drivers/fsl_lpuart.o
 .rodata.__func__.25
                0x00005018       0x13 ./drivers/fsl_lpuart.o
 *fill*         0x0000502b        0x1 ff
 .rodata.__func__.18
                0x0000502c        0xc ./drivers/fsl_lpuart.o
 .rodata.__func__.17
                0x00005038       0x18 ./drivers/fsl_lpuart.o
 .rodata.__func__.13
                0x00005050       0x15 ./drivers/fsl_lpuart.o
 *fill*         0x00005065        0x3 ff
 .rodata.__func__.11
                0x00005068       0x14 ./drivers/fsl_lpuart.o
 .rodata.SLCD_GetInstance.str1.4
                0x0000507c       0x2f ./drivers/fsl_slcd.o
 .rodata.SLCD_Init.str1.4
                0x0000507c       0x21 ./drivers/fsl_slcd.o
 .rodata.__func__.2
                0x0000507c       0x11 ./drivers/fsl_slcd.o
 *fill*         0x0000508d        0x3 ff
 .rodata.__func__.1
                0x00005090        0xa ./drivers/fsl_slcd.o
 *fill*         0x0000509a        0x2 ff
 .rodata.__func__.0
                0x0000509c       0x16 ./drivers/fsl_slcd.o
 *fill*         0x000050b2        0x2 ff
 .rodata.s_LpuartAdapterBase
                0x000050b4        0x8 ./component/uart/fsl_adapter_lpuart.o
 .rodata.HAL_UartInit.str1.4
                0x000050bc       0xbf ./component/uart/fsl_adapter_lpuart.o
 .rodata.HAL_UartReceiveBlocking.str1.4
                0x000050bc       0x1c ./component/uart/fsl_adapter_lpuart.o
 .rodata.__func__.4
                0x000050bc        0xd ./component/uart/fsl_adapter_lpuart.o
 *fill*         0x000050c9        0x3 ff
 .rodata.__func__.3
                0x000050cc        0xf ./component/uart/fsl_adapter_lpuart.o
 *fill*         0x000050db        0x1 ff
 .rodata.__func__.2
                0x000050dc       0x18 ./component/uart/fsl_adapter_lpuart.o
 .rodata.__func__.1
                0x000050f4       0x15 ./component/uart/fsl_adapter_lpuart.o
 *fill*         0x00005109        0x3 ff
 .rodata.mcgliteConfig_BOARD_BootClockRUN
                0x0000510c        0x6 ./board/clock_config.o
                0x0000510c                mcgliteConfig_BOARD_BootClockRUN
 *fill*         0x00005112        0x2 ff
 .rodata.simConfig_BOARD_BootClockRUN
                0x00005114        0x8 ./board/clock_config.o
                0x00005114                simConfig_BOARD_BootClockRUN
 .rodata.oscConfig_BOARD_BootClockRUN
                0x0000511c        0x8 ./board/clock_config.o
                0x0000511c                oscConfig_BOARD_BootClockRUN
 .rodata.mcgliteConfig_BOARD_BootClockVLPR
                0x00005124        0x6 ./board/clock_config.o
                0x00005124                mcgliteConfig_BOARD_BootClockVLPR
 *fill*         0x0000512a        0x2 ff
 .rodata.simConfig_BOARD_BootClockVLPR
                0x0000512c        0x8 ./board/clock_config.o
                0x0000512c                simConfig_BOARD_BootClockVLPR
 .rodata.oscConfig_BOARD_BootClockVLPR
                0x00005134        0x8 ./board/clock_config.o
                0x00005134                oscConfig_BOARD_BootClockVLPR
                0x0000513c                        . = ALIGN (0x4)

.glue_7         0x0000513c        0x0
 .glue_7        0x0000513c        0x0 linker stubs

.glue_7t        0x0000513c        0x0
 .glue_7t       0x0000513c        0x0 linker stubs

.vfp11_veneer   0x0000513c        0x0
 .vfp11_veneer  0x0000513c        0x0 linker stubs

.v4_bx          0x0000513c        0x0
 .v4_bx         0x0000513c        0x0 linker stubs

.iplt           0x0000513c        0x0
 .iplt          0x0000513c        0x0 ./utilities/fsl_assert.o

.rel.dyn        0x0000513c        0x0
 .rel.iplt      0x0000513c        0x0 ./utilities/fsl_assert.o

.ARM.extab
 *(SORT_BY_ALIGNMENT(.ARM.extab*) SORT_BY_ALIGNMENT(.gnu.linkonce.armextab.*))

.ARM.exidx      0x0000513c        0x0
                0x0000513c                        __exidx_start = .
 *(SORT_BY_ALIGNMENT(.ARM.exidx*) SORT_BY_ALIGNMENT(.gnu.linkonce.armexidx.*))
                0x0000513c                        __exidx_end = .
                0x0000513c                        _etext = .

.mtb_buffer_default
                0x1fffe000       0x80
 *(SORT_BY_ALIGNMENT(.mtb*))
 .mtb.$RAM1     0x1fffe000       0x80 ./source/mtb.o
                0x1fffe000                __mtb_buffer__

.uninit_RESERVED
                0x1fffe080        0x0
                0x1fffe080                        _start_uninit_RESERVED = .
 *(SORT_BY_ALIGNMENT(.bss.$RESERVED*))
                0x1fffe080                        . = ALIGN (0x4)
                0x1fffe080                        _end_uninit_RESERVED = .

.data           0x1fffe080       0xd0 load address 0x0000513c
 FILL mask 0xff
                0x1fffe080                        _data = .
                [!provide]                        PROVIDE (__start_data_RAM = .)
                [!provide]                        PROVIDE (__start_data_SRAM = .)
 *(SORT_BY_ALIGNMENT(vtable))
 *(SORT_BY_ALIGNMENT(.ramfunc*))
 *(SORT_BY_ALIGNMENT(CodeQuickAccess))
 *(SORT_BY_ALIGNMENT(DataQuickAccess))
 *(SORT_BY_ALIGNMENT(RamFunction))
 *(SORT_BY_ALIGNMENT(.data*))
 .data.slcdClkConfig
                0x1fffe080        0x4 ./source/main.o
                0x1fffe080                slcdClkConfig
 .data.SLCD_NumPos1
                0x1fffe084       0x28 ./slcd/LCD-S401M16KR.o
 .data.SLCD_NumPos2
                0x1fffe0ac       0x28 ./slcd/LCD-S401M16KR.o
 .data.SLCD_NumPos3
                0x1fffe0d4       0x28 ./slcd/LCD-S401M16KR.o
 .data.SLCD_NumPos4
                0x1fffe0fc       0x28 ./slcd/LCD-S401M16KR.o
 .data.SLCD_NumPos
                0x1fffe124       0x10 ./slcd/LCD-S401M16KR.o
                0x1fffe124                SLCD_NumPos
 .data.s_stopRamFuncArray
                0x1fffe134       0x18 ./drivers/fsl_smc.o
 .data.SystemCoreClock
                0x1fffe14c        0x4 ./device/system_MCXC444.o
                0x1fffe14c                SystemCoreClock
                0x1fffe150                        . = ALIGN (0x4)
                0x1fffe150                        _edata = .
                [!provide]                        PROVIDE (__end_data_RAM = .)
                [!provide]                        PROVIDE (__end_data_SRAM = .)

.igot.plt       0x1fffe150        0x0 load address 0x0000520c
 .igot.plt      0x1fffe150        0x0 ./utilities/fsl_assert.o

.bss            0x1fffe150       0x48
                0x1fffe150                        _bss = .
                [!provide]                        PROVIDE (__start_bss_RAM = .)
                [!provide]                        PROVIDE (__start_bss_SRAM = .)
 *(SORT_BY_ALIGNMENT(.bss*))
 .bss.s_debugConsoleState
                0x1fffe150       0x20 ./utilities/fsl_debug_console.o
 .bss.g_serialHandle
                0x1fffe170        0x4 ./utilities/fsl_debug_console.o
                0x1fffe170                g_serialHandle
 .bss.s_lcdEngine
                0x1fffe174        0x4 ./source/main.o
 .bss.g_xtal0Freq
                0x1fffe178        0x4 ./drivers/fsl_clock.o
                0x1fffe178                g_xtal0Freq
 .bss.g_xtal32Freq
                0x1fffe17c        0x4 ./drivers/fsl_clock.o
                0x1fffe17c                g_xtal32Freq
 .bss.s_lpuartHandle
                0x1fffe180        0x8 ./drivers/fsl_lpuart.o
                0x1fffe180                s_lpuartHandle
 .bss.s_lpuartIsr
                0x1fffe188        0x8 ./drivers/fsl_lpuart.o
                0x1fffe188                s_lpuartIsr
 .bss.g_savedPrimask
                0x1fffe190        0x4 ./drivers/fsl_smc.o
 .bss.s_debugConsoleReadWaitSemaphore
                0x1fffe194        0x1 ./utilities/fsl_debug_console.o
 .bss.s_wakeupTimeout
                0x1fffe195        0x1 ./source/main.o
 .bss.s_wakeupSource
                0x1fffe196        0x1 ./source/main.o
 *(SORT_BY_ALIGNMENT(COMMON))
                0x1fffe198                        . = ALIGN (0x4)
 *fill*         0x1fffe197        0x1 
                0x1fffe198                        _ebss = .
                [!provide]                        PROVIDE (__end_bss_RAM = .)
                [!provide]                        PROVIDE (__end_bss_SRAM = .)
                [!provide]                        PROVIDE (end = .)

.noinit         0x1fffe198        0x4
                0x1fffe198                        _noinit = .
                [!provide]                        PROVIDE (__start_noinit_RAM = .)
                [!provide]                        PROVIDE (__start_noinit_SRAM = .)
 *(SORT_BY_ALIGNMENT(.noinit*))
 .noinit        0x1fffe198        0x4 ./source/main.o
                0x1fffe19c                        . = ALIGN (0x4)
                0x1fffe19c                        _end_noinit = .
                [!provide]                        PROVIDE (__end_noinit_RAM = .)
                [!provide]                        PROVIDE (__end_noinit_SRAM = .)
                0x00000800                        _HeapSize = 0x800

.heap           0x1fffe19c      0x800
                0x1fffe19c                        _pvHeapStart = .
                0x1fffe99c                        . = (. + _HeapSize)
 *fill*         0x1fffe19c      0x800 
                0x1fffe99c                        . = ALIGN (0x4)
                0x1fffe99c                        _pvHeapLimit = .
                0x00000800                        _StackSize = 0x800

.heap2stackfill
                0x1fffe99c      0x800
                0x1ffff19c                        . = (. + _StackSize)
 *fill*         0x1fffe99c      0x800 

.stack          0x20005800        0x0
                0x20005800                        _vStackBase = .
                0x20005800                        . = ALIGN (0x4)
                0x20006000                        _vStackTop = (. + _StackSize)
                0x00000000                        _image_start = LOADADDR (.text)
                0x0000520c                        _image_end = (LOADADDR (.data) + SIZEOF (.data))
                0x0000520c                        _image_size = (_image_end - _image_start)
OUTPUT(MCXC444_LowPower.axf elf32-littlearm)
LOAD linker stubs

.debug_info     0x00000000     0xe55c
 .debug_info    0x00000000      0x13e ./utilities/fsl_assert.o
 .debug_info    0x0000013e      0xeec ./utilities/fsl_debug_console.o
 .debug_info    0x0000102a      0xd6c ./utilities/fsl_str.o
 .debug_info    0x00001d96      0x691 ./startup/startup_mcxc444.o
 .debug_info    0x00002427     0x24de ./source/main.o
 .debug_info    0x00004905       0x53 ./source/mtb.o
 .debug_info    0x00004958       0x3c ./source/semihost_hardfault.o
 .debug_info    0x00004994      0x449 ./slcd/LCD-S401M16KR.o
 .debug_info    0x00004ddd      0x3ab ./slcd/slcd_engine.o
 .debug_info    0x00005188     0x1459 ./drivers/fsl_clock.o
 .debug_info    0x000065e1      0x3f9 ./drivers/fsl_llwu.o
 .debug_info    0x000069da      0x944 ./drivers/fsl_lptmr.o
 .debug_info    0x0000731e     0x21d1 ./drivers/fsl_lpuart.o
 .debug_info    0x000094ef     0x1243 ./drivers/fsl_slcd.o
 .debug_info    0x0000a732      0xa55 ./drivers/fsl_smc.o
 .debug_info    0x0000b187      0x45d ./device/system_MCXC444.o
 .debug_info    0x0000b5e4      0xbb3 ./component/uart/fsl_adapter_lpuart.o
 .debug_info    0x0000c197      0xda3 ./component/serial_manager/fsl_component_serial_manager.o
 .debug_info    0x0000cf3a      0x55f ./component/serial_manager/fsl_component_serial_port_uart.o
 .debug_info    0x0000d499      0xb0a ./board/clock_config.o
 .debug_info    0x0000dfa3      0x5b9 ./board/pin_mux.o

.debug_abbrev   0x00000000     0x29c5
 .debug_abbrev  0x00000000       0xac ./utilities/fsl_assert.o
 .debug_abbrev  0x000000ac      0x270 ./utilities/fsl_debug_console.o
 .debug_abbrev  0x0000031c      0x26b ./utilities/fsl_str.o
 .debug_abbrev  0x00000587      0x1c7 ./startup/startup_mcxc444.o
 .debug_abbrev  0x0000074e      0x477 ./source/main.o
 .debug_abbrev  0x00000bc5       0x46 ./source/mtb.o
 .debug_abbrev  0x00000c0b       0x31 ./source/semihost_hardfault.o
 .debug_abbrev  0x00000c3c       0xa5 ./slcd/LCD-S401M16KR.o
 .debug_abbrev  0x00000ce1      0x157 ./slcd/slcd_engine.o
 .debug_abbrev  0x00000e38      0x2dc ./drivers/fsl_clock.o
 .debug_abbrev  0x00001114      0x1c7 ./drivers/fsl_llwu.o
 .debug_abbrev  0x000012db      0x1ea ./drivers/fsl_lptmr.o
 .debug_abbrev  0x000014c5      0x42f ./drivers/fsl_lpuart.o
 .debug_abbrev  0x000018f4      0x2f2 ./drivers/fsl_slcd.o
 .debug_abbrev  0x00001be6      0x301 ./drivers/fsl_smc.o
 .debug_abbrev  0x00001ee7      0x148 ./device/system_MCXC444.o
 .debug_abbrev  0x0000202f      0x1f4 ./component/uart/fsl_adapter_lpuart.o
 .debug_abbrev  0x00002223      0x2be ./component/serial_manager/fsl_component_serial_manager.o
 .debug_abbrev  0x000024e1      0x18c ./component/serial_manager/fsl_component_serial_port_uart.o
 .debug_abbrev  0x0000266d      0x1cf ./board/clock_config.o
 .debug_abbrev  0x0000283c      0x189 ./board/pin_mux.o

.debug_aranges  0x00000000      0xb20
 .debug_aranges
                0x00000000       0x28 ./utilities/fsl_assert.o
 .debug_aranges
                0x00000028       0xb8 ./utilities/fsl_debug_console.o
 .debug_aranges
                0x000000e0       0xe8 ./utilities/fsl_str.o
 .debug_aranges
                0x000001c8      0x160 ./startup/startup_mcxc444.o
 .debug_aranges
                0x00000328      0x160 ./source/main.o
 .debug_aranges
                0x00000488       0x18 ./source/mtb.o
 .debug_aranges
                0x000004a0       0x20 ./source/semihost_hardfault.o
 .debug_aranges
                0x000004c0       0x18 ./slcd/LCD-S401M16KR.o
 .debug_aranges
                0x000004d8       0x30 ./slcd/slcd_engine.o
 .debug_aranges
                0x00000508       0xd0 ./drivers/fsl_clock.o
 .debug_aranges
                0x000005d8       0x48 ./drivers/fsl_llwu.o
 .debug_aranges
                0x00000620       0x48 ./drivers/fsl_lptmr.o
 .debug_aranges
                0x00000668      0x180 ./drivers/fsl_lpuart.o
 .debug_aranges
                0x000007e8       0x98 ./drivers/fsl_slcd.o
 .debug_aranges
                0x00000880       0x90 ./drivers/fsl_smc.o
 .debug_aranges
                0x00000910       0x30 ./device/system_MCXC444.o
 .debug_aranges
                0x00000940       0x58 ./component/uart/fsl_adapter_lpuart.o
 .debug_aranges
                0x00000998       0xa0 ./component/serial_manager/fsl_component_serial_manager.o
 .debug_aranges
                0x00000a38       0x48 ./component/serial_manager/fsl_component_serial_port_uart.o
 .debug_aranges
                0x00000a80       0x50 ./board/clock_config.o
 .debug_aranges
                0x00000ad0       0x50 ./board/pin_mux.o

.debug_ranges   0x00000000      0x9f0
 .debug_ranges  0x00000000       0x18 ./utilities/fsl_assert.o
 .debug_ranges  0x00000018       0xa8 ./utilities/fsl_debug_console.o
 .debug_ranges  0x000000c0      0x108 ./utilities/fsl_str.o
 .debug_ranges  0x000001c8      0x150 ./startup/startup_mcxc444.o
 .debug_ranges  0x00000318      0x150 ./source/main.o
 .debug_ranges  0x00000468       0x10 ./source/semihost_hardfault.o
 .debug_ranges  0x00000478       0x20 ./slcd/slcd_engine.o
 .debug_ranges  0x00000498       0xc0 ./drivers/fsl_clock.o
 .debug_ranges  0x00000558       0x38 ./drivers/fsl_llwu.o
 .debug_ranges  0x00000590       0x38 ./drivers/fsl_lptmr.o
 .debug_ranges  0x000005c8      0x170 ./drivers/fsl_lpuart.o
 .debug_ranges  0x00000738       0x88 ./drivers/fsl_slcd.o
 .debug_ranges  0x000007c0       0x80 ./drivers/fsl_smc.o
 .debug_ranges  0x00000840       0x20 ./device/system_MCXC444.o
 .debug_ranges  0x00000860       0x48 ./component/uart/fsl_adapter_lpuart.o
 .debug_ranges  0x000008a8       0x90 ./component/serial_manager/fsl_component_serial_manager.o
 .debug_ranges  0x00000938       0x38 ./component/serial_manager/fsl_component_serial_port_uart.o
 .debug_ranges  0x00000970       0x40 ./board/clock_config.o
 .debug_ranges  0x000009b0       0x40 ./board/pin_mux.o

.debug_macro    0x00000000     0xf6bc
 .debug_macro   0x00000000      0x232 ./utilities/fsl_assert.o
 .debug_macro   0x00000232      0xae4 ./utilities/fsl_assert.o
 .debug_macro   0x00000d16       0x22 ./utilities/fsl_assert.o
 .debug_macro   0x00000d38       0x5b ./utilities/fsl_assert.o
 .debug_macro   0x00000d93       0x24 ./utilities/fsl_assert.o
 .debug_macro   0x00000db7       0x94 ./utilities/fsl_assert.o
 .debug_macro   0x00000e4b       0x43 ./utilities/fsl_assert.o
 .debug_macro   0x00000e8e       0x34 ./utilities/fsl_assert.o
 .debug_macro   0x00000ec2       0x1c ./utilities/fsl_assert.o
 .debug_macro   0x00000ede       0x22 ./utilities/fsl_assert.o
 .debug_macro   0x00000f00      0x34e ./utilities/fsl_assert.o
 .debug_macro   0x0000124e      0x190 ./utilities/fsl_assert.o
 .debug_macro   0x000013de       0x57 ./utilities/fsl_assert.o
 .debug_macro   0x00001435      0x364 ./utilities/fsl_assert.o
 .debug_macro   0x00001799       0x16 ./utilities/fsl_assert.o
 .debug_macro   0x000017af       0x4a ./utilities/fsl_assert.o
 .debug_macro   0x000017f9       0x34 ./utilities/fsl_assert.o
 .debug_macro   0x0000182d       0x10 ./utilities/fsl_assert.o
 .debug_macro   0x0000183d       0x58 ./utilities/fsl_assert.o
 .debug_macro   0x00001895       0x8e ./utilities/fsl_assert.o
 .debug_macro   0x00001923       0x16 ./utilities/fsl_assert.o
 .debug_macro   0x00001939      0x185 ./utilities/fsl_assert.o
 .debug_macro   0x00001abe       0x10 ./utilities/fsl_assert.o
 .debug_macro   0x00001ace       0x3c ./utilities/fsl_assert.o
 .debug_macro   0x00001b0a       0x16 ./utilities/fsl_assert.o
 .debug_macro   0x00001b20       0x16 ./utilities/fsl_assert.o
 .debug_macro   0x00001b36       0x29 ./utilities/fsl_assert.o
 .debug_macro   0x00001b5f       0x10 ./utilities/fsl_assert.o
 .debug_macro   0x00001b6f       0x3b ./utilities/fsl_assert.o
 .debug_macro   0x00001baa       0x1c ./utilities/fsl_assert.o
 .debug_macro   0x00001bc6       0x22 ./utilities/fsl_assert.o
 .debug_macro   0x00001be8       0xd1 ./utilities/fsl_assert.o
 .debug_macro   0x00001cb9      0x3ad ./utilities/fsl_assert.o
 .debug_macro   0x00002066       0x3a ./utilities/fsl_assert.o
 .debug_macro   0x000020a0     0x8fd7 ./utilities/fsl_assert.o
 .debug_macro   0x0000b077     0x11e6 ./utilities/fsl_assert.o
 .debug_macro   0x0000c25d       0x88 ./utilities/fsl_assert.o
 .debug_macro   0x0000c2e5       0x9d ./utilities/fsl_assert.o
 .debug_macro   0x0000c382       0xfb ./utilities/fsl_assert.o
 .debug_macro   0x0000c47d       0x70 ./utilities/fsl_assert.o
 .debug_macro   0x0000c4ed       0x47 ./utilities/fsl_assert.o
 .debug_macro   0x0000c534       0x16 ./utilities/fsl_assert.o
 .debug_macro   0x0000c54a       0x6d ./utilities/fsl_assert.o
 .debug_macro   0x0000c5b7       0x16 ./utilities/fsl_assert.o
 .debug_macro   0x0000c5cd       0x58 ./utilities/fsl_assert.o
 .debug_macro   0x0000c625       0x1c ./utilities/fsl_assert.o
 .debug_macro   0x0000c641      0x28c ./utilities/fsl_debug_console.o
 .debug_macro   0x0000c8cd      0x11c ./utilities/fsl_debug_console.o
 .debug_macro   0x0000c9e9       0x9b ./utilities/fsl_debug_console.o
 .debug_macro   0x0000ca84       0x16 ./utilities/fsl_debug_console.o
 .debug_macro   0x0000ca9a       0x3c ./utilities/fsl_debug_console.o
 .debug_macro   0x0000cad6       0x22 ./utilities/fsl_debug_console.o
 .debug_macro   0x0000caf8       0x34 ./utilities/fsl_debug_console.o
 .debug_macro   0x0000cb2c      0x22e ./utilities/fsl_str.o
 .debug_macro   0x0000cd5a      0x19b ./utilities/fsl_str.o
 .debug_macro   0x0000cef5       0x10 ./utilities/fsl_str.o
 .debug_macro   0x0000cf05      0x242 ./utilities/fsl_str.o
 .debug_macro   0x0000d147       0x1c ./utilities/fsl_str.o
 .debug_macro   0x0000d163       0x29 ./startup/startup_mcxc444.o
 .debug_macro   0x0000d18c      0x37b ./source/main.o
 .debug_macro   0x0000d507       0x16 ./source/main.o
 .debug_macro   0x0000d51d       0x16 ./source/main.o
 .debug_macro   0x0000d533      0x20f ./source/main.o
 .debug_macro   0x0000d742       0x1d ./source/main.o
 .debug_macro   0x0000d75f       0x10 ./source/main.o
 .debug_macro   0x0000d76f       0x16 ./source/main.o
 .debug_macro   0x0000d785       0x10 ./source/main.o
 .debug_macro   0x0000d795       0x16 ./source/main.o
 .debug_macro   0x0000d7ab       0x10 ./source/main.o
 .debug_macro   0x0000d7bb       0x10 ./source/main.o
 .debug_macro   0x0000d7cb       0x10 ./source/main.o
 .debug_macro   0x0000d7db       0x16 ./source/main.o
 .debug_macro   0x0000d7f1       0x22 ./source/main.o
 .debug_macro   0x0000d813       0x2f ./source/mtb.o
 .debug_macro   0x0000d842       0x82 ./source/mtb.o
 .debug_macro   0x0000d8c4       0x10 ./source/mtb.o
 .debug_macro   0x0000d8d4       0x11 ./source/semihost_hardfault.o
 .debug_macro   0x0000d8e5      0x123 ./slcd/LCD-S401M16KR.o
 .debug_macro   0x0000da08       0x1c ./slcd/LCD-S401M16KR.o
 .debug_macro   0x0000da24      0x145 ./slcd/slcd_engine.o
 .debug_macro   0x0000db69       0x16 ./slcd/slcd_engine.o
 .debug_macro   0x0000db7f       0x9e ./slcd/slcd_engine.o
 .debug_macro   0x0000dc1d      0x112 ./slcd/slcd_engine.o
 .debug_macro   0x0000dd2f       0x10 ./slcd/slcd_engine.o
 .debug_macro   0x0000dd3f       0x16 ./slcd/slcd_engine.o
 .debug_macro   0x0000dd55       0x16 ./slcd/slcd_engine.o
 .debug_macro   0x0000dd6b      0x146 ./slcd/slcd_engine.o
 .debug_macro   0x0000deb1      0x227 ./drivers/fsl_clock.o
 .debug_macro   0x0000e0d8      0x1fa ./drivers/fsl_llwu.o
 .debug_macro   0x0000e2d2       0x17 ./drivers/fsl_llwu.o
 .debug_macro   0x0000e2e9      0x1fb ./drivers/fsl_lptmr.o
 .debug_macro   0x0000e4e4      0x1fa ./drivers/fsl_lpuart.o
 .debug_macro   0x0000e6de       0x10 ./drivers/fsl_lpuart.o
 .debug_macro   0x0000e6ee      0x201 ./drivers/fsl_slcd.o
 .debug_macro   0x0000e8ef      0x1fb ./drivers/fsl_smc.o
 .debug_macro   0x0000eaea       0x7f ./device/system_MCXC444.o
 .debug_macro   0x0000eb69      0x219 ./component/uart/fsl_adapter_lpuart.o
 .debug_macro   0x0000ed82       0x41 ./component/uart/fsl_adapter_lpuart.o
 .debug_macro   0x0000edc3      0x263 ./component/serial_manager/fsl_component_serial_manager.o
 .debug_macro   0x0000f026       0x6a ./component/serial_manager/fsl_component_serial_manager.o
 .debug_macro   0x0000f090      0x227 ./component/serial_manager/fsl_component_serial_port_uart.o
 .debug_macro   0x0000f2b7      0x20e ./board/clock_config.o
 .debug_macro   0x0000f4c5      0x1f7 ./board/pin_mux.o

.debug_line     0x00000000     0xa28f
 .debug_line    0x00000000      0x6ef ./utilities/fsl_assert.o
 .debug_line    0x000006ef      0xb7d ./utilities/fsl_debug_console.o
 .debug_line    0x0000126c      0xee7 ./utilities/fsl_str.o
 .debug_line    0x00002153      0x2a4 ./startup/startup_mcxc444.o
 .debug_line    0x000023f7     0x1094 ./source/main.o
 .debug_line    0x0000348b       0xd3 ./source/mtb.o
 .debug_line    0x0000355e       0x59 ./source/semihost_hardfault.o
 .debug_line    0x000035b7       0xef ./slcd/LCD-S401M16KR.o
 .debug_line    0x000036a6      0x4a2 ./slcd/slcd_engine.o
 .debug_line    0x00003b48      0xb14 ./drivers/fsl_clock.o
 .debug_line    0x0000465c      0x6f3 ./drivers/fsl_llwu.o
 .debug_line    0x00004d4f      0x69a ./drivers/fsl_lptmr.o
 .debug_line    0x000053e9     0x1518 ./drivers/fsl_lpuart.o
 .debug_line    0x00006901      0x8f4 ./drivers/fsl_slcd.o
 .debug_line    0x000071f5      0x83a ./drivers/fsl_smc.o
 .debug_line    0x00007a2f      0x256 ./device/system_MCXC444.o
 .debug_line    0x00007c85      0x768 ./component/uart/fsl_adapter_lpuart.o
 .debug_line    0x000083ed      0x9ec ./component/serial_manager/fsl_component_serial_manager.o
 .debug_line    0x00008dd9      0x7a3 ./component/serial_manager/fsl_component_serial_port_uart.o
 .debug_line    0x0000957c      0x685 ./board/clock_config.o
 .debug_line    0x00009c01      0x68e ./board/pin_mux.o

.debug_str      0x00000000    0x5ca9c
 .debug_str     0x00000000    0x5ca9c ./utilities/fsl_assert.o
                              0x526fd (size before relaxing)
 .debug_str     0x0005ca9c    0x53f45 ./utilities/fsl_debug_console.o
 .debug_str     0x0005ca9c    0x52d5f ./utilities/fsl_str.o
 .debug_str     0x0005ca9c     0x32a6 ./startup/startup_mcxc444.o
 .debug_str     0x0005ca9c    0x5705e ./source/main.o
 .debug_str     0x0005ca9c     0x3387 ./source/mtb.o
 .debug_str     0x0005ca9c     0x2e74 ./source/semihost_hardfault.o
 .debug_str     0x0005ca9c     0x4079 ./slcd/LCD-S401M16KR.o
 .debug_str     0x0005ca9c     0x7a89 ./slcd/slcd_engine.o
 .debug_str     0x0005ca9c    0x53423 ./drivers/fsl_clock.o
 .debug_str     0x0005ca9c    0x51dde ./drivers/fsl_llwu.o
 .debug_str     0x0005ca9c    0x52bcc ./drivers/fsl_lptmr.o
 .debug_str     0x0005ca9c    0x53a40 ./drivers/fsl_lpuart.o
 .debug_str     0x0005ca9c    0x5384c ./drivers/fsl_slcd.o
 .debug_str     0x0005ca9c    0x529cd ./drivers/fsl_smc.o
 .debug_str     0x0005ca9c    0x4d060 ./device/system_MCXC444.o
 .debug_str     0x0005ca9c    0x52ebf ./component/uart/fsl_adapter_lpuart.o
 .debug_str     0x0005ca9c    0x538cc ./component/serial_manager/fsl_component_serial_manager.o
 .debug_str     0x0005ca9c    0x52a3d ./component/serial_manager/fsl_component_serial_port_uart.o
 .debug_str     0x0005ca9c    0x52d31 ./board/clock_config.o
 .debug_str     0x0005ca9c    0x51fd2 ./board/pin_mux.o

.comment        0x00000000       0x45
 .comment       0x00000000       0x45 ./utilities/fsl_assert.o
                                 0x46 (size before relaxing)
 .comment       0x00000045       0x46 ./utilities/fsl_debug_console.o
 .comment       0x00000045       0x46 ./utilities/fsl_str.o
 .comment       0x00000045       0x46 ./startup/startup_mcxc444.o
 .comment       0x00000045       0x46 ./source/main.o
 .comment       0x00000045       0x46 ./source/mtb.o
 .comment       0x00000045       0x46 ./source/semihost_hardfault.o
 .comment       0x00000045       0x46 ./slcd/LCD-S401M16KR.o
 .comment       0x00000045       0x46 ./slcd/slcd_engine.o
 .comment       0x00000045       0x46 ./drivers/fsl_clock.o
 .comment       0x00000045       0x46 ./drivers/fsl_llwu.o
 .comment       0x00000045       0x46 ./drivers/fsl_lptmr.o
 .comment       0x00000045       0x46 ./drivers/fsl_lpuart.o
 .comment       0x00000045       0x46 ./drivers/fsl_slcd.o
 .comment       0x00000045       0x46 ./drivers/fsl_smc.o
 .comment       0x00000045       0x46 ./device/system_MCXC444.o
 .comment       0x00000045       0x46 ./component/uart/fsl_adapter_lpuart.o
 .comment       0x00000045       0x46 ./component/serial_manager/fsl_component_serial_manager.o
 .comment       0x00000045       0x46 ./component/serial_manager/fsl_component_serial_port_uart.o
 .comment       0x00000045       0x46 ./board/clock_config.o
 .comment       0x00000045       0x46 ./board/pin_mux.o

.ARM.attributes
                0x00000000       0x2a
 .ARM.attributes
                0x00000000       0x2c ./utilities/fsl_assert.o
 .ARM.attributes
                0x0000002c       0x2c ./utilities/fsl_debug_console.o
 .ARM.attributes
                0x00000058       0x2c ./utilities/fsl_str.o
 .ARM.attributes
                0x00000084       0x2c ./startup/startup_mcxc444.o
 .ARM.attributes
                0x000000b0       0x2c ./source/main.o
 .ARM.attributes
                0x000000dc       0x2c ./source/mtb.o
 .ARM.attributes
                0x00000108       0x2c ./source/semihost_hardfault.o
 .ARM.attributes
                0x00000134       0x2c ./slcd/LCD-S401M16KR.o
 .ARM.attributes
                0x00000160       0x2c ./slcd/slcd_engine.o
 .ARM.attributes
                0x0000018c       0x2c ./drivers/fsl_clock.o
 .ARM.attributes
                0x000001b8       0x2c ./drivers/fsl_llwu.o
 .ARM.attributes
                0x000001e4       0x2c ./drivers/fsl_lptmr.o
 .ARM.attributes
                0x00000210       0x2c ./drivers/fsl_lpuart.o
 .ARM.attributes
                0x0000023c       0x2c ./drivers/fsl_slcd.o
 .ARM.attributes
                0x00000268       0x2c ./drivers/fsl_smc.o
 .ARM.attributes
                0x00000294       0x2c ./device/system_MCXC444.o
 .ARM.attributes
                0x000002c0       0x2c ./component/uart/fsl_adapter_lpuart.o
 .ARM.attributes
                0x000002ec       0x2c ./component/serial_manager/fsl_component_serial_manager.o
 .ARM.attributes
                0x00000318       0x2c ./component/serial_manager/fsl_component_serial_port_uart.o
 .ARM.attributes
                0x00000344       0x2c ./board/clock_config.o
 .ARM.attributes
                0x00000370       0x2c ./board/pin_mux.o
 .ARM.attributes
                0x0000039c       0x1e C:/nxp/MCUXpressoIDE_25.6.136/ide/plugins/com.nxp.mcuxpresso.tools.win32_25.6.0.202501151204/tools/bin/../lib/gcc/arm-none-eabi/14.2.1/thumb/v6-m/nofp\libgcc.a(_udivsi3.o)
 .ARM.attributes
                0x000003ba       0x1e C:/nxp/MCUXpressoIDE_25.6.136/ide/plugins/com.nxp.mcuxpresso.tools.win32_25.6.0.202501151204/tools/bin/../lib/gcc/arm-none-eabi/14.2.1/thumb/v6-m/nofp\libgcc.a(_dvmd_tls.o)
 .ARM.attributes
                0x000003d8       0x2c C:/nxp/MCUXpressoIDE_25.6.136/ide/plugins/com.nxp.mcuxpresso.tools.win32_25.6.0.202501151204/tools/bin/../lib/gcc/arm-none-eabi/14.2.1/thumb/v6-m/nofp\libc_nano.a(libc_a-memset.o)
 .ARM.attributes
                0x00000404       0x2c C:/nxp/MCUXpressoIDE_25.6.136/ide/plugins/com.nxp.mcuxpresso.tools.win32_25.6.0.202501151204/tools/bin/../lib/gcc/arm-none-eabi/14.2.1/thumb/v6-m/nofp\libc_nano.a(libc_a-memcpy-stub.o)
 .ARM.attributes
                0x00000430       0x1c C:/nxp/MCUXpressoIDE_25.6.136/ide/plugins/com.nxp.mcuxpresso.tools.win32_25.6.0.202501151204/tools/bin/../lib/gcc/arm-none-eabi/14.2.1/thumb/v6-m/nofp\libc_nano.a(libc_a-strlen.o)

.debug_frame    0x00000000     0x246c
 .debug_frame   0x00000000       0x50 ./utilities/fsl_assert.o
 .debug_frame   0x00000050      0x29c ./utilities/fsl_debug_console.o
 .debug_frame   0x000002ec      0x35c ./utilities/fsl_str.o
 .debug_frame   0x00000648      0x3a8 ./startup/startup_mcxc444.o
 .debug_frame   0x000009f0      0x528 ./source/main.o
 .debug_frame   0x00000f18       0x20 ./source/semihost_hardfault.o
 .debug_frame   0x00000f38       0x70 ./slcd/slcd_engine.o
 .debug_frame   0x00000fa8      0x2e8 ./drivers/fsl_clock.o
 .debug_frame   0x00001290       0xd0 ./drivers/fsl_llwu.o
 .debug_frame   0x00001360       0xd0 ./drivers/fsl_lptmr.o
 .debug_frame   0x00001430      0x5a8 ./drivers/fsl_lpuart.o
 .debug_frame   0x000019d8      0x210 ./drivers/fsl_slcd.o
 .debug_frame   0x00001be8      0x1e0 ./drivers/fsl_smc.o
 .debug_frame   0x00001dc8       0x68 ./device/system_MCXC444.o
 .debug_frame   0x00001e30      0x118 ./component/uart/fsl_adapter_lpuart.o
 .debug_frame   0x00001f48      0x230 ./component/serial_manager/fsl_component_serial_manager.o
 .debug_frame   0x00002178       0xd0 ./component/serial_manager/fsl_component_serial_port_uart.o
 .debug_frame   0x00002248       0xe0 ./board/clock_config.o
 .debug_frame   0x00002328       0xdc ./board/pin_mux.o
 .debug_frame   0x00002404       0x20 C:/nxp/MCUXpressoIDE_25.6.136/ide/plugins/com.nxp.mcuxpresso.tools.win32_25.6.0.202501151204/tools/bin/../lib/gcc/arm-none-eabi/14.2.1/thumb/v6-m/nofp\libgcc.a(_udivsi3.o)
 .debug_frame   0x00002424       0x20 C:/nxp/MCUXpressoIDE_25.6.136/ide/plugins/com.nxp.mcuxpresso.tools.win32_25.6.0.202501151204/tools/bin/../lib/gcc/arm-none-eabi/14.2.1/thumb/v6-m/nofp\libc_nano.a(libc_a-memset.o)
 .debug_frame   0x00002444       0x28 C:/nxp/MCUXpressoIDE_25.6.136/ide/plugins/com.nxp.mcuxpresso.tools.win32_25.6.0.202501151204/tools/bin/../lib/gcc/arm-none-eabi/14.2.1/thumb/v6-m/nofp\libc_nano.a(libc_a-memcpy-stub.o)

.debug_loc      0x00000000      0x1de
 .debug_loc     0x00000000      0x1de ./startup/startup_mcxc444.o

.debug_line_str
                0x00000000      0x1b8
 .debug_line_str
                0x00000000      0x1b8 C:/nxp/MCUXpressoIDE_25.6.136/ide/plugins/com.nxp.mcuxpresso.tools.win32_25.6.0.202501151204/tools/bin/../lib/gcc/arm-none-eabi/14.2.1/thumb/v6-m/nofp\libgcc.a(_udivsi3.o)
                                 0xcd (size before relaxing)
 .debug_line_str
                0x000001b8       0xcd C:/nxp/MCUXpressoIDE_25.6.136/ide/plugins/com.nxp.mcuxpresso.tools.win32_25.6.0.202501151204/tools/bin/../lib/gcc/arm-none-eabi/14.2.1/thumb/v6-m/nofp\libgcc.a(_dvmd_tls.o)
 .debug_line_str
                0x000001b8       0xeb C:/nxp/MCUXpressoIDE_25.6.136/ide/plugins/com.nxp.mcuxpresso.tools.win32_25.6.0.202501151204/tools/bin/../lib/gcc/arm-none-eabi/14.2.1/thumb/v6-m/nofp\libc_nano.a(libc_a-strlen.o)

Cross Reference Table

Symbol                                            File
ADC0_DriverIRQHandler                             ./startup/startup_mcxc444.o
ADC0_IRQHandler                                   ./startup/startup_mcxc444.o
APP_CheckPowerMode                                ./source/main.o
APP_GetWakeupConfig                               ./source/main.o
APP_PowerModeSwitch                               ./source/main.o
APP_PowerPostSwitchHook                           ./source/main.o
APP_PowerPreSwitchHook                            ./source/main.o
APP_SetWakeupConfig                               ./source/main.o
APP_ShowPowerMode                                 ./source/main.o
BOARD_BootClockRUN                                ./board/clock_config.o
                                                  ./source/main.o
BOARD_BootClockVLPR                               ./board/clock_config.o
                                                  ./source/main.o
BOARD_InitBootClocks                              ./board/clock_config.o
                                                  ./source/main.o
BOARD_InitBootPeripherals                         ./board/peripherals.o
BOARD_InitBootPins                                ./board/pin_mux.o
                                                  ./source/main.o
BOARD_InitDbgUARTPins                             ./board/pin_mux.o
BOARD_InitDebugConsole                            ./board/board.o
BOARD_InitLCDPins                                 ./board/pin_mux.o
BOARD_InitNMIPins                                 ./board/pin_mux.o
BOARD_InitPeripherals                             ./board/peripherals.o
BOARD_InitWKUPPins                                ./board/pin_mux.o
BOARD_SetSlcdBackPlanePhase                       ./source/main.o
CLOCK_DeinitOsc0                                  ./drivers/fsl_clock.o
CLOCK_EnableUsbfs0Clock                           ./drivers/fsl_clock.o
CLOCK_GetBusClkFreq                               ./drivers/fsl_clock.o
CLOCK_GetCoreSysClkFreq                           ./drivers/fsl_clock.o
CLOCK_GetEr32kClkFreq                             ./drivers/fsl_clock.o
CLOCK_GetFlashClkFreq                             ./drivers/fsl_clock.o
CLOCK_GetFreq                                     ./drivers/fsl_clock.o
                                                  ./board/board.o
                                                  ./source/main.o
CLOCK_GetInternalRefClkFreq                       ./drivers/fsl_clock.o
CLOCK_GetMode                                     ./drivers/fsl_clock.o
CLOCK_GetOsc0ErClkFreq                            ./drivers/fsl_clock.o
CLOCK_GetOutClkFreq                               ./drivers/fsl_clock.o
CLOCK_GetPeriphClkFreq                            ./drivers/fsl_clock.o
CLOCK_GetPlatClkFreq                              ./drivers/fsl_clock.o
CLOCK_InitOsc0                                    ./drivers/fsl_clock.o
                                                  ./board/clock_config.o
CLOCK_SetMcgliteConfig                            ./drivers/fsl_clock.o
                                                  ./board/clock_config.o
CLOCK_SetSimConfig                                ./drivers/fsl_clock.o
                                                  ./board/clock_config.o
CMP0_DriverIRQHandler                             ./startup/startup_mcxc444.o
CMP0_IRQHandler                                   ./startup/startup_mcxc444.o
DAC0_DriverIRQHandler                             ./startup/startup_mcxc444.o
DAC0_IRQHandler                                   ./startup/startup_mcxc444.o
DMA0_DriverIRQHandler                             ./startup/startup_mcxc444.o
DMA0_IRQHandler                                   ./startup/startup_mcxc444.o
DMA1_DriverIRQHandler                             ./startup/startup_mcxc444.o
DMA1_IRQHandler                                   ./startup/startup_mcxc444.o
DMA2_DriverIRQHandler                             ./startup/startup_mcxc444.o
DMA2_IRQHandler                                   ./startup/startup_mcxc444.o
DMA3_DriverIRQHandler                             ./startup/startup_mcxc444.o
DMA3_IRQHandler                                   ./startup/startup_mcxc444.o
DbgConsole_BlockingPrintf                         ./utilities/fsl_debug_console.o
DbgConsole_BlockingVprintf                        ./utilities/fsl_debug_console.o
DbgConsole_Deinit                                 ./utilities/fsl_debug_console.o
                                                  ./source/main.o
DbgConsole_EnterLowpower                          ./utilities/fsl_debug_console.o
DbgConsole_ExitLowpower                           ./utilities/fsl_debug_console.o
DbgConsole_Flush                                  ./utilities/fsl_debug_console.o
DbgConsole_Getchar                                ./utilities/fsl_debug_console.o
                                                  ./source/main.o
DbgConsole_Init                                   ./utilities/fsl_debug_console.o
                                                  ./board/board.o
                                                  ./source/main.o
DbgConsole_Printf                                 ./utilities/fsl_debug_console.o
                                                  ./source/main.o
                                                  ./utilities/fsl_assert.o
DbgConsole_Putchar                                ./utilities/fsl_debug_console.o
DbgConsole_ReadCharacter                          ./utilities/fsl_debug_console.o
DbgConsole_ReadLine                               ./utilities/fsl_debug_console.o
DbgConsole_ReadOneCharacter                       ./utilities/fsl_debug_console.o
DbgConsole_Scanf                                  ./utilities/fsl_debug_console.o
DbgConsole_SendData                               ./utilities/fsl_debug_console.o
DbgConsole_SendDataReliable                       ./utilities/fsl_debug_console.o
DbgConsole_Vprintf                                ./utilities/fsl_debug_console.o
FGPIO_PinInit                                     ./drivers/fsl_gpio.o
FGPIO_PortClearInterruptFlags                     ./drivers/fsl_gpio.o
FGPIO_PortGetInterruptFlags                       ./drivers/fsl_gpio.o
FTFA_DriverIRQHandler                             ./startup/startup_mcxc444.o
FTFA_IRQHandler                                   ./startup/startup_mcxc444.o
Flash_Config                                      ./startup/startup_mcxc444.o
GPIO_PinInit                                      ./drivers/fsl_gpio.o
GPIO_PortClearInterruptFlags                      ./drivers/fsl_gpio.o
GPIO_PortGetInterruptFlags                        ./drivers/fsl_gpio.o
HAL_UartDeinit                                    ./component/uart/fsl_adapter_lpuart.o
                                                  ./component/serial_manager/fsl_component_serial_port_uart.o
HAL_UartEnterLowpower                             ./component/uart/fsl_adapter_lpuart.o
                                                  ./component/serial_manager/fsl_component_serial_port_uart.o
HAL_UartExitLowpower                              ./component/uart/fsl_adapter_lpuart.o
                                                  ./component/serial_manager/fsl_component_serial_port_uart.o
HAL_UartInit                                      ./component/uart/fsl_adapter_lpuart.o
                                                  ./component/serial_manager/fsl_component_serial_port_uart.o
HAL_UartReceiveBlocking                           ./component/uart/fsl_adapter_lpuart.o
                                                  ./component/serial_manager/fsl_component_serial_port_uart.o
HAL_UartSendBlocking                              ./component/uart/fsl_adapter_lpuart.o
                                                  ./component/serial_manager/fsl_component_serial_port_uart.o
HardFault_Handler                                 ./source/semihost_hardfault.o
                                                  ./startup/startup_mcxc444.o
I2C0_DriverIRQHandler                             ./startup/startup_mcxc444.o
I2C0_IRQHandler                                   ./startup/startup_mcxc444.o
I2C1_DriverIRQHandler                             ./startup/startup_mcxc444.o
I2C1_IRQHandler                                   ./startup/startup_mcxc444.o
I2S0_DriverIRQHandler                             ./startup/startup_mcxc444.o
I2S0_IRQHandler                                   ./startup/startup_mcxc444.o
IntDefaultHandler                                 ./startup/startup_mcxc444.o
LCD_DriverIRQHandler                              ./startup/startup_mcxc444.o
LCD_IRQHandler                                    ./startup/startup_mcxc444.o
LIST_AddHead                                      ./component/lists/fsl_component_generic_list.o
LIST_AddPrevElement                               ./component/lists/fsl_component_generic_list.o
LIST_AddTail                                      ./component/lists/fsl_component_generic_list.o
LIST_GetAvailableSize                             ./component/lists/fsl_component_generic_list.o
LIST_GetHead                                      ./component/lists/fsl_component_generic_list.o
LIST_GetList                                      ./component/lists/fsl_component_generic_list.o
LIST_GetNext                                      ./component/lists/fsl_component_generic_list.o
LIST_GetPrev                                      ./component/lists/fsl_component_generic_list.o
LIST_GetSize                                      ./component/lists/fsl_component_generic_list.o
LIST_Init                                         ./component/lists/fsl_component_generic_list.o
LIST_RemoveElement                                ./component/lists/fsl_component_generic_list.o
LIST_RemoveHead                                   ./component/lists/fsl_component_generic_list.o
LLWU_ClearExternalWakeupPinFlag                   ./drivers/fsl_llwu.o
                                                  ./source/main.o
LLWU_ClearPinFilterFlag                           ./drivers/fsl_llwu.o
LLWU_DriverIRQHandler                             ./startup/startup_mcxc444.o
LLWU_GetExternalWakeupPinFlag                     ./drivers/fsl_llwu.o
                                                  ./source/main.o
LLWU_GetPinFilterFlag                             ./drivers/fsl_llwu.o
LLWU_IRQHandler                                   ./source/main.o
                                                  ./startup/startup_mcxc444.o
LLWU_SetExternalWakeupPinMode                     ./drivers/fsl_llwu.o
                                                  ./source/main.o
LLWU_SetPinFilterMode                             ./drivers/fsl_llwu.o
LPTMR0_DriverIRQHandler                           ./startup/startup_mcxc444.o
LPTMR0_IRQHandler                                 ./source/main.o
                                                  ./startup/startup_mcxc444.o
LPTMR_Deinit                                      ./drivers/fsl_lptmr.o
LPTMR_GetDefaultConfig                            ./drivers/fsl_lptmr.o
                                                  ./source/main.o
LPTMR_Init                                        ./drivers/fsl_lptmr.o
                                                  ./source/main.o
LPUART0_DriverIRQHandler                          ./drivers/fsl_lpuart.o
                                                  ./startup/startup_mcxc444.o
LPUART0_IRQHandler                                ./startup/startup_mcxc444.o
LPUART1_DriverIRQHandler                          ./drivers/fsl_lpuart.o
                                                  ./startup/startup_mcxc444.o
LPUART1_IRQHandler                                ./startup/startup_mcxc444.o
LPUART_ClearStatusFlags                           ./drivers/fsl_lpuart.o
LPUART_Deinit                                     ./drivers/fsl_lpuart.o
                                                  ./component/uart/fsl_adapter_lpuart.o
LPUART_DisableInterrupts                          ./drivers/fsl_lpuart.o
LPUART_Enable9bitMode                             ./drivers/fsl_lpuart.o
LPUART_EnableInterrupts                           ./drivers/fsl_lpuart.o
LPUART_GetDefaultConfig                           ./drivers/fsl_lpuart.o
                                                  ./component/uart/fsl_adapter_lpuart.o
LPUART_GetEnabledInterrupts                       ./drivers/fsl_lpuart.o
LPUART_GetInstance                                ./drivers/fsl_lpuart.o
LPUART_GetStatusFlags                             ./drivers/fsl_lpuart.o
                                                  ./source/main.o
LPUART_Init                                       ./drivers/fsl_lpuart.o
                                                  ./component/uart/fsl_adapter_lpuart.o
LPUART_ReadBlocking                               ./drivers/fsl_lpuart.o
                                                  ./component/uart/fsl_adapter_lpuart.o
LPUART_ReadBlocking16bit                          ./drivers/fsl_lpuart.o
LPUART_SendAddress                                ./drivers/fsl_lpuart.o
LPUART_SetBaudRate                                ./drivers/fsl_lpuart.o
LPUART_TransferAbortReceive                       ./drivers/fsl_lpuart.o
LPUART_TransferAbortSend                          ./drivers/fsl_lpuart.o
LPUART_TransferCreateHandle                       ./drivers/fsl_lpuart.o
LPUART_TransferGetReceiveCount                    ./drivers/fsl_lpuart.o
LPUART_TransferGetRxRingBufferLength              ./drivers/fsl_lpuart.o
LPUART_TransferGetSendCount                       ./drivers/fsl_lpuart.o
LPUART_TransferHandleErrorIRQ                     ./drivers/fsl_lpuart.o
LPUART_TransferHandleIRQ                          ./drivers/fsl_lpuart.o
LPUART_TransferReceiveNonBlocking                 ./drivers/fsl_lpuart.o
LPUART_TransferSendNonBlocking                    ./drivers/fsl_lpuart.o
LPUART_TransferStartRingBuffer                    ./drivers/fsl_lpuart.o
LPUART_TransferStopRingBuffer                     ./drivers/fsl_lpuart.o
LPUART_WriteBlocking                              ./drivers/fsl_lpuart.o
                                                  ./component/uart/fsl_adapter_lpuart.o
LPUART_WriteBlocking16bit                         ./drivers/fsl_lpuart.o
NMI_Handler                                       ./startup/startup_mcxc444.o
PIT_DriverIRQHandler                              ./startup/startup_mcxc444.o
PIT_IRQHandler                                    ./startup/startup_mcxc444.o
PMC_ConfigureBandgapBuffer                        ./drivers/fsl_pmc.o
PMC_ConfigureLowVoltDetect                        ./drivers/fsl_pmc.o
PMC_ConfigureLowVoltWarning                       ./drivers/fsl_pmc.o
PMC_DriverIRQHandler                              ./startup/startup_mcxc444.o
PMC_IRQHandler                                    ./startup/startup_mcxc444.o
PORTA_DriverIRQHandler                            ./startup/startup_mcxc444.o
PORTA_IRQHandler                                  ./startup/startup_mcxc444.o
PORTC_PORTD_DriverIRQHandler                      ./startup/startup_mcxc444.o
PORTC_PORTD_IRQHandler                            ./source/main.o
                                                  ./startup/startup_mcxc444.o
PendSV_Handler                                    ./startup/startup_mcxc444.o
RCM_ConfigureResetPinFilter                       ./drivers/fsl_rcm.o
RCM_SetForceBootRomSource                         ./drivers/fsl_rcm.o
RTC_DriverIRQHandler                              ./startup/startup_mcxc444.o
RTC_IRQHandler                                    ./startup/startup_mcxc444.o
RTC_Seconds_DriverIRQHandler                      ./startup/startup_mcxc444.o
RTC_Seconds_IRQHandler                            ./startup/startup_mcxc444.o
Reserved20_DriverIRQHandler                       ./startup/startup_mcxc444.o
Reserved20_IRQHandler                             ./startup/startup_mcxc444.o
Reserved42_DriverIRQHandler                       ./startup/startup_mcxc444.o
Reserved42_IRQHandler                             ./startup/startup_mcxc444.o
Reserved43_DriverIRQHandler                       ./startup/startup_mcxc444.o
Reserved43_IRQHandler                             ./startup/startup_mcxc444.o
ResetISR                                          ./startup/startup_mcxc444.o
SDK_DelayAtLeastUs                                ./drivers/fsl_common_arm.o
SDK_Free                                          ./drivers/fsl_common.o
SDK_Malloc                                        ./drivers/fsl_common.o
SLCD_ClearInterruptStatus                         ./drivers/fsl_slcd.o
SLCD_Deinit                                       ./drivers/fsl_slcd.o
SLCD_DisableInterrupts                            ./drivers/fsl_slcd.o
SLCD_EnableInterrupts                             ./drivers/fsl_slcd.o
SLCD_Engine_Init                                  ./slcd/slcd_engine.o
                                                  ./source/main.o
SLCD_Engine_Show_Icon                             ./slcd/slcd_engine.o
SLCD_Engine_Show_Num                              ./slcd/slcd_engine.o
                                                  ./source/main.o
SLCD_GetDefaultConfig                             ./drivers/fsl_slcd.o
                                                  ./source/main.o
SLCD_GetInterruptStatus                           ./drivers/fsl_slcd.o
SLCD_Icon                                         ./slcd/LCD-S401M16KR.o
                                                  ./slcd/slcd_engine.o
SLCD_Init                                         ./drivers/fsl_slcd.o
                                                  ./source/main.o
SLCD_NumPos                                       ./slcd/LCD-S401M16KR.o
                                                  ./slcd/slcd_engine.o
SLCD_StartBlinkMode                               ./drivers/fsl_slcd.o
SMC_PostExitStopModes                             ./drivers/fsl_smc.o
                                                  ./source/main.o
SMC_PostExitWaitModes                             ./drivers/fsl_smc.o
                                                  ./source/main.o
SMC_PreEnterStopModes                             ./drivers/fsl_smc.o
                                                  ./source/main.o
SMC_PreEnterWaitModes                             ./drivers/fsl_smc.o
                                                  ./source/main.o
SMC_SetPowerModeLls                               ./drivers/fsl_smc.o
                                                  ./source/main.o
SMC_SetPowerModeRun                               ./drivers/fsl_smc.o
                                                  ./source/main.o
SMC_SetPowerModeStop                              ./drivers/fsl_smc.o
                                                  ./source/main.o
SMC_SetPowerModeVlls                              ./drivers/fsl_smc.o
                                                  ./source/main.o
SMC_SetPowerModeVlpr                              ./drivers/fsl_smc.o
                                                  ./board/clock_config.o
                                                  ./source/main.o
SMC_SetPowerModeVlps                              ./drivers/fsl_smc.o
                                                  ./source/main.o
SMC_SetPowerModeVlpw                              ./drivers/fsl_smc.o
                                                  ./source/main.o
SMC_SetPowerModeWait                              ./drivers/fsl_smc.o
                                                  ./source/main.o
SPI0_DriverIRQHandler                             ./startup/startup_mcxc444.o
SPI0_IRQHandler                                   ./startup/startup_mcxc444.o
SPI1_DriverIRQHandler                             ./startup/startup_mcxc444.o
SPI1_IRQHandler                                   ./startup/startup_mcxc444.o
SVC_Handler                                       ./startup/startup_mcxc444.o
SerialManager_CloseReadHandle                     ./component/serial_manager/fsl_component_serial_manager.o
                                                  ./utilities/fsl_debug_console.o
SerialManager_CloseWriteHandle                    ./component/serial_manager/fsl_component_serial_manager.o
                                                  ./utilities/fsl_debug_console.o
SerialManager_Deinit                              ./component/serial_manager/fsl_component_serial_manager.o
                                                  ./utilities/fsl_debug_console.o
SerialManager_EnterLowpower                       ./component/serial_manager/fsl_component_serial_manager.o
                                                  ./utilities/fsl_debug_console.o
SerialManager_ExitLowpower                        ./component/serial_manager/fsl_component_serial_manager.o
                                                  ./utilities/fsl_debug_console.o
SerialManager_Init                                ./component/serial_manager/fsl_component_serial_manager.o
                                                  ./utilities/fsl_debug_console.o
SerialManager_OpenReadHandle                      ./component/serial_manager/fsl_component_serial_manager.o
                                                  ./utilities/fsl_debug_console.o
SerialManager_OpenWriteHandle                     ./component/serial_manager/fsl_component_serial_manager.o
                                                  ./utilities/fsl_debug_console.o
SerialManager_ReadBlocking                        ./component/serial_manager/fsl_component_serial_manager.o
                                                  ./utilities/fsl_debug_console.o
SerialManager_SetLowpowerCriticalCb               ./component/serial_manager/fsl_component_serial_manager.o
SerialManager_WriteBlocking                       ./component/serial_manager/fsl_component_serial_manager.o
                                                  ./utilities/fsl_debug_console.o
Serial_UartDeinit                                 ./component/serial_manager/fsl_component_serial_port_uart.o
                                                  ./component/serial_manager/fsl_component_serial_manager.o
Serial_UartEnterLowpower                          ./component/serial_manager/fsl_component_serial_port_uart.o
                                                  ./component/serial_manager/fsl_component_serial_manager.o
Serial_UartExitLowpower                           ./component/serial_manager/fsl_component_serial_port_uart.o
                                                  ./component/serial_manager/fsl_component_serial_manager.o
Serial_UartInit                                   ./component/serial_manager/fsl_component_serial_port_uart.o