Archive member included to satisfy reference by file (symbol)

C:/nxp/MCUXpressoIDE_25.6.136/ide/plugins/com.nxp.mcuxpresso.tools.win32_25.6.0.202501151204/tools/bin/../lib/gcc/arm-none-eabi/14.2.1/thumb/v6-m/nofp\libgcc.a(_udivsi3.o)
                              ./utilities/fsl_str.o (__aeabi_uidiv)
C:/nxp/MCUXpressoIDE_25.6.136/ide/plugins/com.nxp.mcuxpresso.tools.win32_25.6.0.202501151204/tools/bin/../lib/gcc/arm-none-eabi/14.2.1/thumb/v6-m/nofp\libgcc.a(_dvmd_tls.o)
                              C:/nxp/MCUXpressoIDE_25.6.136/ide/plugins/com.nxp.mcuxpresso.tools.win32_25.6.0.202501151204/tools/bin/../lib/gcc/arm-none-eabi/14.2.1/thumb/v6-m/nofp\libgcc.a(_udivsi3.o) (__aeabi_idiv0)
C:/nxp/MCUXpressoIDE_25.6.136/ide/plugins/com.nxp.mcuxpresso.tools.win32_25.6.0.202501151204/tools/bin/../lib/gcc/arm-none-eabi/14.2.1/thumb/v6-m/nofp\libgcc.a(_aeabi_uldivmod.o)
                              ./drivers/fsl_common_arm.o (__aeabi_uldivmod)
C:/nxp/MCUXpressoIDE_25.6.136/ide/plugins/com.nxp.mcuxpresso.tools.win32_25.6.0.202501151204/tools/bin/../lib/gcc/arm-none-eabi/14.2.1/thumb/v6-m/nofp\libgcc.a(_muldi3.o)
                              ./drivers/fsl_common_arm.o (__aeabi_lmul)
C:/nxp/MCUXpressoIDE_25.6.136/ide/plugins/com.nxp.mcuxpresso.tools.win32_25.6.0.202501151204/tools/bin/../lib/gcc/arm-none-eabi/14.2.1/thumb/v6-m/nofp\libgcc.a(_udivmoddi4.o)
                              C:/nxp/MCUXpressoIDE_25.6.136/ide/plugins/com.nxp.mcuxpresso.tools.win32_25.6.0.202501151204/tools/bin/../lib/gcc/arm-none-eabi/14.2.1/thumb/v6-m/nofp\libgcc.a(_aeabi_uldivmod.o) (__udivmoddi4)
C:/nxp/MCUXpressoIDE_25.6.136/ide/plugins/com.nxp.mcuxpresso.tools.win32_25.6.0.202501151204/tools/bin/../lib/gcc/arm-none-eabi/14.2.1/thumb/v6-m/nofp\libgcc.a(_clzdi2.o)
                              C:/nxp/MCUXpressoIDE_25.6.136/ide/plugins/com.nxp.mcuxpresso.tools.win32_25.6.0.202501151204/tools/bin/../lib/gcc/arm-none-eabi/14.2.1/thumb/v6-m/nofp\libgcc.a(_udivmoddi4.o) (__clzdi2)
C:/nxp/MCUXpressoIDE_25.6.136/ide/plugins/com.nxp.mcuxpresso.tools.win32_25.6.0.202501151204/tools/bin/../lib/gcc/arm-none-eabi/14.2.1/thumb/v6-m/nofp\libgcc.a(_clzsi2.o)
                              C:/nxp/MCUXpressoIDE_25.6.136/ide/plugins/com.nxp.mcuxpresso.tools.win32_25.6.0.202501151204/tools/bin/../lib/gcc/arm-none-eabi/14.2.1/thumb/v6-m/nofp\libgcc.a(_clzdi2.o) (__clzsi2)
C:/nxp/MCUXpressoIDE_25.6.136/ide/plugins/com.nxp.mcuxpresso.tools.win32_25.6.0.202501151204/tools/bin/../lib/gcc/arm-none-eabi/14.2.1/thumb/v6-m/nofp\libc_nano.a(libc_a-malloc.o)
                              ./drivers/fsl_common.o (malloc)
C:/nxp/MCUXpressoIDE_25.6.136/ide/plugins/com.nxp.mcuxpresso.tools.win32_25.6.0.202501151204/tools/bin/../lib/gcc/arm-none-eabi/14.2.1/thumb/v6-m/nofp\libc_nano.a(libc_a-mallocr.o)
                              C:/nxp/MCUXpressoIDE_25.6.136/ide/plugins/com.nxp.mcuxpresso.tools.win32_25.6.0.202501151204/tools/bin/../lib/gcc/arm-none-eabi/14.2.1/thumb/v6-m/nofp\libc_nano.a(libc_a-malloc.o) (_malloc_r)
C:/nxp/MCUXpressoIDE_25.6.136/ide/plugins/com.nxp.mcuxpresso.tools.win32_25.6.0.202501151204/tools/bin/../lib/gcc/arm-none-eabi/14.2.1/thumb/v6-m/nofp\libc_nano.a(libc_a-mlock.o)
                              C:/nxp/MCUXpressoIDE_25.6.136/ide/plugins/com.nxp.mcuxpresso.tools.win32_25.6.0.202501151204/tools/bin/../lib/gcc/arm-none-eabi/14.2.1/thumb/v6-m/nofp\libc_nano.a(libc_a-mallocr.o) (__malloc_lock)
C:/nxp/MCUXpressoIDE_25.6.136/ide/plugins/com.nxp.mcuxpresso.tools.win32_25.6.0.202501151204/tools/bin/../lib/gcc/arm-none-eabi/14.2.1/thumb/v6-m/nofp\libc_nano.a(libc_a-strtoul.o)
                              ./utilities/fsl_str.o (strtoul)
C:/nxp/MCUXpressoIDE_25.6.136/ide/plugins/com.nxp.mcuxpresso.tools.win32_25.6.0.202501151204/tools/bin/../lib/gcc/arm-none-eabi/14.2.1/thumb/v6-m/nofp\libc_nano.a(libc_a-ctype_.o)
                              C:/nxp/MCUXpressoIDE_25.6.136/ide/plugins/com.nxp.mcuxpresso.tools.win32_25.6.0.202501151204/tools/bin/../lib/gcc/arm-none-eabi/14.2.1/thumb/v6-m/nofp\libc_nano.a(libc_a-strtoul.o) (_ctype_)
C:/nxp/MCUXpressoIDE_25.6.136/ide/plugins/com.nxp.mcuxpresso.tools.win32_25.6.0.202501151204/tools/bin/../lib/gcc/arm-none-eabi/14.2.1/thumb/v6-m/nofp\libc_nano.a(libc_a-memset.o)
                              ./utilities/fsl_debug_console.o (memset)
C:/nxp/MCUXpressoIDE_25.6.136/ide/plugins/com.nxp.mcuxpresso.tools.win32_25.6.0.202501151204/tools/bin/../lib/gcc/arm-none-eabi/14.2.1/thumb/v6-m/nofp\libc_nano.a(libc_a-impure.o)
                              C:/nxp/MCUXpressoIDE_25.6.136/ide/plugins/com.nxp.mcuxpresso.tools.win32_25.6.0.202501151204/tools/bin/../lib/gcc/arm-none-eabi/14.2.1/thumb/v6-m/nofp\libc_nano.a(libc_a-malloc.o) (_impure_ptr)
C:/nxp/MCUXpressoIDE_25.6.136/ide/plugins/com.nxp.mcuxpresso.tools.win32_25.6.0.202501151204/tools/bin/../lib/gcc/arm-none-eabi/14.2.1/thumb/v6-m/nofp\libc_nano.a(libc_a-sbrkr.o)
[...]
Memory Configuration

Name             Origin             Length             Attributes
PROGRAM_FLASH    0x00000000         0x00040000         xr
SRAM             0x1fffe000         0x00008000         xrw
*default*        0x00000000         0xffffffff

Linker script and memory map

LOAD ./utilities/fsl_assert.o
LOAD ./utilities/fsl_debug_console.o
LOAD ./utilities/fsl_str.o
LOAD ./startup/startup_mcxc444.o
LOAD ./source/SD2_board.o
LOAD ./source/main.o
LOAD ./source/mtb.o
LOAD ./source/semihost_hardfault.o
LOAD ./slcd/LCD-S401M16KR.o
LOAD ./slcd/slcd_engine.o
LOAD ./drivers/fsl_clock.o
LOAD ./drivers/fsl_common.o
LOAD ./drivers/fsl_common_arm.o
LOAD ./drivers/fsl_gpio.o
LOAD ./drivers/fsl_llwu.o
LOAD ./drivers/fsl_lptmr.o
LOAD ./drivers/fsl_lpuart.o
LOAD ./drivers/fsl_pmc.o
LOAD ./drivers/fsl_rcm.o
LOAD ./drivers/fsl_slcd.o
LOAD ./drivers/fsl_smc.o
LOAD ./device/system_MCXC444.o
LOAD ./component/uart/fsl_adapter_lpuart.o
LOAD ./component/serial_manager/fsl_component_serial_manager.o
LOAD ./component/serial_manager/fsl_component_serial_port_uart.o
LOAD ./component/lists/fsl_component_generic_list.o
LOAD ./board/board.o
LOAD ./board/clock_config.o
LOAD ./board/peripherals.o
LOAD ./board/pin_mux.o
START GROUP
LOAD C:/nxp/MCUXpressoIDE_25.6.136/ide/plugins/com.nxp.mcuxpresso.tools.win32_25.6.0.202501151204/tools/bin/../lib/gcc/arm-none-eabi/14.2.1/thumb/v6-m/nofp\libgcc.a
LOAD C:/nxp/MCUXpressoIDE_25.6.136/ide/plugins/com.nxp.mcuxpresso.tools.win32_25.6.0.202501151204/tools/bin/../lib/gcc/arm-none-eabi/14.2.1/thumb/v6-m/nofp\libc_nano.a
LOAD C:/nxp/MCUXpressoIDE_25.6.136/ide/plugins/com.nxp.mcuxpresso.tools.win32_25.6.0.202501151204/tools/bin/../lib/gcc/arm-none-eabi/14.2.1/thumb/v6-m/nofp\libm.a
LOAD C:/nxp/MCUXpressoIDE_25.6.136/ide/plugins/com.nxp.mcuxpresso.tools.win32_25.6.0.202501151204/tools/bin/../lib/gcc/arm-none-eabi/14.2.1/../../../../arm-none-eabi/lib/thumb/v6-m/nofp\libcr_newlib_nohost.a
END GROUP
                0x00000000                        __base_PROGRAM_FLASH = 0x0
                0x00000000                        __base_Flash = 0x0
                0x00040000                        __top_PROGRAM_FLASH = 0x40000
                0x00040000                        __top_Flash = 0x40000
                0x1fffe000                        __base_SRAM = 0x1fffe000
                0x1fffe000                        __base_RAM = 0x1fffe000
                0x20006000                        __top_SRAM = 0x20006000
                0x20006000                        __top_RAM = 0x20006000

.text           0x00000000     0x576c
 FILL mask 0xff
                0x00000000                        __vectors_start__ = ABSOLUTE (.)
 *(SORT_BY_ALIGNMENT(.isr_vector))
 .isr_vector    0x00000000       0xc0 ./startup/startup_mcxc444.o
                0x00000000                g_pfnVectors
                0x00000000                __Vectors
                0x000000c0                        . = ALIGN (0x4)
                0x000000c0                        __section_table_start = .
                0x000000c0                        __data_section_table = .
                0x000000c0        0x4 LONG 0x576c LOADADDR (.data)
                0x000000c4        0x4 LONG 0x1fffe080 ADDR (.data)
                0x000000c8        0x4 LONG 0xd0 SIZEOF (.data)
                0x000000cc                        __data_section_table_end = .
                0x000000cc                        __bss_section_table = .
                0x000000cc        0x4 LONG 0x1fffe150 ADDR (.bss)
                0x000000d0        0x4 LONG 0x4c SIZEOF (.bss)
                0x000000d4                        __bss_section_table_end = .
                0x000000d4                        __section_table_end = .
 *(SORT_BY_ALIGNMENT(.after_vectors*))
 .after_vectors.reset
                0x000000d4       0x4c ./startup/startup_mcxc444.o
                0x000000d4                ResetISR
 .after_vectors.init_data
                0x00000120       0x12 ./startup/startup_mcxc444.o
                0x00000120                data_init
 .after_vectors.init_bss
                0x00000132       0x10 ./startup/startup_mcxc444.o
                0x00000132                bss_init
 .after_vectors
                0x00000142      0x10c ./startup/startup_mcxc444.o
                0x00000142                NMI_Handler
                0x00000146                SVC_Handler
                0x00000148                PendSV_Handler
                0x0000014c                Reserved42_DriverIRQHandler
                0x0000014c                PIT_DriverIRQHandler
                0x0000014c                LPTMR0_DriverIRQHandler
                0x0000014c                PORTC_PORTD_DriverIRQHandler
                0x0000014c                DMA0_DriverIRQHandler
                0x0000014c                SPI1_DriverIRQHandler
                0x0000014c                I2C0_DriverIRQHandler
                0x0000014c                Reserved43_DriverIRQHandler
                0x0000014c                I2S0_DriverIRQHandler
                0x0000014c                DMA2_DriverIRQHandler
                0x0000014c                TPM2_DriverIRQHandler
                0x0000014c                CMP0_DriverIRQHandler
                0x0000014c                ADC0_DriverIRQHandler
                0x0000014c                RTC_Seconds_DriverIRQHandler
                0x0000014c                LLWU_DriverIRQHandler
                0x0000014c                SPI0_DriverIRQHandler
                0x0000014c                I2C1_DriverIRQHandler
                0x0000014c                DMA1_DriverIRQHandler
                0x0000014c                FTFA_DriverIRQHandler
                0x0000014c                IntDefaultHandler
                0x0000014c                USB0_DriverIRQHandler
                0x0000014c                DAC0_DriverIRQHandler
                0x0000014c                TPM0_DriverIRQHandler
                0x0000014c                PMC_DriverIRQHandler
                0x0000014c                LCD_DriverIRQHandler
                0x0000014c                RTC_DriverIRQHandler
                0x0000014c                TPM1_DriverIRQHandler
                0x0000014c                Reserved20_DriverIRQHandler
                0x0000014c                DMA3_DriverIRQHandler
                0x0000014c                PORTA_DriverIRQHandler
                0x0000014c                UART2_FLEXIO_DriverIRQHandler
                0x0000014e                DMA0_IRQHandler
                0x00000156                DMA1_IRQHandler
                0x0000015e                DMA2_IRQHandler
                0x00000166                DMA3_IRQHandler
                0x0000016e                Reserved20_IRQHandler
                0x00000176                FTFA_IRQHandler
                0x0000017e                PMC_IRQHandler
                0x0000018e                I2C0_IRQHandler
                0x00000196                I2C1_IRQHandler
                0x0000019e                SPI0_IRQHandler
                0x000001a6                SPI1_IRQHandler
                0x000001ae                LPUART0_IRQHandler
                0x000001b6                LPUART1_IRQHandler
                0x000001be                UART2_FLEXIO_IRQHandler
                0x000001c6                ADC0_IRQHandler
                0x000001ce                CMP0_IRQHandler
                0x000001d6                TPM0_IRQHandler
                0x000001de                TPM1_IRQHandler
                0x000001e6                TPM2_IRQHandler
                0x000001ee                RTC_IRQHandler
                0x000001f6                RTC_Seconds_IRQHandler
                0x000001fe                PIT_IRQHandler
                0x00000206                I2S0_IRQHandler
                0x0000020e                USB0_IRQHandler
                0x00000216                DAC0_IRQHandler
                0x0000021e                Reserved42_IRQHandler
                0x00000226                Reserved43_IRQHandler
                0x00000236                LCD_IRQHandler
                0x0000023e                PORTA_IRQHandler
                0x00000400                        . = 0x400
 *fill*         0x0000024e      0x1b2 ff
                0x00000400                        PROVIDE (__FLASH_CONFIG_START__ = .)
 *(SORT_BY_ALIGNMENT(.FlashConfig))
 .FlashConfig   0x00000400       0x10 ./startup/startup_mcxc444.o
                0x00000400                Flash_Config
                0x00000410                        PROVIDE (__FLASH_CONFIG_END__ = .)
                0x00000001                        ASSERT (! ((__FLASH_CONFIG_START__ == __FLASH_CONFIG_END__)), Linker Flash Config Support Enabled, but no .FlashConfig section provided within application)
 *(SORT_BY_ALIGNMENT(.text*))
 .text.__assert_func
                0x00000410       0x34 ./utilities/fsl_assert.o
                0x00000410                __assert_func
 .text.DbgConsole_ReadOneCharacter
                0x00000444       0x58 ./utilities/fsl_debug_console.o
                0x00000444                DbgConsole_ReadOneCharacter
 .text.DbgConsole_SendDataReliable
                0x0000049c       0x5c ./utilities/fsl_debug_console.o
                0x0000049c                DbgConsole_SendDataReliable
 .text.DbgConsole_ReadCharacter
                0x000004f8       0x44 ./utilities/fsl_debug_console.o
                0x000004f8                DbgConsole_ReadCharacter
 .text.DbgConsole_Init
                0x0000053c      0x1a4 ./utilities/fsl_debug_console.o
                0x0000053c                DbgConsole_Init
 .text.DbgConsole_Deinit
                0x000006e0       0x68 ./utilities/fsl_debug_console.o
                0x000006e0                DbgConsole_Deinit
 .text.DbgConsole_Vprintf
                0x00000748       0x70 ./utilities/fsl_debug_console.o
                0x00000748                DbgConsole_Vprintf
 .text.CLOCK_EnableClock
                0x000007b8       0x34 ./source/SD2_board.o
 .text.PORT_SetPinConfig
                0x000007ec       0x48 ./source/SD2_board.o
 .text.board_init
                0x00000834      0x18c ./source/SD2_board.o
                0x00000834                board_init
 .text.board_setLed
                0x000009c0       0xd8 ./source/SD2_board.o
                0x000009c0                board_setLed
 .text.__NVIC_EnableIRQ
                0x00000a98       0x34 ./source/main.o
 .text.__NVIC_ClearPendingIRQ
                0x00000acc       0x38 ./source/main.o
 .text.__NVIC_SetPriority
                0x00000b04       0xdc ./source/main.o
 .text.SysTick_Config
                0x00000be0       0x48 ./source/main.o
 .text.CLOCK_SetLpuart0Clock
                0x00000c28       0x38 ./source/main.o
 .text.LPTMR_SetTimerPeriod
                0x00000c60       0x40 ./source/main.o
 .text.PORT_SetPinMux
                0x00000ca0       0x40 ./source/main.o
 .text.PORT_SetPinInterruptConfig
                0x00000ce0       0x40 ./source/main.o
 .text.APP_PowerPreSwitchHook
                0x00000d20       0xa8 ./source/main.o
                0x00000d20                APP_PowerPreSwitchHook
 .text.APP_PowerPostSwitchHook
                0x00000dc8       0x78 ./source/main.o
                0x00000dc8                APP_PowerPostSwitchHook
 .text.LLWU_IRQHandler
                0x00000e40       0x70 ./source/main.o
                0x00000e40                LLWU_IRQHandler
 .text.LPTMR0_IRQHandler
                0x00000eb0       0x3c ./source/main.o
                0x00000eb0                LPTMR0_IRQHandler
 .text.PORTC_PORTD_IRQHandler
                0x00000eec       0x34 ./source/main.o
                0x00000eec                PORTC_PORTD_IRQHandler
 .text.APP_GetWakeupTimeout
                0x00000f20       0x84 ./source/main.o
 .text.APP_GetWakeupSource
                0x00000fa4       0x90 ./source/main.o
 .text.APP_GetWakeupConfig
                0x00001034       0x84 ./source/main.o
                0x00001034                APP_GetWakeupConfig
 .text.APP_SetWakeupConfig
                0x000010b8       0xc0 ./source/main.o
                0x000010b8                APP_SetWakeupConfig
 .text.APP_ShowPowerMode
                0x00001178       0x84 ./source/main.o
                0x00001178                APP_ShowPowerMode
 .text.APP_CheckPowerMode
                0x000011fc       0xd8 ./source/main.o
                0x000011fc                APP_CheckPowerMode
 .text.APP_PowerModeSwitch
                0x000012d4      0x14c ./source/main.o
                0x000012d4                APP_PowerModeSwitch
 .text.BOARD_SetSlcdBackPlanePhase
                0x00001420       0x40 ./source/main.o
                0x00001420                BOARD_SetSlcdBackPlanePhase
 .text.SLCD_SetLCDPin
                0x00001460       0xfc ./source/main.o
 .text.main     0x0000155c      0x344 ./source/main.o
                0x0000155c                main
 .text.SysTick_Handler
                0x000018a0       0x38 ./source/main.o
                0x000018a0                SysTick_Handler
 .text.HardFault_Handler
                0x000018d8       0x38 ./source/semihost_hardfault.o
                0x000018d8                HardFault_Handler
 .text.SLCD_Engine_Show_Num
                0x00001910       0x8c ./slcd/slcd_engine.o
                0x00001910                SLCD_Engine_Show_Num
 .text.CLOCK_SetEr32kClock
                0x0000199c       0x34 ./drivers/fsl_clock.o
 .text.CLOCK_GetLircClkFreq
                0x000019d0       0x50 ./drivers/fsl_clock.o
 .text.CLOCK_GetOscRangeFromFreq
                0x00001a20       0x4c ./drivers/fsl_clock.o
 .text.CLOCK_GetOsc0ErClkFreq
                0x00001a6c       0x50 ./drivers/fsl_clock.o
                0x00001a6c                CLOCK_GetOsc0ErClkFreq
 .text.CLOCK_GetEr32kClkFreq
                0x00001abc       0x84 ./drivers/fsl_clock.o
                0x00001abc                CLOCK_GetEr32kClkFreq
 .text.CLOCK_GetFreq
                0x00001b40       0xc0 ./drivers/fsl_clock.o
                0x00001b40                CLOCK_GetFreq
 .text.CLOCK_SetSimConfig
                0x00001c00       0x2c ./drivers/fsl_clock.o
                0x00001c00                CLOCK_SetSimConfig
 .text.CLOCK_GetInternalRefClkFreq
                0x00001c2c       0x48 ./drivers/fsl_clock.o
                0x00001c2c                CLOCK_GetInternalRefClkFreq
 .text.CLOCK_GetPeriphClkFreq
                0x00001c74       0x3c ./drivers/fsl_clock.o
                0x00001c74                CLOCK_GetPeriphClkFreq
 .text.CLOCK_GetOutClkFreq
                0x00001cb0       0x88 ./drivers/fsl_clock.o
                0x00001cb0                CLOCK_GetOutClkFreq
 .text.CLOCK_SetMcgliteConfig
                0x00001d38      0x120 ./drivers/fsl_clock.o
                0x00001d38                CLOCK_SetMcgliteConfig
 .text.CLOCK_InitOsc0
                0x00001e58       0x94 ./drivers/fsl_clock.o
                0x00001e58                CLOCK_InitOsc0
 .text.GPIO_PinInit
                0x00001eec       0x70 ./drivers/fsl_gpio.o
                0x00001eec                GPIO_PinInit
 .text.CLOCK_EnableClock
                0x00001f5c       0x34 ./drivers/fsl_lptmr.o
 .text.LPTMR_GetInstance
                0x00001f90       0x54 ./drivers/fsl_lptmr.o
 .text.LPTMR_Init
                0x00001fe4       0xa0 ./drivers/fsl_lptmr.o
                0x00001fe4                LPTMR_Init
 .text.LPTMR_GetDefaultConfig
                0x00002084       0x64 ./drivers/fsl_lptmr.o
                0x00002084                LPTMR_GetDefaultConfig
 .text.CLOCK_EnableClock
                0x000020e8       0x34 ./drivers/fsl_lpuart.o
 .text.CLOCK_DisableClock
                0x0000211c       0x38 ./drivers/fsl_lpuart.o
 .text.LPUART_GetInstance
                0x00002154       0x58 ./drivers/fsl_lpuart.o
                0x00002154                LPUART_GetInstance
 .text.LPUART_Init
                0x000021ac      0x2d8 ./drivers/fsl_lpuart.o
                0x000021ac                LPUART_Init
 .text.LPUART_Deinit
                0x00002484       0x6c ./drivers/fsl_lpuart.o
                0x00002484                LPUART_Deinit
 .text.LPUART_GetDefaultConfig
                0x000024f0       0x78 ./drivers/fsl_lpuart.o
                0x000024f0                LPUART_GetDefaultConfig
 .text.LPUART_GetStatusFlags
                0x00002568       0x24 ./drivers/fsl_lpuart.o
                0x00002568                LPUART_GetStatusFlags
 .text.LPUART_ClearStatusFlags
                0x0000258c       0x54 ./drivers/fsl_lpuart.o
                0x0000258c                LPUART_ClearStatusFlags
 .text.LPUART_WriteBlocking
                0x000025e0       0x7c ./drivers/fsl_lpuart.o
                0x000025e0                LPUART_WriteBlocking
 .text.LPUART_ReadBlocking
                0x0000265c      0x12c ./drivers/fsl_lpuart.o
                0x0000265c                LPUART_ReadBlocking
 .text.LPUART0_DriverIRQHandler
                0x00002788       0x24 ./drivers/fsl_lpuart.o
                0x00002788                LPUART0_DriverIRQHandler
 .text.LPUART1_DriverIRQHandler
                0x000027ac       0x24 ./drivers/fsl_lpuart.o
                0x000027ac                LPUART1_DriverIRQHandler
 .text.__NVIC_EnableIRQ
                0x000027d0       0x34 ./drivers/fsl_slcd.o
 .text.CLOCK_EnableClock
                0x00002804       0x34 ./drivers/fsl_slcd.o
 .text.SLCD_GetInstance
                0x00002838       0x54 ./drivers/fsl_slcd.o
 .text.SLCD_Init
                0x0000288c      0x278 ./drivers/fsl_slcd.o
                0x0000288c                SLCD_Init
 .text.SLCD_GetDefaultConfig
                0x00002b04       0x58 ./drivers/fsl_slcd.o
                0x00002b04                SLCD_GetDefaultConfig
 .text.SMC_EnterStopRamFunc
                0x00002b5c       0x20 ./drivers/fsl_smc.o
 .text.SMC_PreEnterStopModes
                0x00002b7c       0x20 ./drivers/fsl_smc.o
                0x00002b7c                SMC_PreEnterStopModes
 .text.SMC_PostExitStopModes
                0x00002b9c       0x20 ./drivers/fsl_smc.o
                0x00002b9c                SMC_PostExitStopModes
 .text.SMC_PreEnterWaitModes
                0x00002bbc       0x20 ./drivers/fsl_smc.o
                0x00002bbc                SMC_PreEnterWaitModes
 .text.SMC_PostExitWaitModes
                0x00002bdc       0x20 ./drivers/fsl_smc.o
                0x00002bdc                SMC_PostExitWaitModes
 .text.SMC_SetPowerModeWait
                0x00002bfc       0x30 ./drivers/fsl_smc.o
                0x00002bfc                SMC_SetPowerModeWait
 .text.SMC_SetPowerModeStop
                0x00002c2c       0xa0 ./drivers/fsl_smc.o
                0x00002c2c                SMC_SetPowerModeStop
 .text.SMC_SetPowerModeVlpw
                0x00002ccc       0x30 ./drivers/fsl_smc.o
                0x00002ccc                SMC_SetPowerModeVlpw
 .text.SMC_SetPowerModeVlps
                0x00002cfc       0x6c ./drivers/fsl_smc.o
                0x00002cfc                SMC_SetPowerModeVlps
 .text.SMC_SetPowerModeLls
                0x00002d68       0x6c ./drivers/fsl_smc.o
                0x00002d68                SMC_SetPowerModeLls
 .text.SMC_SetPowerModeVlls
                0x00002dd4       0xc8 ./drivers/fsl_smc.o
                0x00002dd4                SMC_SetPowerModeVlls
 .text.SystemInit
                0x00002e9c       0x40 ./device/system_MCXC444.o
                0x00002e9c                SystemInit
 .text.HAL_UartGetStatus
                0x00002edc       0x34 ./component/uart/fsl_adapter_lpuart.o
 .text.HAL_UartInitCommon
                0x00002f10       0xa0 ./component/uart/fsl_adapter_lpuart.o
 .text.HAL_UartInit
                0x00002fb0       0xc0 ./component/uart/fsl_adapter_lpuart.o
                0x00002fb0                HAL_UartInit
 .text.HAL_UartDeinit
                0x00003070       0x50 ./component/uart/fsl_adapter_lpuart.o
                0x00003070                HAL_UartDeinit
 .text.HAL_UartReceiveBlocking
                0x000030c0       0x94 ./component/uart/fsl_adapter_lpuart.o
                0x000030c0                HAL_UartReceiveBlocking
 .text.HAL_UartSendBlocking
                0x00003154       0x8c ./component/uart/fsl_adapter_lpuart.o
                0x00003154                HAL_UartSendBlocking
 .text.SerialManager_StartWriting
                0x000031e0       0x44 ./component/serial_manager/fsl_component_serial_manager.o
 .text.SerialManager_StartReading
                0x00003224       0x44 ./component/serial_manager/fsl_component_serial_manager.o
 .text.SerialManager_Init
                0x00003268       0x70 ./component/serial_manager/fsl_component_serial_manager.o
                0x00003268                SerialManager_Init
 .text.SerialManager_Deinit
                0x000032d8       0x5c ./component/serial_manager/fsl_component_serial_manager.o
                0x000032d8                SerialManager_Deinit
 .text.SerialManager_OpenReadHandle
                0x00003334       0x74 ./component/serial_manager/fsl_component_serial_manager.o
                0x00003334                SerialManager_OpenReadHandle
 .text.CLOCK_SetSimSafeDivs
                0x000033a8       0x20 ./board/clock_config.o
 .text.CLOCK_SetXtal0Freq
                0x000033c8       0x1c ./board/clock_config.o
 .text.BOARD_BootClockRUN
                0x000033e4       0x4c ./board/clock_config.o
                0x000033e4                BOARD_BootClockRUN
 .text.BOARD_BootClockVLPR
                0x00003430       0x70 ./board/clock_config.o
                0x00003430                BOARD_BootClockVLPR
 .text.CLOCK_EnableClock
                0x000034a0       0x34 ./board/pin_mux.o
 .text.PORT_SetPinMux
                0x000034d4       0x40 ./board/pin_mux.o
 .text.BOARD_InitLCDPins
                0x00003514       0xdc ./board/pin_mux.o
                0x00003514                BOARD_InitLCDPins
 .text.BOARD_InitDbgUARTPins
                0x000035f0       0x4c ./board/pin_mux.o
                0x000035f0                BOARD_InitDbgUARTPins
 .text.BOARD_InitWKUPPins
                0x0000363c       0x28 ./board/pin_mux.o
                0x0000363c                BOARD_InitWKUPPins
 .text.BOARD_InitNMIPins
                0x00003664       0x28 ./board/pin_mux.o
                0x00003664                BOARD_InitNMIPins
 .text          0x0000368c      0x114 C:/nxp/MCUXpressoIDE_25.6.136/ide/plugins/com.nxp.mcuxpresso.tools.win32_25.6.0.202501151204/tools/bin/../lib/gcc/arm-none-eabi/14.2.1/thumb/v6-m/nofp\libgcc.a(_udivsi3.o)
                0x0000368c                __aeabi_uidiv
                0x0000368c                __udivsi3
                0x00003798                __aeabi_uidivmod
 .text          0x000037a0        0x4 C:/nxp/MCUXpressoIDE_25.6.136/ide/plugins/com.nxp.mcuxpresso.tools.win32_25.6.0.202501151204/tools/bin/../lib/gcc/arm-none-eabi/14.2.1/thumb/v6-m/nofp\libgcc.a(_dvmd_tls.o)
                0x000037a0                __aeabi_idiv0
                0x000037a0                __aeabi_ldiv0
 .text.fsl_assert_hook
                0x000037a4       0x16 ./utilities/fsl_assert.o
                0x000037a4                fsl_assert_hook
 .text.DbgConsole_PrintCallback
                0x000037ba       0x6c ./utilities/fsl_debug_console.o
 .text.DbgConsole_Printf
                0x00003826       0x32 ./utilities/fsl_debug_console.o
                0x00003826                DbgConsole_Printf
 .text.DbgConsole_Getchar
                0x00003858       0x2e ./utilities/fsl_debug_console.o
                0x00003858                DbgConsole_Getchar
 .text.PrintGetWidth
                0x00003886       0x7c ./utilities/fsl_str.o
 .text.PrintGetPrecision
                0x00003902       0xa0 ./utilities/fsl_str.o
 .text.PrintIsobpu
                0x000039a2       0x3e ./utilities/fsl_str.o
 .text.PrintIsdi
                0x000039e0       0x2e ./utilities/fsl_str.o
 .text.PrintOutputdifFobpu
                0x00003a0e       0x48 ./utilities/fsl_str.o
 .text.PrintOutputxX
                0x00003a56       0x48 ./utilities/fsl_str.o
 .text.PrintIsfF
                0x00003a9e       0x2e ./utilities/fsl_str.o
 .text.PrintIsxX
                0x00003acc       0x2e ./utilities/fsl_str.o
 .text.PrintFilterLengthFlag
                0x00003afa       0x44 ./utilities/fsl_str.o
 .text.PrintGetRadixFromobpu
                0x00003b3e       0x58 ./utilities/fsl_str.o
 .text.ConvertRadixNumToString
                0x00003b96       0xc0 ./utilities/fsl_str.o
 .text.StrFormatExaminedi
                0x00003c56       0x22 ./utilities/fsl_str.o
 .text.StrFormatExaminexX
                0x00003c78       0x22 ./utilities/fsl_str.o
 .text.StrFormatExamineobpu
                0x00003c9a       0x22 ./utilities/fsl_str.o
 .text.ConvertPrecisionWidthToLength
                0x00003cbc       0x22 ./utilities/fsl_str.o
 .text.StrFormatPrintf
                0x00003cde      0x2d6 ./utilities/fsl_str.o
                0x00003cde                StrFormatPrintf
 .text.GPIO_PortSet
                0x00003fb4       0x18 ./source/SD2_board.o
 .text.GPIO_PortClear
                0x00003fcc       0x18 ./source/SD2_board.o
 .text.GPIO_PortToggle
                0x00003fe4       0x18 ./source/SD2_board.o
 .text.LLWU_EnableInternalModuleInterruptWakup
                0x00003ffc       0x54 ./source/main.o
 .text.LLWU_GetInternalWakeupModuleFlag
                0x00004050       0x32 ./source/main.o
 .text.LPTMR_EnableInterrupts
                0x00004082       0x2e ./source/main.o
 .text.LPTMR_DisableInterrupts
                0x000040b0       0x30 ./source/main.o
 .text.LPTMR_GetEnabledInterrupts
                0x000040e0       0x18 ./source/main.o
 .text.LPTMR_ClearStatusFlags
                0x000040f8       0x1e ./source/main.o
 .text.LPTMR_StartTimer
                0x00004116       0x2c ./source/main.o
 .text.LPTMR_StopTimer
                0x00004142       0x2c ./source/main.o
 .text.PMC_ClearPeriphIOIsolationFlag
                0x0000416e       0x20 ./source/main.o
 .text.PORT_GetPinsInterruptFlags
                0x0000418e       0x16 ./source/main.o
 .text.PORT_ClearPinsInterruptFlags
                0x000041a4       0x1a ./source/main.o
 .text.RCM_GetPreviousResetSources
                0x000041be       0x30 ./source/main.o
 .text.SLCD_StartDisplay
                0x000041ee       0x1c ./source/main.o
 .text.SLCD_SetBackPlanePhase
                0x0000420a       0x26 ./source/main.o
 .text.SLCD_SetFrontPlaneSegments
                0x00004230       0x26 ./source/main.o
 .text.SLCD_SetFrontPlaneOnePhase
                0x00004256       0x84 ./source/main.o
 .text.SMC_SetPowerModeProtection
                0x000042da       0x1e ./source/main.o
 .text.SMC_GetPowerModeState
                0x000042f8       0x16 ./source/main.o
 .text.APP_InitDefaultDebugConsole
                0x0000430e       0x2c ./source/main.o
 .text.APP_InitVlprDebugConsole
                0x0000433a       0x2c ./source/main.o
 .text.SLCD_Engine_Init
                0x00004366       0x18 ./slcd/slcd_engine.o
                0x00004366                SLCD_Engine_Init
 .text.OSC_SetExtRefClkConfig
                0x0000437e       0x3e ./drivers/fsl_clock.o
 .text.OSC_SetCapLoad
                0x000043bc       0x42 ./drivers/fsl_clock.o
 .text.GPIO_PinWrite
                0x000043fe       0x34 ./drivers/fsl_gpio.o
 .text.LLWU_SetExternalWakeupPinMode
                0x00004432       0xb0 ./drivers/fsl_llwu.o
                0x00004432                LLWU_SetExternalWakeupPinMode
 .text.LLWU_GetExternalWakeupPinFlag
                0x000044e2       0x74 ./drivers/fsl_llwu.o
                0x000044e2                LLWU_GetExternalWakeupPinFlag
 .text.LLWU_ClearExternalWakeupPinFlag
                0x00004556       0x4c ./drivers/fsl_llwu.o
                0x00004556                LLWU_ClearExternalWakeupPinFlag
 .text.EnableIRQ
                0x000045a2       0x36 ./drivers/fsl_slcd.o
 .text.DisableGlobalIRQ
                0x000045d8       0x1e ./drivers/fsl_smc.o
 .text.EnableGlobalIRQ
                0x000045f6       0x1c ./drivers/fsl_smc.o
 .text.SMC_SetPowerModeRun
                0x00004612       0x38 ./drivers/fsl_smc.o
                0x00004612                SMC_SetPowerModeRun
 .text.SMC_SetPowerModeVlpr
                0x0000464a       0x3c ./drivers/fsl_smc.o
                0x0000464a                SMC_SetPowerModeVlpr
 .text.SystemInitHook
                0x00004686        0xa ./device/system_MCXC444.o
                0x00004686                SystemInitHook
 .text.DisableGlobalIRQ
                0x00004690       0x1e ./component/serial_manager/fsl_component_serial_manager.o
 .text.EnableGlobalIRQ
                0x000046ae       0x1c ./component/serial_manager/fsl_component_serial_manager.o
 .text.SerialManager_Write
                0x000046ca       0x44 ./component/serial_manager/fsl_component_serial_manager.o
 .text.SerialManager_Read
                0x0000470e       0x44 ./component/serial_manager/fsl_component_serial_manager.o
 .text.SerialManager_OpenWriteHandle
                0x00004752       0x56 ./component/serial_manager/fsl_component_serial_manager.o
                0x00004752                SerialManager_OpenWriteHandle
 .text.SerialManager_CloseWriteHandle
                0x000047a8       0x56 ./component/serial_manager/fsl_component_serial_manager.o
                0x000047a8                SerialManager_CloseWriteHandle
 .text.SerialManager_CloseReadHandle
                0x000047fe       0x56 ./component/serial_manager/fsl_component_serial_manager.o
                0x000047fe                SerialManager_CloseReadHandle
 .text.SerialManager_WriteBlocking
                0x00004854       0x22 ./component/serial_manager/fsl_component_serial_manager.o
                0x00004854                SerialManager_WriteBlocking
 .text.SerialManager_ReadBlocking
                0x00004876       0x22 ./component/serial_manager/fsl_component_serial_manager.o
                0x00004876                SerialManager_ReadBlocking
 .text.Serial_UartInit
                0x00004898       0x4e ./component/serial_manager/fsl_component_serial_port_uart.o
                0x00004898                Serial_UartInit
 .text.Serial_UartDeinit
                0x000048e6       0x24 ./component/serial_manager/fsl_component_serial_port_uart.o
                0x000048e6                Serial_UartDeinit
 .text.Serial_UartWrite
                0x0000490a       0x38 ./component/serial_manager/fsl_component_serial_port_uart.o
                0x0000490a                Serial_UartWrite
 .text.Serial_UartRead
                0x00004942       0x38 ./component/serial_manager/fsl_component_serial_port_uart.o
                0x00004942                Serial_UartRead
 .text.SMC_SetPowerModeProtection
                0x0000497a       0x1e ./board/clock_config.o
 .text.SMC_GetPowerModeState
                0x00004998       0x16 ./board/clock_config.o
 .text.BOARD_InitBootClocks
                0x000049ae        0xe ./board/clock_config.o
                0x000049ae                BOARD_InitBootClocks
 .text.BOARD_InitBootPins
                0x000049bc       0x1a ./board/pin_mux.o
                0x000049bc                BOARD_InitBootPins
 .text.memset   0x000049d6       0x10 C:/nxp/MCUXpressoIDE_25.6.136/ide/plugins/com.nxp.mcuxpresso.tools.win32_25.6.0.202501151204/tools/bin/../lib/gcc/arm-none-eabi/14.2.1/thumb/v6-m/nofp\libc_nano.a(libc_a-memset.o)
                0x000049d6                memset
 .text.memcpy   0x000049e6       0x12 C:/nxp/MCUXpressoIDE_25.6.136/ide/plugins/com.nxp.mcuxpresso.tools.win32_25.6.0.202501151204/tools/bin/../lib/gcc/arm-none-eabi/14.2.1/thumb/v6-m/nofp\libc_nano.a(libc_a-memcpy-stub.o)
                0x000049e6                memcpy
 .text          0x000049f8        0xe C:/nxp/MCUXpressoIDE_25.6.136/ide/plugins/com.nxp.mcuxpresso.tools.win32_25.6.0.202501151204/tools/bin/../lib/gcc/arm-none-eabi/14.2.1/thumb/v6-m/nofp\libc_nano.a(libc_a-strlen.o)
                0x000049f8                strlen
 *(SORT_BY_ALIGNMENT(.rodata) SORT_BY_ALIGNMENT(.rodata.*) SORT_BY_ALIGNMENT(.constdata) SORT_BY_ALIGNMENT(.constdata.*))
 *fill*         0x00004a06        0x2 ff
 .rodata.__assert_func.str1.4
                0x00004a08      0x948 ./utilities/fsl_assert.o
                                 0x3e (size before relaxing)
 .rodata.PORT_SetPinConfig.str1.4
                0x00005350       0x5c ./source/SD2_board.o
 .rodata.board_gpioLeds
                0x00005350       0x24 ./source/SD2_board.o
 .rodata.board_gpioSw
                0x00005374       0x18 ./source/SD2_board.o
 .rodata        0x0000538c        0x2 ./source/SD2_board.o
 *fill*         0x0000538e        0x2 ff
 .rodata.__func__.0
                0x00005390       0x12 ./source/SD2_board.o
 .rodata.LPTMR_SetTimerPeriod.str1.4
                0x000053a2       0x61 ./source/main.o
 *fill*         0x000053a2        0x2 ff
 .rodata.slcd_lcd_gpio_seg_pin
                0x000053a4        0x8 ./source/main.o
                0x000053a4                slcd_lcd_gpio_seg_pin
 .rodata.APP_GetWakeupTimeout.str1.4
                0x000053ac       0xb7 ./source/main.o
 .rodata.APP_GetWakeupSource.str1.4
                0x000053ac       0x8e ./source/main.o
 .rodata.APP_GetWakeupConfig.str1.4
                0x000053ac       0x7b ./source/main.o
 .rodata.APP_ShowPowerMode.str1.4
                0x000053ac       0x47 ./source/main.o
 .rodata.APP_CheckPowerMode.str1.4
                0x000053ac       0xa0 ./source/main.o
 .rodata.APP_PowerModeSwitch.str1.4
                0x000053ac        0xc ./source/main.o
 .rodata.APP_PowerModeSwitch
                0x000053ac       0x28 ./source/main.o
 .rodata.SLCD_SetLCDPin.str1.4
                0x000053d4       0x13 ./source/main.o
 .rodata.main.str1.4
                0x000053d4      0x356 ./source/main.o
 .rodata.__func__.1
                0x000053d4       0x15 ./source/main.o
 *fill*         0x000053e9        0x3 ff
 .rodata.__func__.0
                0x000053ec        0xf ./source/main.o
 *fill*         0x000053fb        0x1 ff
 .rodata.SLCD_NumPos1_Num0
                0x000053fc        0x6 ./slcd/LCD-S401M16KR.o
 *fill*         0x00005402        0x2 ff
 .rodata.SLCD_NumPos1_Num1
                0x00005404        0x6 ./slcd/LCD-S401M16KR.o
 *fill*         0x0000540a        0x2 ff
 .rodata.SLCD_NumPos1_Num2
                0x0000540c        0x6 ./slcd/LCD-S401M16KR.o
 *fill*         0x00005412        0x2 ff
 .rodata.SLCD_NumPos1_Num3
                0x00005414        0x6 ./slcd/LCD-S401M16KR.o
 *fill*         0x0000541a        0x2 ff
 .rodata.SLCD_NumPos1_Num4
                0x0000541c        0x6 ./slcd/LCD-S401M16KR.o
 *fill*         0x00005422        0x2 ff
 .rodata.SLCD_NumPos1_Num5
                0x00005424        0x6 ./slcd/LCD-S401M16KR.o
 *fill*         0x0000542a        0x2 ff
 .rodata.SLCD_NumPos1_Num6
                0x0000542c        0x6 ./slcd/LCD-S401M16KR.o
 *fill*         0x00005432        0x2 ff
 .rodata.SLCD_NumPos1_Num7
                0x00005434        0x6 ./slcd/LCD-S401M16KR.o
 *fill*         0x0000543a        0x2 ff
 .rodata.SLCD_NumPos1_Num8
                0x0000543c        0x6 ./slcd/LCD-S401M16KR.o
 *fill*         0x00005442        0x2 ff
 .rodata.SLCD_NumPos1_Num9
                0x00005444        0x6 ./slcd/LCD-S401M16KR.o
 *fill*         0x0000544a        0x2 ff
 .rodata.SLCD_NumPos2_Num0
                0x0000544c        0x6 ./slcd/LCD-S401M16KR.o
 *fill*         0x00005452        0x2 ff
 .rodata.SLCD_NumPos2_Num1
                0x00005454        0x6 ./slcd/LCD-S401M16KR.o
 *fill*         0x0000545a        0x2 ff
 .rodata.SLCD_NumPos2_Num2
                0x0000545c        0x6 ./slcd/LCD-S401M16KR.o
 *fill*         0x00005462        0x2 ff
 .rodata.SLCD_NumPos2_Num3
                0x00005464        0x6 ./slcd/LCD-S401M16KR.o
 *fill*         0x0000546a        0x2 ff
 .rodata.SLCD_NumPos2_Num4
                0x0000546c        0x6 ./slcd/LCD-S401M16KR.o
 *fill*         0x00005472        0x2 ff
 .rodata.SLCD_NumPos2_Num5
                0x00005474        0x6 ./slcd/LCD-S401M16KR.o
 *fill*         0x0000547a        0x2 ff
 .rodata.SLCD_NumPos2_Num6
                0x0000547c        0x6 ./slcd/LCD-S401M16KR.o
 *fill*         0x00005482        0x2 ff
 .rodata.SLCD_NumPos2_Num7
                0x00005484        0x6 ./slcd/LCD-S401M16KR.o
 *fill*         0x0000548a        0x2 ff
 .rodata.SLCD_NumPos2_Num8
                0x0000548c        0x6 ./slcd/LCD-S401M16KR.o
 *fill*         0x00005492        0x2 ff
 .rodata.SLCD_NumPos2_Num9
                0x00005494        0x6 ./slcd/LCD-S401M16KR.o
 *fill*         0x0000549a        0x2 ff
 .rodata.SLCD_NumPos3_Num0
                0x0000549c        0x6 ./slcd/LCD-S401M16KR.o
 *fill*         0x000054a2        0x2 ff
 .rodata.SLCD_NumPos3_Num1
                0x000054a4        0x6 ./slcd/LCD-S401M16KR.o
 *fill*         0x000054aa        0x2 ff
 .rodata.SLCD_NumPos3_Num2
                0x000054ac        0x6 ./slcd/LCD-S401M16KR.o
 *fill*         0x000054b2        0x2 ff
 .rodata.SLCD_NumPos3_Num3
                0x000054b4        0x6 ./slcd/LCD-S401M16KR.o
 *fill*         0x000054ba        0x2 ff
 .rodata.SLCD_NumPos3_Num4
                0x000054bc        0x6 ./slcd/LCD-S401M16KR.o
 *fill*         0x000054c2        0x2 ff
 .rodata.SLCD_NumPos3_Num5
                0x000054c4        0x6 ./slcd/LCD-S401M16KR.o
 *fill*         0x000054ca        0x2 ff
 .rodata.SLCD_NumPos3_Num6
                0x000054cc        0x6 ./slcd/LCD-S401M16KR.o
 *fill*         0x000054d2        0x2 ff
 .rodata.SLCD_NumPos3_Num7
                0x000054d4        0x6 ./slcd/LCD-S401M16KR.o
 *fill*         0x000054da        0x2 ff
 .rodata.SLCD_NumPos3_Num8
                0x000054dc        0x6 ./slcd/LCD-S401M16KR.o
 *fill*         0x000054e2        0x2 ff
 .rodata.SLCD_NumPos3_Num9
                0x000054e4        0x6 ./slcd/LCD-S401M16KR.o
 *fill*         0x000054ea        0x2 ff
 .rodata.SLCD_NumPos4_Num0
                0x000054ec        0x6 ./slcd/LCD-S401M16KR.o
 *fill*         0x000054f2        0x2 ff
 .rodata.SLCD_NumPos4_Num1
                0x000054f4        0x6 ./slcd/LCD-S401M16KR.o
 *fill*         0x000054fa        0x2 ff
 .rodata.SLCD_NumPos4_Num2
                0x000054fc        0x6 ./slcd/LCD-S401M16KR.o
 *fill*         0x00005502        0x2 ff
 .rodata.SLCD_NumPos4_Num3
                0x00005504        0x6 ./slcd/LCD-S401M16KR.o
 *fill*         0x0000550a        0x2 ff
 .rodata.SLCD_NumPos4_Num4
                0x0000550c        0x6 ./slcd/LCD-S401M16KR.o
 *fill*         0x00005512        0x2 ff
 .rodata.SLCD_NumPos4_Num5
                0x00005514        0x6 ./slcd/LCD-S401M16KR.o
 *fill*         0x0000551a        0x2 ff
 .rodata.SLCD_NumPos4_Num6
                0x0000551c        0x6 ./slcd/LCD-S401M16KR.o
 *fill*         0x00005522        0x2 ff
 .rodata.SLCD_NumPos4_Num7
                0x00005524        0x6 ./slcd/LCD-S401M16KR.o
 *fill*         0x0000552a        0x2 ff
 .rodata.SLCD_NumPos4_Num8
                0x0000552c        0x6 ./slcd/LCD-S401M16KR.o
 *fill*         0x00005532        0x2 ff
 .rodata.SLCD_NumPos4_Num9
                0x00005534        0x6 ./slcd/LCD-S401M16KR.o
 .rodata.CLOCK_GetOsc0ErClkFreq.str1.4
                0x0000553a       0x18 ./drivers/fsl_clock.o
 .rodata.CLOCK_GetEr32kClkFreq.str1.4
                0x0000553a        0xd ./drivers/fsl_clock.o
 *fill*         0x0000553a        0x2 ff
 .rodata.CLOCK_GetFreq
                0x0000553c       0x50 ./drivers/fsl_clock.o
 .rodata.CLOCK_SetMcgliteConfig.str1.4
                0x0000558c        0xd ./drivers/fsl_clock.o
 .rodata.lircFreqs.4
                0x0000558c        0x8 ./drivers/fsl_clock.o
 .rodata.__func__.3
                0x00005594       0x17 ./drivers/fsl_clock.o
 *fill*         0x000055ab        0x1 ff
 .rodata.__func__.2
                0x000055ac       0x16 ./drivers/fsl_clock.o
 *fill*         0x000055c2        0x2 ff
 .rodata.__func__.1
                0x000055c4       0x14 ./drivers/fsl_clock.o
 .rodata.__func__.0
                0x000055d8       0x17 ./drivers/fsl_clock.o
 .rodata.GPIO_GetInstance.str1.4
                0x000055ef       0x2f ./drivers/fsl_gpio.o
 .rodata.GPIO_PinInit.str1.4
                0x000055ef        0xf ./drivers/fsl_gpio.o
 *fill*         0x000055ef        0x1 ff
 .rodata.__func__.2
                0x000055f0        0xd ./drivers/fsl_gpio.o
 .rodata.LPTMR_GetInstance.str1.4
                0x000055fd       0x30 ./drivers/fsl_lptmr.o
 .rodata.LPTMR_Init.str1.4
                0x000055fd        0xf ./drivers/fsl_lptmr.o
 *fill*         0x000055fd        0x3 ff
 .rodata.__func__.2
                0x00005600       0x12 ./drivers/fsl_lptmr.o
 *fill*         0x00005612        0x2 ff
 .rodata.__func__.1
                0x00005614        0xb ./drivers/fsl_lptmr.o
 *fill*         0x0000561f        0x1 ff
 .rodata.__func__.0
                0x00005620       0x17 ./drivers/fsl_lptmr.o
 *fill*         0x00005637        0x1 ff
 .rodata.s_lpuartBases
                0x00005638        0x8 ./drivers/fsl_lpuart.o
 .rodata.s_lpuartClock
                0x00005640        0x8 ./drivers/fsl_lpuart.o
 .rodata.LPUART_GetInstance.str1.4
                0x00005648       0x35 ./drivers/fsl_lpuart.o
 .rodata.LPUART_WriteNonBlocking.str1.4
                0x00005648        0xd ./drivers/fsl_lpuart.o
 .rodata.LPUART_Init.str1.4
                0x00005648       0x2a ./drivers/fsl_lpuart.o
 .rodata.__func__.25
                0x00005648       0x13 ./drivers/fsl_lpuart.o
 *fill*         0x0000565b        0x1 ff
 .rodata.__func__.18
                0x0000565c        0xc ./drivers/fsl_lpuart.o
 .rodata.__func__.17
                0x00005668       0x18 ./drivers/fsl_lpuart.o
 .rodata.__func__.13
                0x00005680       0x15 ./drivers/fsl_lpuart.o
 *fill*         0x00005695        0x3 ff
 .rodata.__func__.11
                0x00005698       0x14 ./drivers/fsl_lpuart.o
 .rodata.SLCD_GetInstance.str1.4
                0x000056ac       0x2f ./drivers/fsl_slcd.o
 .rodata.SLCD_Init.str1.4
                0x000056ac       0x21 ./drivers/fsl_slcd.o
 .rodata.__func__.2
                0x000056ac       0x11 ./drivers/fsl_slcd.o
 *fill*         0x000056bd        0x3 ff
 .rodata.__func__.1
                0x000056c0        0xa ./drivers/fsl_slcd.o
 *fill*         0x000056ca        0x2 ff
 .rodata.__func__.0
                0x000056cc       0x16 ./drivers/fsl_slcd.o
 *fill*         0x000056e2        0x2 ff
 .rodata.s_LpuartAdapterBase
                0x000056e4        0x8 ./component/uart/fsl_adapter_lpuart.o
 .rodata.HAL_UartInit.str1.4
                0x000056ec       0xbf ./component/uart/fsl_adapter_lpuart.o
 .rodata.HAL_UartReceiveBlocking.str1.4
                0x000056ec       0x1c ./component/uart/fsl_adapter_lpuart.o
 .rodata.__func__.4
                0x000056ec        0xd ./component/uart/fsl_adapter_lpuart.o
 *fill*         0x000056f9        0x3 ff
 .rodata.__func__.3
                0x000056fc        0xf ./component/uart/fsl_adapter_lpuart.o
 *fill*         0x0000570b        0x1 ff
 .rodata.__func__.2
                0x0000570c       0x18 ./component/uart/fsl_adapter_lpuart.o
 .rodata.__func__.1
                0x00005724       0x15 ./component/uart/fsl_adapter_lpuart.o
 *fill*         0x00005739        0x3 ff
 .rodata.mcgliteConfig_BOARD_BootClockRUN
                0x0000573c        0x6 ./board/clock_config.o
                0x0000573c                mcgliteConfig_BOARD_BootClockRUN
 *fill*         0x00005742        0x2 ff
 .rodata.simConfig_BOARD_BootClockRUN
                0x00005744        0x8 ./board/clock_config.o
                0x00005744                simConfig_BOARD_BootClockRUN
 .rodata.oscConfig_BOARD_BootClockRUN
                0x0000574c        0x8 ./board/clock_config.o
                0x0000574c                oscConfig_BOARD_BootClockRUN
 .rodata.mcgliteConfig_BOARD_BootClockVLPR
                0x00005754        0x6 ./board/clock_config.o
                0x00005754                mcgliteConfig_BOARD_BootClockVLPR
 *fill*         0x0000575a        0x2 ff
 .rodata.simConfig_BOARD_BootClockVLPR
                0x0000575c        0x8 ./board/clock_config.o
                0x0000575c                simConfig_BOARD_BootClockVLPR
 .rodata.oscConfig_BOARD_BootClockVLPR
                0x00005764        0x8 ./board/clock_config.o
                0x00005764                oscConfig_BOARD_BootClockVLPR
                0x0000576c                        . = ALIGN (0x4)

.glue_7         0x0000576c        0x0
 .glue_7        0x0000576c        0x0 linker stubs

.glue_7t        0x0000576c        0x0
 .glue_7t       0x0000576c        0x0 linker stubs

.vfp11_veneer   0x0000576c        0x0
 .vfp11_veneer  0x0000576c        0x0 linker stubs

.v4_bx          0x0000576c        0x0
 .v4_bx         0x0000576c        0x0 linker stubs

.iplt           0x0000576c        0x0
 .iplt          0x0000576c        0x0 ./utilities/fsl_assert.o

.rel.dyn        0x0000576c        0x0
 .rel.iplt      0x0000576c        0x0 ./utilities/fsl_assert.o

.ARM.extab
 *(SORT_BY_ALIGNMENT(.ARM.extab*) SORT_BY_ALIGNMENT(.gnu.linkonce.armextab.*))

.ARM.exidx      0x0000576c        0x0
                0x0000576c                        __exidx_start = .
 *(SORT_BY_ALIGNMENT(.ARM.exidx*) SORT_BY_ALIGNMENT(.gnu.linkonce.armexidx.*))
                0x0000576c                        __exidx_end = .
                0x0000576c                        _etext = .

.mtb_buffer_default
                0x1fffe000       0x80
 *(SORT_BY_ALIGNMENT(.mtb*))
 .mtb.$RAM1     0x1fffe000       0x80 ./source/mtb.o
                0x1fffe000                __mtb_buffer__

.uninit_RESERVED
                0x1fffe080        0x0
                0x1fffe080                        _start_uninit_RESERVED = .
 *(SORT_BY_ALIGNMENT(.bss.$RESERVED*))
                0x1fffe080                        . = ALIGN (0x4)
                0x1fffe080                        _end_uninit_RESERVED = .

.data           0x1fffe080       0xd0 load address 0x0000576c
 FILL mask 0xff
                0x1fffe080                        _data = .
                [!provide]                        PROVIDE (__start_data_RAM = .)
                [!provide]                        PROVIDE (__start_data_SRAM = .)
 *(SORT_BY_ALIGNMENT(vtable))
 *(SORT_BY_ALIGNMENT(.ramfunc*))
 *(SORT_BY_ALIGNMENT(CodeQuickAccess))
 *(SORT_BY_ALIGNMENT(DataQuickAccess))
 *(SORT_BY_ALIGNMENT(RamFunction))
 *(SORT_BY_ALIGNMENT(.data*))
 .data.slcdClkConfig
                0x1fffe080        0x4 ./source/main.o
                0x1fffe080                slcdClkConfig
 .data.SLCD_NumPos1
                0x1fffe084       0x28 ./slcd/LCD-S401M16KR.o
 .data.SLCD_NumPos2
                0x1fffe0ac       0x28 ./slcd/LCD-S401M16KR.o
 .data.SLCD_NumPos3
                0x1fffe0d4       0x28 ./slcd/LCD-S401M16KR.o
 .data.SLCD_NumPos4
                0x1fffe0fc       0x28 ./slcd/LCD-S401M16KR.o
 .data.SLCD_NumPos
                0x1fffe124       0x10 ./slcd/LCD-S401M16KR.o
                0x1fffe124                SLCD_NumPos
 .data.s_stopRamFuncArray
                0x1fffe134       0x18 ./drivers/fsl_smc.o
 .data.SystemCoreClock
                0x1fffe14c        0x4 ./device/system_MCXC444.o
                0x1fffe14c                SystemCoreClock
                0x1fffe150                        . = ALIGN (0x4)
                0x1fffe150                        _edata = .
                [!provide]                        PROVIDE (__end_data_RAM = .)
                [!provide]                        PROVIDE (__end_data_SRAM = .)

.igot.plt       0x1fffe150        0x0 load address 0x0000583c
 .igot.plt      0x1fffe150        0x0 ./utilities/fsl_assert.o

.bss            0x1fffe150       0x4c
                0x1fffe150                        _bss = .
                [!provide]                        PROVIDE (__start_bss_RAM = .)
                [!provide]                        PROVIDE (__start_bss_SRAM = .)
 *(SORT_BY_ALIGNMENT(.bss*))
 .bss.s_debugConsoleState
                0x1fffe150       0x20 ./utilities/fsl_debug_console.o
 .bss.g_serialHandle
                0x1fffe170        0x4 ./utilities/fsl_debug_console.o
                0x1fffe170                g_serialHandle
 .bss.timeDown1ms
                0x1fffe174        0x4 ./source/main.o
 .bss.s_lcdEngine
                0x1fffe178        0x4 ./source/main.o
 .bss.g_xtal0Freq
                0x1fffe17c        0x4 ./drivers/fsl_clock.o
                0x1fffe17c                g_xtal0Freq
 .bss.g_xtal32Freq
                0x1fffe180        0x4 ./drivers/fsl_clock.o
                0x1fffe180                g_xtal32Freq
 .bss.s_lpuartHandle
                0x1fffe184        0x8 ./drivers/fsl_lpuart.o
                0x1fffe184                s_lpuartHandle
 .bss.s_lpuartIsr
                0x1fffe18c        0x8 ./drivers/fsl_lpuart.o
                0x1fffe18c                s_lpuartIsr
 .bss.g_savedPrimask
                0x1fffe194        0x4 ./drivers/fsl_smc.o
 .bss.s_debugConsoleReadWaitSemaphore
                0x1fffe198        0x1 ./utilities/fsl_debug_console.o
 .bss.s_wakeupTimeout
                0x1fffe199        0x1 ./source/main.o
 .bss.s_wakeupSource
                0x1fffe19a        0x1 ./source/main.o
 *(SORT_BY_ALIGNMENT(COMMON))
                0x1fffe19c                        . = ALIGN (0x4)
 *fill*         0x1fffe19b        0x1 
                0x1fffe19c                        _ebss = .
                [!provide]                        PROVIDE (__end_bss_RAM = .)
                [!provide]                        PROVIDE (__end_bss_SRAM = .)
                [!provide]                        PROVIDE (end = .)

.noinit         0x1fffe19c        0x4
                0x1fffe19c                        _noinit = .
                [!provide]                        PROVIDE (__start_noinit_RAM = .)
                [!provide]                        PROVIDE (__start_noinit_SRAM = .)
 *(SORT_BY_ALIGNMENT(.noinit*))
 .noinit        0x1fffe19c        0x4 ./source/main.o
                0x1fffe1a0                        . = ALIGN (0x4)
                0x1fffe1a0                        _end_noinit = .
                [!provide]                        PROVIDE (__end_noinit_RAM = .)
                [!provide]                        PROVIDE (__end_noinit_SRAM = .)
                0x00000800                        _HeapSize = 0x800

.heap           0x1fffe1a0      0x800
                0x1fffe1a0                        _pvHeapStart = .
                0x1fffe9a0                        . = (. + _HeapSize)
 *fill*         0x1fffe1a0      0x800 
                0x1fffe9a0                        . = ALIGN (0x4)
                0x1fffe9a0                        _pvHeapLimit = .
                0x00000800                        _StackSize = 0x800

.heap2stackfill
                0x1fffe9a0      0x800
                0x1ffff1a0                        . = (. + _StackSize)
 *fill*         0x1fffe9a0      0x800 

.stack          0x20005800        0x0
                0x20005800                        _vStackBase = .
                0x20005800                        . = ALIGN (0x4)
                0x20006000                        _vStackTop = (. + _StackSize)
                0x00000000                        _image_start = LOADADDR (.text)
                0x0000583c                        _image_end = (LOADADDR (.data) + SIZEOF (.data))
                0x0000583c                        _image_size = (_image_end - _image_start)
OUTPUT(SD2_MCXC444_CLOCK_LP.axf elf32-littlearm)
LOAD linker stubs

.debug_info     0x00000000     0xfca5
 .debug_info    0x00000000      0x13e ./utilities/fsl_assert.o
 .debug_info    0x0000013e      0xeec ./utilities/fsl_debug_console.o
 .debug_info    0x0000102a      0xd6c ./utilities/fsl_str.o
 .debug_info    0x00001d96      0x691 ./startup/startup_mcxc444.o
 .debug_info    0x00002427      0xbc3 ./source/SD2_board.o
 .debug_info    0x00002fea     0x26d8 ./source/main.o
 .debug_info    0x000056c2       0x53 ./source/mtb.o
 .debug_info    0x00005715       0x3c ./source/semihost_hardfault.o
 .debug_info    0x00005751      0x449 ./slcd/LCD-S401M16KR.o
 .debug_info    0x00005b9a      0x3ab ./slcd/slcd_engine.o
 .debug_info    0x00005f45     0x1459 ./drivers/fsl_clock.o
 .debug_info    0x0000739e      0x98c ./drivers/fsl_gpio.o
 .debug_info    0x00007d2a      0x3f9 ./drivers/fsl_llwu.o
 .debug_info    0x00008123      0x944 ./drivers/fsl_lptmr.o
 .debug_info    0x00008a67     0x21d1 ./drivers/fsl_lpuart.o
 .debug_info    0x0000ac38     0x1243 ./drivers/fsl_slcd.o
 .debug_info    0x0000be7b      0xa55 ./drivers/fsl_smc.o
 .debug_info    0x0000c8d0      0x45d ./device/system_MCXC444.o
 .debug_info    0x0000cd2d      0xbb3 ./component/uart/fsl_adapter_lpuart.o
 .debug_info    0x0000d8e0      0xda3 ./component/serial_manager/fsl_component_serial_manager.o
 .debug_info    0x0000e683      0x55f ./component/serial_manager/fsl_component_serial_port_uart.o
 .debug_info    0x0000ebe2      0xb0a ./board/clock_config.o
 .debug_info    0x0000f6ec      0x5b9 ./board/pin_mux.o

.debug_abbrev   0x00000000     0x2ef6
 .debug_abbrev  0x00000000       0xac ./utilities/fsl_assert.o
 .debug_abbrev  0x000000ac      0x270 ./utilities/fsl_debug_console.o
 .debug_abbrev  0x0000031c      0x26b ./utilities/fsl_str.o
 .debug_abbrev  0x00000587      0x1c7 ./startup/startup_mcxc444.o
 .debug_abbrev  0x0000074e      0x2ad ./source/SD2_board.o
 .debug_abbrev  0x000009fb      0x4a6 ./source/main.o
 .debug_abbrev  0x00000ea1       0x46 ./source/mtb.o
 .debug_abbrev  0x00000ee7       0x31 ./source/semihost_hardfault.o
 .debug_abbrev  0x00000f18       0xa5 ./slcd/LCD-S401M16KR.o
 .debug_abbrev  0x00000fbd      0x157 ./slcd/slcd_engine.o
 .debug_abbrev  0x00001114      0x2dc ./drivers/fsl_clock.o
 .debug_abbrev  0x000013f0      0x255 ./drivers/fsl_gpio.o
 .debug_abbrev  0x00001645      0x1c7 ./drivers/fsl_llwu.o
 .debug_abbrev  0x0000180c      0x1ea ./drivers/fsl_lptmr.o
 .debug_abbrev  0x000019f6      0x42f ./drivers/fsl_lpuart.o
 .debug_abbrev  0x00001e25      0x2f2 ./drivers/fsl_slcd.o
 .debug_abbrev  0x00002117      0x301 ./drivers/fsl_smc.o
 .debug_abbrev  0x00002418      0x148 ./device/system_MCXC444.o
 .debug_abbrev  0x00002560      0x1f4 ./component/uart/fsl_adapter_lpuart.o
 .debug_abbrev  0x00002754      0x2be ./component/serial_manager/fsl_component_serial_manager.o
 .debug_abbrev  0x00002a12      0x18c ./component/serial_manager/fsl_component_serial_port_uart.o
 .debug_abbrev  0x00002b9e      0x1cf ./board/clock_config.o
 .debug_abbrev  0x00002d6d      0x189 ./board/pin_mux.o

.debug_aranges  0x00000000      0xc00
 .debug_aranges
                0x00000000       0x28 ./utilities/fsl_assert.o
 .debug_aranges
                0x00000028       0xb8 ./utilities/fsl_debug_console.o
 .debug_aranges
                0x000000e0       0xe8 ./utilities/fsl_str.o
 .debug_aranges
                0x000001c8      0x160 ./startup/startup_mcxc444.o
 .debug_aranges
                0x00000328       0x60 ./source/SD2_board.o
 .debug_aranges
                0x00000388      0x178 ./source/main.o
 .debug_aranges
                0x00000500       0x18 ./source/mtb.o
 .debug_aranges
                0x00000518       0x20 ./source/semihost_hardfault.o
 .debug_aranges
                0x00000538       0x18 ./slcd/LCD-S401M16KR.o
 .debug_aranges
                0x00000550       0x30 ./slcd/slcd_engine.o
 .debug_aranges
                0x00000580       0xd0 ./drivers/fsl_clock.o
 .debug_aranges
                0x00000650       0x68 ./drivers/fsl_gpio.o
 .debug_aranges
                0x000006b8       0x48 ./drivers/fsl_llwu.o
 .debug_aranges
                0x00000700       0x48 ./drivers/fsl_lptmr.o
 .debug_aranges
                0x00000748      0x180 ./drivers/fsl_lpuart.o
 .debug_aranges
                0x000008c8       0x98 ./drivers/fsl_slcd.o
 .debug_aranges
                0x00000960       0x90 ./drivers/fsl_smc.o
 .debug_aranges
                0x000009f0       0x30 ./device/system_MCXC444.o
 .debug_aranges
                0x00000a20       0x58 ./component/uart/fsl_adapter_lpuart.o
 .debug_aranges
                0x00000a78       0xa0 ./component/serial_manager/fsl_component_serial_manager.o
 .debug_aranges
                0x00000b18       0x48 ./component/serial_manager/fsl_component_serial_port_uart.o
 .debug_aranges
                0x00000b60       0x50 ./board/clock_config.o
 .debug_aranges
                0x00000bb0       0x50 ./board/pin_mux.o

.debug_ranges   0x00000000      0xab0
 .debug_ranges  0x00000000       0x18 ./utilities/fsl_assert.o
 .debug_ranges  0x00000018       0xa8 ./utilities/fsl_debug_console.o
 .debug_ranges  0x000000c0      0x108 ./utilities/fsl_str.o
 .debug_ranges  0x000001c8      0x150 ./startup/startup_mcxc444.o
 .debug_ranges  0x00000318       0x50 ./source/SD2_board.o
 .debug_ranges  0x00000368      0x168 ./source/main.o
 .debug_ranges  0x000004d0       0x10 ./source/semihost_hardfault.o
 .debug_ranges  0x000004e0       0x20 ./slcd/slcd_engine.o
 .debug_ranges  0x00000500       0xc0 ./drivers/fsl_clock.o
 .debug_ranges  0x000005c0       0x58 ./drivers/fsl_gpio.o
 .debug_ranges  0x00000618       0x38 ./drivers/fsl_llwu.o
 .debug_ranges  0x00000650       0x38 ./drivers/fsl_lptmr.o
 .debug_ranges  0x00000688      0x170 ./drivers/fsl_lpuart.o
 .debug_ranges  0x000007f8       0x88 ./drivers/fsl_slcd.o
 .debug_ranges  0x00000880       0x80 ./drivers/fsl_smc.o
 .debug_ranges  0x00000900       0x20 ./device/system_MCXC444.o
 .debug_ranges  0x00000920       0x48 ./component/uart/fsl_adapter_lpuart.o
 .debug_ranges  0x00000968       0x90 ./component/serial_manager/fsl_component_serial_manager.o
 .debug_ranges  0x000009f8       0x38 ./component/serial_manager/fsl_component_serial_port_uart.o
 .debug_ranges  0x00000a30       0x40 ./board/clock_config.o
 .debug_ranges  0x00000a70       0x40 ./board/pin_mux.o

.debug_macro    0x00000000     0xfb2b
 .debug_macro   0x00000000      0x232 ./utilities/fsl_assert.o
 .debug_macro   0x00000232      0xae4 ./utilities/fsl_assert.o
 .debug_macro   0x00000d16       0x22 ./utilities/fsl_assert.o
 .debug_macro   0x00000d38       0x5b ./utilities/fsl_assert.o
 .debug_macro   0x00000d93       0x24 ./utilities/fsl_assert.o
 .debug_macro   0x00000db7       0x94 ./utilities/fsl_assert.o
 .debug_macro   0x00000e4b       0x43 ./utilities/fsl_assert.o
 .debug_macro   0x00000e8e       0x34 ./utilities/fsl_assert.o
 .debug_macro   0x00000ec2       0x1c ./utilities/fsl_assert.o
 .debug_macro   0x00000ede       0x22 ./utilities/fsl_assert.o
 .debug_macro   0x00000f00      0x34e ./utilities/fsl_assert.o
 .debug_macro   0x0000124e      0x190 ./utilities/fsl_assert.o
 .debug_macro   0x000013de       0x57 ./utilities/fsl_assert.o
 .debug_macro   0x00001435      0x364 ./utilities/fsl_assert.o
 .debug_macro   0x00001799       0x16 ./utilities/fsl_assert.o
 .debug_macro   0x000017af       0x4a ./utilities/fsl_assert.o
 .debug_macro   0x000017f9       0x34 ./utilities/fsl_assert.o
 .debug_macro   0x0000182d       0x10 ./utilities/fsl_assert.o
 .debug_macro   0x0000183d       0x58 ./utilities/fsl_assert.o
 .debug_macro   0x00001895       0x8e ./utilities/fsl_assert.o
 .debug_macro   0x00001923       0x16 ./utilities/fsl_assert.o
 .debug_macro   0x00001939      0x185 ./utilities/fsl_assert.o
 .debug_macro   0x00001abe       0x10 ./utilities/fsl_assert.o
 .debug_macro   0x00001ace       0x3c ./utilities/fsl_assert.o
 .debug_macro   0x00001b0a       0x16 ./utilities/fsl_assert.o
 .debug_macro   0x00001b20       0x16 ./utilities/fsl_assert.o
 .debug_macro   0x00001b36       0x29 ./utilities/fsl_assert.o
 .debug_macro   0x00001b5f       0x10 ./utilities/fsl_assert.o
 .debug_macro   0x00001b6f       0x3b ./utilities/fsl_assert.o
 .debug_macro   0x00001baa       0x1c ./utilities/fsl_assert.o
 .debug_macro   0x00001bc6       0x22 ./utilities/fsl_assert.o
 .debug_macro   0x00001be8       0xd1 ./utilities/fsl_assert.o
 .debug_macro   0x00001cb9      0x3ad ./utilities/fsl_assert.o
 .debug_macro   0x00002066       0x3a ./utilities/fsl_assert.o
 .debug_macro   0x000020a0     0x8fd7 ./utilities/fsl_assert.o
 .debug_macro   0x0000b077     0x11e6 ./utilities/fsl_assert.o
 .debug_macro   0x0000c25d       0x88 ./utilities/fsl_assert.o
 .debug_macro   0x0000c2e5       0x9d ./utilities/fsl_assert.o
 .debug_macro   0x0000c382       0xfb ./utilities/fsl_assert.o
 .debug_macro   0x0000c47d       0x70 ./utilities/fsl_assert.o
 .debug_macro   0x0000c4ed       0x47 ./utilities/fsl_assert.o
 .debug_macro   0x0000c534       0x16 ./utilities/fsl_assert.o
 .debug_macro   0x0000c54a       0x6d ./utilities/fsl_assert.o
 .debug_macro   0x0000c5b7       0x16 ./utilities/fsl_assert.o
 .debug_macro   0x0000c5cd       0x58 ./utilities/fsl_assert.o
 .debug_macro   0x0000c625       0x1c ./utilities/fsl_assert.o
 .debug_macro   0x0000c641      0x28c ./utilities/fsl_debug_console.o
 .debug_macro   0x0000c8cd      0x11c ./utilities/fsl_debug_console.o
 .debug_macro   0x0000c9e9       0x9b ./utilities/fsl_debug_console.o
 .debug_macro   0x0000ca84       0x16 ./utilities/fsl_debug_console.o
 .debug_macro   0x0000ca9a       0x3c ./utilities/fsl_debug_console.o
 .debug_macro   0x0000cad6       0x22 ./utilities/fsl_debug_console.o
 .debug_macro   0x0000caf8       0x34 ./utilities/fsl_debug_console.o
 .debug_macro   0x0000cb2c      0x22e ./utilities/fsl_str.o
 .debug_macro   0x0000cd5a      0x19b ./utilities/fsl_str.o
 .debug_macro   0x0000cef5       0x10 ./utilities/fsl_str.o
 .debug_macro   0x0000cf05      0x242 ./utilities/fsl_str.o
 .debug_macro   0x0000d147       0x1c ./utilities/fsl_str.o
 .debug_macro   0x0000d163       0x29 ./startup/startup_mcxc444.o
 .debug_macro   0x0000d18c      0x25b ./source/SD2_board.o
 .debug_macro   0x0000d3e7       0x10 ./source/SD2_board.o
 .debug_macro   0x0000d3f7       0x16 ./source/SD2_board.o
 .debug_macro   0x0000d40d       0x16 ./source/SD2_board.o
 .debug_macro   0x0000d423      0x385 ./source/main.o
 .debug_macro   0x0000d7a8       0x16 ./source/main.o
 .debug_macro   0x0000d7be       0x16 ./source/main.o
 .debug_macro   0x0000d7d4      0x20f ./source/main.o
 .debug_macro   0x0000d9e3       0x1d ./source/main.o
 .debug_macro   0x0000da00       0x10 ./source/main.o
 .debug_macro   0x0000da10       0x16 ./source/main.o
 .debug_macro   0x0000da26       0x10 ./source/main.o
 .debug_macro   0x0000da36       0x10 ./source/main.o
 .debug_macro   0x0000da46       0x10 ./source/main.o
 .debug_macro   0x0000da56       0x10 ./source/main.o
 .debug_macro   0x0000da66       0x22 ./source/main.o
 .debug_macro   0x0000da88       0x2f ./source/mtb.o
 .debug_macro   0x0000dab7       0x82 ./source/mtb.o
 .debug_macro   0x0000db39       0x10 ./source/mtb.o
 .debug_macro   0x0000db49       0x11 ./source/semihost_hardfault.o
 .debug_macro   0x0000db5a      0x123 ./slcd/LCD-S401M16KR.o
 .debug_macro   0x0000dc7d       0x1c ./slcd/LCD-S401M16KR.o
 .debug_macro   0x0000dc99      0x145 ./slcd/slcd_engine.o
 .debug_macro   0x0000ddde       0x16 ./slcd/slcd_engine.o
 .debug_macro   0x0000ddf4       0x9e ./slcd/slcd_engine.o
 .debug_macro   0x0000de92      0x112 ./slcd/slcd_engine.o
 .debug_macro   0x0000dfa4       0x10 ./slcd/slcd_engine.o
 .debug_macro   0x0000dfb4       0x16 ./slcd/slcd_engine.o
 .debug_macro   0x0000dfca       0x16 ./slcd/slcd_engine.o
 .debug_macro   0x0000dfe0      0x146 ./slcd/slcd_engine.o
 .debug_macro   0x0000e126      0x227 ./drivers/fsl_clock.o
 .debug_macro   0x0000e34d      0x1fa ./drivers/fsl_gpio.o
 .debug_macro   0x0000e547      0x1fa ./drivers/fsl_llwu.o
 .debug_macro   0x0000e741       0x17 ./drivers/fsl_llwu.o
 .debug_macro   0x0000e758      0x1fb ./drivers/fsl_lptmr.o
 .debug_macro   0x0000e953      0x1fa ./drivers/fsl_lpuart.o
 .debug_macro   0x0000eb4d       0x10 ./drivers/fsl_lpuart.o
 .debug_macro   0x0000eb5d      0x201 ./drivers/fsl_slcd.o
 .debug_macro   0x0000ed5e      0x1fb ./drivers/fsl_smc.o
 .debug_macro   0x0000ef59       0x7f ./device/system_MCXC444.o
 .debug_macro   0x0000efd8      0x219 ./component/uart/fsl_adapter_lpuart.o
 .debug_macro   0x0000f1f1       0x41 ./component/uart/fsl_adapter_lpuart.o
 .debug_macro   0x0000f232      0x263 ./component/serial_manager/fsl_component_serial_manager.o
 .debug_macro   0x0000f495       0x6a ./component/serial_manager/fsl_component_serial_manager.o
 .debug_macro   0x0000f4ff      0x227 ./component/serial_manager/fsl_component_serial_port_uart.o
 .debug_macro   0x0000f726      0x20e ./board/clock_config.o
 .debug_macro   0x0000f934      0x1f7 ./board/pin_mux.o

.debug_line     0x00000000     0xb530
 .debug_line    0x00000000      0x703 ./utilities/fsl_assert.o
 .debug_line    0x00000703      0xb91 ./utilities/fsl_debug_console.o
 .debug_line    0x00001294      0xef3 ./utilities/fsl_str.o
 .debug_line    0x00002187      0x2a4 ./startup/startup_mcxc444.o
 .debug_line    0x0000242b      0x999 ./source/SD2_board.o
 .debug_line    0x00002dc4     0x11a3 ./source/main.o
 .debug_line    0x00003f67       0xd3 ./source/mtb.o
 .debug_line    0x0000403a       0x59 ./source/semihost_hardfault.o
 .debug_line    0x00004093       0xef ./slcd/LCD-S401M16KR.o
 .debug_line    0x00004182      0x4a2 ./slcd/slcd_engine.o
 .debug_line    0x00004624      0xb1c ./drivers/fsl_clock.o
 .debug_line    0x00005140      0x74d ./drivers/fsl_gpio.o
 .debug_line    0x0000588d      0x6fb ./drivers/fsl_llwu.o
 .debug_line    0x00005f88      0x6a2 ./drivers/fsl_lptmr.o
 .debug_line    0x0000662a     0x1520 ./drivers/fsl_lpuart.o
 .debug_line    0x00007b4a      0x8fc ./drivers/fsl_slcd.o
 .debug_line    0x00008446      0x842 ./drivers/fsl_smc.o
 .debug_line    0x00008c88      0x25a ./device/system_MCXC444.o
 .debug_line    0x00008ee2      0x774 ./component/uart/fsl_adapter_lpuart.o
 .debug_line    0x00009656      0x9fc ./component/serial_manager/fsl_component_serial_manager.o
 .debug_line    0x0000a052      0x7b3 ./component/serial_manager/fsl_component_serial_port_uart.o
 .debug_line    0x0000a805      0x691 ./board/clock_config.o
 .debug_line    0x0000ae96      0x69a ./board/pin_mux.o

.debug_str      0x00000000    0x5cfae
 .debug_str     0x00000000    0x5cfae ./utilities/fsl_assert.o
                              0x52701 (size before relaxing)
 .debug_str     0x0005cfae    0x53f49 ./utilities/fsl_debug_console.o
 .debug_str     0x0005cfae    0x52d63 ./utilities/fsl_str.o
 .debug_str     0x0005cfae     0x32aa ./startup/startup_mcxc444.o
 .debug_str     0x0005cfae    0x539a0 ./source/SD2_board.o
 .debug_str     0x0005cfae    0x571c1 ./source/main.o
 .debug_str     0x0005cfae     0x338b ./source/mtb.o
 .debug_str     0x0005cfae     0x2e78 ./source/semihost_hardfault.o
 .debug_str     0x0005cfae     0x407d ./slcd/LCD-S401M16KR.o
 .debug_str     0x0005cfae     0x7a8d ./slcd/slcd_engine.o
 .debug_str     0x0005cfae    0x53427 ./drivers/fsl_clock.o
 .debug_str     0x0005cfae    0x5276e ./drivers/fsl_gpio.o
 .debug_str     0x0005cfae    0x51de2 ./drivers/fsl_llwu.o
 .debug_str     0x0005cfae    0x52bd0 ./drivers/fsl_lptmr.o
 .debug_str     0x0005cfae    0x53a44 ./drivers/fsl_lpuart.o
 .debug_str     0x0005cfae    0x53850 ./drivers/fsl_slcd.o
 .debug_str     0x0005cfae    0x529d1 ./drivers/fsl_smc.o
 .debug_str     0x0005cfae    0x4d064 ./device/system_MCXC444.o
 .debug_str     0x0005cfae    0x52ec3 ./component/uart/fsl_adapter_lpuart.o
 .debug_str     0x0005cfae    0x538d0 ./component/serial_manager/fsl_component_serial_manager.o
 .debug_str     0x0005cfae    0x52a41 ./component/serial_manager/fsl_component_serial_port_uart.o
 .debug_str     0x0005cfae    0x52d35 ./board/clock_config.o
 .debug_str     0x0005cfae    0x51fd6 ./board/pin_mux.o

.comment        0x00000000       0x45
 .comment       0x00000000       0x45 ./utilities/fsl_assert.o
                                 0x46 (size before relaxing)
 .comment       0x00000045       0x46 ./utilities/fsl_debug_console.o
 .comment       0x00000045       0x46 ./utilities/fsl_str.o
 .comment       0x00000045       0x46 ./startup/startup_mcxc444.o
 .comment       0x00000045       0x46 ./source/SD2_board.o
 .comment       0x00000045       0x46 ./source/main.o
 .comment       0x00000045       0x46 ./source/mtb.o
 .comment       0x00000045       0x46 ./source/semihost_hardfault.o
 .comment       0x00000045       0x46 ./slcd/LCD-S401M16KR.o
 .comment       0x00000045       0x46 ./slcd/slcd_engine.o
 .comment       0x00000045       0x46 ./drivers/fsl_clock.o
 .comment       0x00000045       0x46 ./drivers/fsl_gpio.o
 .comment       0x00000045       0x46 ./drivers/fsl_llwu.o
 .comment       0x00000045       0x46 ./drivers/fsl_lptmr.o
 .comment       0x00000045       0x46 ./drivers/fsl_lpuart.o
 .comment       0x00000045       0x46 ./drivers/fsl_slcd.o
 .comment       0x00000045       0x46 ./drivers/fsl_smc.o
 .comment       0x00000045       0x46 ./device/system_MCXC444.o
 .comment       0x00000045       0x46 ./component/uart/fsl_adapter_lpuart.o
 .comment       0x00000045       0x46 ./component/serial_manager/fsl_component_serial_manager.o
 .comment       0x00000045       0x46 ./component/serial_manager/fsl_component_serial_port_uart.o
 .comment       0x00000045       0x46 ./board/clock_config.o
 .comment       0x00000045       0x46 ./board/pin_mux.o

.ARM.attributes
                0x00000000       0x2a
 .ARM.attributes
                0x00000000       0x2c ./utilities/fsl_assert.o
 .ARM.attributes
                0x0000002c       0x2c ./utilities/fsl_debug_console.o
 .ARM.attributes
                0x00000058       0x2c ./utilities/fsl_str.o
 .ARM.attributes
                0x00000084       0x2c ./startup/startup_mcxc444.o
 .ARM.attributes
                0x000000b0       0x2c ./source/SD2_board.o
 .ARM.attributes
                0x000000dc       0x2c ./source/main.o
 .ARM.attributes
                0x00000108       0x2c ./source/mtb.o
 .ARM.attributes
                0x00000134       0x2c ./source/semihost_hardfault.o
 .ARM.attributes
                0x00000160       0x2c ./slcd/LCD-S401M16KR.o
 .ARM.attributes
                0x0000018c       0x2c ./slcd/slcd_engine.o
 .ARM.attributes
                0x000001b8       0x2c ./drivers/fsl_clock.o
 .ARM.attributes
                0x000001e4       0x2c ./drivers/fsl_gpio.o
 .ARM.attributes
                0x00000210       0x2c ./drivers/fsl_llwu.o
 .ARM.attributes
                0x0000023c       0x2c ./drivers/fsl_lptmr.o
 .ARM.attributes
                0x00000268       0x2c ./drivers/fsl_lpuart.o
 .ARM.attributes
                0x00000294       0x2c ./drivers/fsl_slcd.o
 .ARM.attributes
                0x000002c0       0x2c ./drivers/fsl_smc.o
 .ARM.attributes
                0x000002ec       0x2c ./device/system_MCXC444.o
 .ARM.attributes
                0x00000318       0x2c ./component/uart/fsl_adapter_lpuart.o
 .ARM.attributes
                0x00000344       0x2c ./component/serial_manager/fsl_component_serial_manager.o
 .ARM.attributes
                0x00000370       0x2c ./component/serial_manager/fsl_component_serial_port_uart.o
 .ARM.attributes
                0x0000039c       0x2c ./board/clock_config.o
 .ARM.attributes
                0x000003c8       0x2c ./board/pin_mux.o
 .ARM.attributes
                0x000003f4       0x1e C:/nxp/MCUXpressoIDE_25.6.136/ide/plugins/com.nxp.mcuxpresso.tools.win32_25.6.0.202501151204/tools/bin/../lib/gcc/arm-none-eabi/14.2.1/thumb/v6-m/nofp\libgcc.a(_udivsi3.o)
 .ARM.attributes
                0x00000412       0x1e C:/nxp/MCUXpressoIDE_25.6.136/ide/plugins/com.nxp.mcuxpresso.tools.win32_25.6.0.202501151204/tools/bin/../lib/gcc/arm-none-eabi/14.2.1/thumb/v6-m/nofp\libgcc.a(_dvmd_tls.o)
 .ARM.attributes
                0x00000430       0x2c C:/nxp/MCUXpressoIDE_25.6.136/ide/plugins/com.nxp.mcuxpresso.tools.win32_25.6.0.202501151204/tools/bin/../lib/gcc/arm-none-eabi/14.2.1/thumb/v6-m/nofp\libc_nano.a(libc_a-memset.o)
 .ARM.attributes
                0x0000045c       0x2c C:/nxp/MCUXpressoIDE_25.6.136/ide/plugins/com.nxp.mcuxpresso.tools.win32_25.6.0.202501151204/tools/bin/../lib/gcc/arm-none-eabi/14.2.1/thumb/v6-m/nofp\libc_nano.a(libc_a-memcpy-stub.o)
 .ARM.attributes
                0x00000488       0x1c C:/nxp/MCUXpressoIDE_25.6.136/ide/plugins/com.nxp.mcuxpresso.tools.win32_25.6.0.202501151204/tools/bin/../lib/gcc/arm-none-eabi/14.2.1/thumb/v6-m/nofp\libc_nano.a(libc_a-strlen.o)

.debug_frame    0x00000000     0x2748
 .debug_frame   0x00000000       0x50 ./utilities/fsl_assert.o
 .debug_frame   0x00000050      0x29c ./utilities/fsl_debug_console.o
 .debug_frame   0x000002ec      0x35c ./utilities/fsl_str.o
 .debug_frame   0x00000648      0x3a8 ./startup/startup_mcxc444.o
 .debug_frame   0x000009f0      0x130 ./source/SD2_board.o
 .debug_frame   0x00000b20      0x584 ./source/main.o
 .debug_frame   0x000010a4       0x20 ./source/semihost_hardfault.o
 .debug_frame   0x000010c4       0x70 ./slcd/slcd_engine.o
 .debug_frame   0x00001134      0x2e8 ./drivers/fsl_clock.o
 .debug_frame   0x0000141c      0x150 ./drivers/fsl_gpio.o
 .debug_frame   0x0000156c       0xd0 ./drivers/fsl_llwu.o
 .debug_frame   0x0000163c       0xd0 ./drivers/fsl_lptmr.o
 .debug_frame   0x0000170c      0x5a8 ./drivers/fsl_lpuart.o
 .debug_frame   0x00001cb4      0x210 ./drivers/fsl_slcd.o
 .debug_frame   0x00001ec4      0x1e0 ./drivers/fsl_smc.o
 .debug_frame   0x000020a4       0x68 ./device/system_MCXC444.o
 .debug_frame   0x0000210c      0x118 ./component/uart/fsl_adapter_lpuart.o
 .debug_frame   0x00002224      0x230 ./component/serial_manager/fsl_component_serial_manager.o
 .debug_frame   0x00002454       0xd0 ./component/serial_manager/fsl_component_serial_port_uart.o
 .debug_frame   0x00002524       0xe0 ./board/clock_config.o
 .debug_frame   0x00002604       0xdc ./board/pin_mux.o
 .debug_frame   0x000026e0       0x20 C:/nxp/MCUXpressoIDE_25.6.136/ide/plugins/com.nxp.mcuxpresso.tools.win32_25.6.0.202501151204/tools/bin/../lib/gcc/arm-none-eabi/14.2.1/thumb/v6-m/nofp\libgcc.a(_udivsi3.o)
 .debug_frame   0x00002700       0x20 C:/nxp/MCUXpressoIDE_25.6.136/ide/plugins/com.nxp.mcuxpresso.tools.win32_25.6.0.202501151204/tools/bin/../lib/gcc/arm-none-eabi/14.2.1/thumb/v6-m/nofp\libc_nano.a(libc_a-memset.o)
 .debug_frame   0x00002720       0x28 C:/nxp/MCUXpressoIDE_25.6.136/ide/plugins/com.nxp.mcuxpresso.tools.win32_25.6.0.202501151204/tools/bin/../lib/gcc/arm-none-eabi/14.2.1/thumb/v6-m/nofp\libc_nano.a(libc_a-memcpy-stub.o)

.debug_loc      0x00000000      0x1de
 .debug_loc     0x00000000      0x1de ./startup/startup_mcxc444.o

.debug_line_str
                0x00000000      0x1b8
 .debug_line_str
                0x00000000      0x1b8 C:/nxp/MCUXpressoIDE_25.6.136/ide/plugins/com.nxp.mcuxpresso.tools.win32_25.6.0.202501151204/tools/bin/../lib/gcc/arm-none-eabi/14.2.1/thumb/v6-m/nofp\libgcc.a(_udivsi3.o)
                                 0xcd (size before relaxing)
 .debug_line_str
                0x000001b8       0xcd C:/nxp/MCUXpressoIDE_25.6.136/ide/plugins/com.nxp.mcuxpresso.tools.win32_25.6.0.202501151204/tools/bin/../lib/gcc/arm-none-eabi/14.2.1/thumb/v6-m/nofp\libgcc.a(_dvmd_tls.o)
 .debug_line_str
                0x000001b8       0xeb C:/nxp/MCUXpressoIDE_25.6.136/ide/plugins/com.nxp.mcuxpresso.tools.win32_25.6.0.202501151204/tools/bin/../lib/gcc/arm-none-eabi/14.2.1/thumb/v6-m/nofp\libc_nano.a(libc_a-strlen.o)

Cross Reference Table

Symbol                                            File
ADC0_DriverIRQHandler                             ./startup/startup_mcxc444.o
ADC0_IRQHandler                                   ./startup/startup_mcxc444.o
APP_CheckPowerMode                                ./source/main.o
APP_GetWakeupConfig                               ./source/main.o
APP_PowerModeSwitch                               ./source/main.o
APP_PowerPostSwitchHook                           ./source/main.o
APP_PowerPreSwitchHook                            ./source/main.o
APP_SetWakeupConfig                               ./source/main.o
APP_ShowPowerMode                                 ./source/main.o
BOARD_BootClockRUN                                ./board/clock_config.o
                                                  ./source/main.o
BOARD_BootClockVLPR                               ./board/clock_config.o
                                                  ./source/main.o
BOARD_InitBootClocks                              ./board/clock_config.o
                                                  ./source/main.o
BOARD_InitBootPeripherals                         ./board/peripherals.o
BOARD_InitBootPins                                ./board/pin_mux.o
                                                  ./source/main.o
BOARD_InitDbgUARTPins                             ./board/pin_mux.o
BOARD_InitDebugConsole                            ./board/board.o
BOARD_InitLCDPins                                 ./board/pin_mux.o
BOARD_InitNMIPins                                 ./board/pin_mux.o
BOARD_InitPeripherals                             ./board/peripherals.o
BOARD_InitWKUPPins                                ./board/pin_mux.o
BOARD_SetSlcdBackPlanePhase                       ./source/main.o
CLOCK_DeinitOsc0                                  ./drivers/fsl_clock.o
CLOCK_EnableUsbfs0Clock                           ./drivers/fsl_clock.o
CLOCK_GetBusClkFreq                               ./drivers/fsl_clock.o
CLOCK_GetCoreSysClkFreq                           ./drivers/fsl_clock.o
CLOCK_GetEr32kClkFreq                             ./drivers/fsl_clock.o
CLOCK_GetFlashClkFreq                             ./drivers/fsl_clock.o
CLOCK_GetFreq                                     ./drivers/fsl_clock.o
                                                  ./board/board.o
                                                  ./source/main.o
CLOCK_GetInternalRefClkFreq                       ./drivers/fsl_clock.o
CLOCK_GetMode                                     ./drivers/fsl_clock.o
CLOCK_GetOsc0ErClkFreq                            ./drivers/fsl_clock.o
CLOCK_GetOutClkFreq                               ./drivers/fsl_clock.o
CLOCK_GetPeriphClkFreq                            ./drivers/fsl_clock.o
CLOCK_GetPlatClkFreq                              ./drivers/fsl_clock.o
CLOCK_InitOsc0                                    ./drivers/fsl_clock.o
                                                  ./board/clock_config.o
CLOCK_SetMcgliteConfig                            ./drivers/fsl_clock.o
                                                  ./board/clock_config.o
CLOCK_SetSimConfig                                ./drivers/fsl_clock.o
                                                  ./board/clock_config.o
CMP0_DriverIRQHandler                             ./startup/startup_mcxc444.o
CMP0_IRQHandler                                   ./startup/startup_mcxc444.o
DAC0_DriverIRQHandler                             ./startup/startup_mcxc444.o
DAC0_IRQHandler                                   ./startup/startup_mcxc444.o
DMA0_DriverIRQHandler                             ./startup/startup_mcxc444.o
DMA0_IRQHandler                                   ./startup/startup_mcxc444.o
DMA1_DriverIRQHandler                             ./startup/startup_mcxc444.o
DMA1_IRQHandler                                   ./startup/startup_mcxc444.o
DMA2_DriverIRQHandler                             ./startup/startup_mcxc444.o
DMA2_IRQHandler                                   ./startup/startup_mcxc444.o
DMA3_DriverIRQHandler                             ./startup/startup_mcxc444.o
DMA3_IRQHandler                                   ./startup/startup_mcxc444.o
DbgConsole_BlockingPrintf                         ./utilities/fsl_debug_console.o
DbgConsole_BlockingVprintf                        ./utilities/fsl_debug_console.o
DbgConsole_Deinit                                 ./utilities/fsl_debug_console.o
                                                  ./source/main.o
DbgConsole_EnterLowpower                          ./utilities/fsl_debug_console.o
DbgConsole_ExitLowpower                           ./utilities/fsl_debug_console.o
DbgConsole_Flush                                  ./utilities/fsl_debug_console.o
DbgConsole_Getchar                                ./utilities/fsl_debug_console.o
                                                  ./source/main.o
DbgConsole_Init                                   ./utilities/fsl_debug_console.o
                                                  ./board/board.o
                                                  ./source/main.o
DbgConsole_Printf                                 ./utilities/fsl_debug_console.o
                                                  ./source/main.o
                                                  ./utilities/fsl_assert.o
DbgConsole_Putchar                                ./utilities/fsl_debug_console.o
DbgConsole_ReadCharacter                          ./utilities/fsl_debug_console.o
DbgConsole_ReadLine                               ./utilities/fsl_debug_console.o
DbgConsole_ReadOneCharacter                       ./utilities/fsl_debug_console.o
DbgConsole_Scanf                                  ./utilities/fsl_debug_console.o
DbgConsole_SendData                               ./utilities/fsl_debug_console.o
DbgConsole_SendDataReliable                       ./utilities/fsl_debug_console.o
DbgConsole_Vprintf                                ./utilities/fsl_debug_console.o
FGPIO_PinInit                                     ./drivers/fsl_gpio.o
FGPIO_PortClearInterruptFlags                     ./drivers/fsl_gpio.o
FGPIO_PortGetInterruptFlags                       ./drivers/fsl_gpio.o
FTFA_DriverIRQHandler                             ./startup/startup_mcxc444.o
FTFA_IRQHandler                                   ./startup/startup_mcxc444.o
Flash_Config                                      ./startup/startup_mcxc444.o
GPIO_PinInit                                      ./drivers/fsl_gpio.o
                                                  ./source/SD2_board.o
GPIO_PortClearInterruptFlags                      ./drivers/fsl_gpio.o
GPIO_PortGetInterruptFlags                        ./drivers/fsl_gpio.o
HAL_UartDeinit                                    ./component/uart/fsl_adapter_lpuart.o
                                                  ./component/serial_manager/fsl_component_serial_port_uart.o
HAL_UartEnterLowpower                             ./component/uart/fsl_adapter_lpuart.o
                                                  ./component/serial_manager/fsl_component_serial_port_uart.o
HAL_UartExitLowpower                              ./component/uart/fsl_adapter_lpuart.o
                                                  ./component/serial_manager/fsl_component_serial_port_uart.o
HAL_UartInit                                      ./component/uart/fsl_adapter_lpuart.o
                                                  ./component/serial_manager/fsl_component_serial_port_uart.o
HAL_UartReceiveBlocking                           ./component/uart/fsl_adapter_lpuart.o
                                                  ./component/serial_manager/fsl_component_serial_port_uart.o
HAL_UartSendBlocking                              ./component/uart/fsl_adapter_lpuart.o
                                                  ./component/serial_manager/fsl_component_serial_port_uart.o
HardFault_Handler                                 ./source/semihost_hardfault.o
                                                  ./startup/startup_mcxc444.o
I2C0_DriverIRQHandler                             ./startup/startup_mcxc444.o
I2C0_IRQHandler                                   ./startup/startup_mcxc444.o
I2C1_DriverIRQHandler                             ./startup/startup_mcxc444.o
I2C1_IRQHandler                                   ./startup/startup_mcxc444.o
I2S0_DriverIRQHandler                             ./startup/startup_mcxc444.o
I2S0_IRQHandler                                   ./startup/startup_mcxc444.o
IntDefaultHandler                                 ./startup/startup_mcxc444.o
LCD_DriverIRQHandler                              ./startup/startup_mcxc444.o
LCD_IRQHandler                                    ./startup/startup_mcxc444.o
LIST_AddHead                                      ./component/lists/fsl_component_generic_list.o
LIST_AddPrevElement                               ./component/lists/fsl_component_generic_list.o
LIST_AddTail                                      ./component/lists/fsl_component_generic_list.o
LIST_GetAvailableSize                             ./component/lists/fsl_component_generic_list.o
LIST_GetHead                                      ./component/lists/fsl_component_generic_list.o
LIST_GetList                                      ./component/lists/fsl_component_generic_list.o
LIST_GetNext                                      ./component/lists/fsl_component_generic_list.o
LIST_GetPrev                                      ./component/lists/fsl_component_generic_list.o
LIST_GetSize                                      ./component/lists/fsl_component_generic_list.o
LIST_Init                                         ./component/lists/fsl_component_generic_list.o
LIST_RemoveElement                                ./component/lists/fsl_component_generic_list.o
LIST_RemoveHead                                   ./component/lists/fsl_component_generic_list.o
LLWU_ClearExternalWakeupPinFlag                   ./drivers/fsl_llwu.o
                                                  ./source/main.o
LLWU_ClearPinFilterFlag                           ./drivers/fsl_llwu.o
LLWU_DriverIRQHandler                             ./startup/startup_mcxc444.o
LLWU_GetExternalWakeupPinFlag                     ./drivers/fsl_llwu.o
                                                  ./source/main.o
LLWU_GetPinFilterFlag                             ./drivers/fsl_llwu.o
LLWU_IRQHandler                                   ./source/main.o
                                                  ./startup/startup_mcxc444.o
LLWU_SetExternalWakeupPinMode                     ./drivers/fsl_llwu.o
                                                  ./source/main.o
LLWU_SetPinFilterMode                             ./drivers/fsl_llwu.o
LPTMR0_DriverIRQHandler                           ./startup/startup_mcxc444.o
LPTMR0_IRQHandler                                 ./source/main.o
                                                  ./startup/startup_mcxc444.o
LPTMR_Deinit                                      ./drivers/fsl_lptmr.o
LPTMR_GetDefaultConfig                            ./drivers/fsl_lptmr.o
                                                  ./source/main.o
LPTMR_Init                                        ./drivers/fsl_lptmr.o
                                                  ./source/main.o
LPUART0_DriverIRQHandler                          ./drivers/fsl_lpuart.o
                                                  ./startup/startup_mcxc444.o
LPUART0_IRQHandler                                ./startup/startup_mcxc444.o
LPUART1_DriverIRQHandler                          ./drivers/fsl_lpuart.o
                                                  ./startup/startup_mcxc444.o
LPUART1_IRQHandler                                ./startup/startup_mcxc444.o
LPUART_ClearStatusFlags                           ./drivers/fsl_lpuart.o
LPUART_Deinit                                     ./drivers/fsl_lpuart.o
                                                  ./component/uart/fsl_adapter_lpuart.o
LPUART_DisableInterrupts                          ./drivers/fsl_lpuart.o
LPUART_Enable9bitMode                             ./drivers/fsl_lpuart.o
LPUART_EnableInterrupts                           ./drivers/fsl_lpuart.o
LPUART_GetDefaultConfig                           ./drivers/fsl_lpuart.o
                                                  ./component/uart/fsl_adapter_lpuart.o
LPUART_GetEnabledInterrupts                       ./drivers/fsl_lpuart.o
LPUART_GetInstance                                ./drivers/fsl_lpuart.o
LPUART_GetStatusFlags                             ./drivers/fsl_lpuart.o
                                                  ./source/main.o
LPUART_Init                                       ./drivers/fsl_lpuart.o
                                                  ./component/uart/fsl_adapter_lpuart.o
LPUART_ReadBlocking                               ./drivers/fsl_lpuart.o
                                                  ./component/uart/fsl_adapter_lpuart.o
LPUART_ReadBlocking16bit                          ./drivers/fsl_lpuart.o
LPUART_SendAddress                                ./drivers/fsl_lpuart.o
LPUART_SetBaudRate                                ./drivers/fsl_lpuart.o
LPUART_TransferAbortReceive                       ./drivers/fsl_lpuart.o
LPUART_TransferAbortSend                          ./drivers/fsl_lpuart.o
LPUART_TransferCreateHandle                       ./drivers/fsl_lpuart.o
LPUART_TransferGetReceiveCount                    ./drivers/fsl_lpuart.o
LPUART_TransferGetRxRingBufferLength              ./drivers/fsl_lpuart.o
LPUART_TransferGetSendCount                       ./drivers/fsl_lpuart.o
LPUART_TransferHandleErrorIRQ                     ./drivers/fsl_lpuart.o
LPUART_TransferHandleIRQ                          ./drivers/fsl_lpuart.o
LPUART_TransferReceiveNonBlocking                 ./drivers/fsl_lpuart.o
LPUART_TransferSendNonBlocking                    ./drivers/fsl_lpuart.o
LPUART_TransferStartRingBuffer                    ./drivers/fsl_lpuart.o
LPUART_TransferStopRingBuffer                     ./drivers/fsl_lpuart.o
LPUART_WriteBlocking                              ./drivers/fsl_lpuart.o
                                                  ./component/uart/fsl_adapter_lpuart.o
LPUART_WriteBlocking16bit                         ./drivers/fsl_lpuart.o
NMI_Handler                                       ./startup/startup_mcxc444.o
PIT_DriverIRQHandler                              ./startup/startup_mcxc444.o
PIT_IRQHandler                                    ./startup/startup_mcxc444.o
PMC_ConfigureBandgapBuffer                        ./drivers/fsl_pmc.o
PMC_ConfigureLowVoltDetect                        ./drivers/fsl_pmc.o
PMC_ConfigureLowVoltWarning                       ./drivers/fsl_pmc.o
PMC_DriverIRQHandler                              ./startup/startup_mcxc444.o
PMC_IRQHandler                                    ./startup/startup_mcxc444.o
PORTA_DriverIRQHandler                            ./startup/startup_mcxc444.o
PORTA_IRQHandler                                  ./startup/startup_mcxc444.o
PORTC_PORTD_DriverIRQHandler                      ./startup/startup_mcxc444.o
PORTC_PORTD_IRQHandler                            ./source/main.o
                                                  ./startup/startup_mcxc444.o
PendSV_Handler                                    ./startup/startup_mcxc444.o
RCM_ConfigureResetPinFilter                       ./drivers/fsl_rcm.o
RCM_SetForceBootRomSource                         ./drivers/fsl_rcm.o
RTC_DriverIRQHandler                              ./startup/startup_mcxc444.o
RTC_IRQHandler                                    ./startup/startup_mcxc444.o
RTC_Seconds_DriverIRQHandler                      ./startup/startup_mcxc444.o
RTC_Seconds_IRQHandler                            ./startup/startup_mcxc444.o
Reserved20_DriverIRQHandler                       ./startup/startup_mcxc444.o
Reserved20_IRQHandler                             ./startup/startup_mcxc444.o
Reserved42_DriverIRQHandler                       ./startup/startup_mcxc444.o
Reserved42_IRQHandler                             ./startup/startup_mcxc444.o
Reserved43_DriverIRQHandler                       ./startup/startup_mcxc444.o
Reserved43_IRQHandler                             ./startup/startup_mcxc444.o
ResetISR                                          ./startup/startup_mcxc444.o
SDK_DelayAtLeastUs                                ./drivers/fsl_common_arm.o
SDK_Free                                          ./drivers/fsl_common.o
SDK_Malloc                                        ./drivers/fsl_common.o
SLCD_ClearInterruptStatus                         ./drivers/fsl_slcd.o
SLCD_Deinit                                       ./drivers/fsl_slcd.o
SLCD_DisableInterrupts                            ./drivers/fsl_slcd.o
SLCD_EnableInterrupts                             ./drivers/fsl_slcd.o
SLCD_Engine_Init                                  ./slcd/slcd_engine.o
                                                  ./source/main.o
SLCD_Engine_Show_Icon                             ./slcd/slcd_engine.o
SLCD_Engine_Show_Num                              ./slcd/slcd_engine.o
                                                  ./source/main.o
SLCD_GetDefaultConfig                             ./drivers/fsl_slcd.o
                                                  ./source/main.o
SLCD_GetInterruptStatus                           ./drivers/fsl_slcd.o
SLCD_Icon                                         ./slcd/LCD-S401M16KR.o
                                                  ./slcd/slcd_engine.o
SLCD_Init                                         ./drivers/fsl_slcd.o
                                                  ./source/main.o
SLCD_NumPos                                       ./slcd/LCD-S401M16KR.o
                                                  ./slcd/slcd_engine.o
SLCD_StartBlinkMode                               ./drivers/fsl_slcd.o
SMC_PostExitStopModes                             ./drivers/fsl_smc.o
                                                  ./source/main.o
SMC_PostExitWaitModes                             ./drivers/fsl_smc.o
                                                  ./source/main.o
SMC_PreEnterStopModes                             ./drivers/fsl_smc.o
                                                  ./source/main.o
SMC_PreEnterWaitModes                             ./drivers/fsl_smc.o
                                                  ./source/main.o
SMC_SetPowerModeLls                               ./drivers/fsl_smc.o
                                                  ./source/main.o
SMC_SetPowerModeRun                               ./drivers/fsl_smc.o
                                                  ./source/main.o
SMC_SetPowerModeStop                              ./drivers/fsl_smc.o
                                                  ./source/main.o
SMC_SetPowerModeVlls                              ./drivers/fsl_smc.o
                                                  ./source/main.o
SMC_SetPowerModeVlpr                              ./drivers/fsl_smc.o
                                                  ./board/clock_config.o
                                                  ./source/main.o
SMC_SetPowerModeVlps                              ./drivers/fsl_smc.o
                                                  ./source/main.o
SMC_SetPowerModeVlpw                              ./drivers/fsl_smc.o