../drivers/fsl_clock.h:437:20:CLOCK_EnableClock	24	static
../drivers/fsl_clock.h:448:20:CLOCK_DisableClock	24	static
../drivers/fsl_clock.h:459:20:CLOCK_SetEr32kClock	16	static
../drivers/fsl_clock.h:722:20:OSC_SetExtRefClkConfig	24	static
../drivers/fsl_clock.h:748:20:OSC_SetCapLoad	24	static
../drivers/fsl_clock.c:74:17:CLOCK_GetLircClkFreq	16	static
../drivers/fsl_clock.c:92:16:CLOCK_GetOscRangeFromFreq	24	static
../drivers/fsl_clock.c:117:10:CLOCK_GetOsc0ErClkFreq	16	static
../drivers/fsl_clock.c:140:10:CLOCK_GetEr32kClkFreq	16	static
../drivers/fsl_clock.c:169:10:CLOCK_GetPlatClkFreq	8	static
../drivers/fsl_clock.c:179:10:CLOCK_GetFlashClkFreq	16	static
../drivers/fsl_clock.c:194:10:CLOCK_GetBusClkFreq	16	static
../drivers/fsl_clock.c:209:10:CLOCK_GetCoreSysClkFreq	8	static
../drivers/fsl_clock.c:224:10:CLOCK_GetFreq	24	static
../drivers/fsl_clock.c:270:6:CLOCK_SetSimConfig	16	static
../drivers/fsl_clock.c:283:6:CLOCK_EnableUsbfs0Clock	24	static
../drivers/fsl_clock.c:317:10:CLOCK_GetInternalRefClkFreq	16	static
../drivers/fsl_clock.c:333:10:CLOCK_GetPeriphClkFreq	16	static
../drivers/fsl_clock.c:358:10:CLOCK_GetOutClkFreq	16	static
../drivers/fsl_clock.c:390:16:CLOCK_GetMode	16	static
../drivers/fsl_clock.c:429:10:CLOCK_SetMcgliteConfig	16	static
../drivers/fsl_clock.c:478:6:CLOCK_InitOsc0	32	static
../drivers/fsl_clock.c:501:6:CLOCK_DeinitOsc0	8	static
