C:\Users\Daniel\Downloads\workspace_mcxc444\SD2_MCXC444_CLOCK_LOW_POWER\CMSIS/core_cm0plus.h:741:22:__NVIC_EnableIRQ	16	static
C:\Users\Daniel\Downloads\workspace_mcxc444\SD2_MCXC444_CLOCK_LOW_POWER\CMSIS/core_cm0plus.h:779:22:__NVIC_DisableIRQ	16	static
../drivers/fsl_clock.h:437:20:CLOCK_EnableClock	24	static
../drivers/fsl_clock.h:448:20:CLOCK_DisableClock	24	static
../drivers/fsl_common_arm.h:570:24:EnableIRQ	24	static
../drivers/fsl_common_arm.h:614:24:DisableIRQ	24	static
../drivers/fsl_slcd.h:360:20:SLCD_StopDisplay	16	static
../drivers/fsl_slcd.c:50:17:SLCD_GetInstance	24	static
../drivers/fsl_slcd.c:81:6:SLCD_Init	40	static
../drivers/fsl_slcd.c:193:6:SLCD_Deinit	24	static
../drivers/fsl_slcd.c:226:6:SLCD_GetDefaultConfig	16	static
../drivers/fsl_slcd.c:256:6:SLCD_StartBlinkMode	24	static
../drivers/fsl_slcd.c:287:6:SLCD_EnableInterrupts	24	static
../drivers/fsl_slcd.c:311:6:SLCD_DisableInterrupts	24	static
../drivers/fsl_slcd.c:338:6:SLCD_ClearInterruptStatus	16	static
../drivers/fsl_slcd.c:361:10:SLCD_GetInterruptStatus	24	static
