C:\Users\Daniel\Downloads\workspace_mcxc444\SD2_MCXC444_CLOCK_LOW_POWER\CMSIS/core_cm0plus.h:741:22:__NVIC_EnableIRQ	16	static
C:\Users\Daniel\Downloads\workspace_mcxc444\SD2_MCXC444_CLOCK_LOW_POWER\CMSIS/core_cm0plus.h:832:22:__NVIC_ClearPendingIRQ	16	static
C:\Users\Daniel\Downloads\workspace_mcxc444\SD2_MCXC444_CLOCK_LOW_POWER\CMSIS/core_cm0plus.h:850:22:__NVIC_SetPriority	24	static
C:\Users\Daniel\Downloads\workspace_mcxc444\SD2_MCXC444_CLOCK_LOW_POWER\CMSIS/core_cm0plus.h:1058:26:SysTick_Config	16	static
C:\Users\Daniel\Downloads\workspace_mcxc444\SD2_MCXC444_CLOCK_LOW_POWER\drivers/fsl_clock.h:469:20:CLOCK_SetLpuart0Clock	16	static
C:\Users\Daniel\Downloads\workspace_mcxc444\SD2_MCXC444_CLOCK_LOW_POWER\drivers/fsl_llwu.h:198:20:LLWU_EnableInternalModuleInterruptWakup	24	static
C:\Users\Daniel\Downloads\workspace_mcxc444\SD2_MCXC444_CLOCK_LOW_POWER\drivers/fsl_llwu.h:241:20:LLWU_GetInternalWakeupModuleFlag	16	static
C:\Users\Daniel\Downloads\workspace_mcxc444\SD2_MCXC444_CLOCK_LOW_POWER\drivers/fsl_lptmr.h:193:20:LPTMR_EnableInterrupts	24	static
C:\Users\Daniel\Downloads\workspace_mcxc444\SD2_MCXC444_CLOCK_LOW_POWER\drivers/fsl_lptmr.h:210:20:LPTMR_DisableInterrupts	24	static
C:\Users\Daniel\Downloads\workspace_mcxc444\SD2_MCXC444_CLOCK_LOW_POWER\drivers/fsl_lptmr.h:228:24:LPTMR_GetEnabledInterrupts	16	static
C:\Users\Daniel\Downloads\workspace_mcxc444\SD2_MCXC444_CLOCK_LOW_POWER\drivers/fsl_lptmr.h:280:20:LPTMR_ClearStatusFlags	16	static
C:\Users\Daniel\Downloads\workspace_mcxc444\SD2_MCXC444_CLOCK_LOW_POWER\drivers/fsl_lptmr.h:305:20:LPTMR_SetTimerPeriod	16	static
C:\Users\Daniel\Downloads\workspace_mcxc444\SD2_MCXC444_CLOCK_LOW_POWER\drivers/fsl_lptmr.h:349:20:LPTMR_StartTimer	24	static
C:\Users\Daniel\Downloads\workspace_mcxc444\SD2_MCXC444_CLOCK_LOW_POWER\drivers/fsl_lptmr.h:366:20:LPTMR_StopTimer	24	static
C:\Users\Daniel\Downloads\workspace_mcxc444\SD2_MCXC444_CLOCK_LOW_POWER\drivers/fsl_pmc.h:385:20:PMC_ClearPeriphIOIsolationFlag	16	static
C:\Users\Daniel\Downloads\workspace_mcxc444\SD2_MCXC444_CLOCK_LOW_POWER\drivers/fsl_port.h:463:20:PORT_SetPinMux	24	static
C:\Users\Daniel\Downloads\workspace_mcxc444\SD2_MCXC444_CLOCK_LOW_POWER\drivers/fsl_port.h:532:20:PORT_SetPinInterruptConfig	24	static
C:\Users\Daniel\Downloads\workspace_mcxc444\SD2_MCXC444_CLOCK_LOW_POWER\drivers/fsl_port.h:598:24:PORT_GetPinsInterruptFlags	16	static
C:\Users\Daniel\Downloads\workspace_mcxc444\SD2_MCXC444_CLOCK_LOW_POWER\drivers/fsl_port.h:609:20:PORT_ClearPinsInterruptFlags	16	static
C:\Users\Daniel\Downloads\workspace_mcxc444\SD2_MCXC444_CLOCK_LOW_POWER\drivers/fsl_rcm.h:250:24:RCM_GetPreviousResetSources	24	static
C:\Users\Daniel\Downloads\workspace_mcxc444\SD2_MCXC444_CLOCK_LOW_POWER\drivers/fsl_slcd.h:349:20:SLCD_StartDisplay	16	static
C:\Users\Daniel\Downloads\workspace_mcxc444\SD2_MCXC444_CLOCK_LOW_POWER\drivers/fsl_slcd.h:399:20:SLCD_SetBackPlanePhase	24	static
C:\Users\Daniel\Downloads\workspace_mcxc444\SD2_MCXC444_CLOCK_LOW_POWER\drivers/fsl_slcd.h:421:20:SLCD_SetFrontPlaneSegments	24	static
C:\Users\Daniel\Downloads\workspace_mcxc444\SD2_MCXC444_CLOCK_LOW_POWER\drivers/fsl_slcd.h:443:20:SLCD_SetFrontPlaneOnePhase	40	static
C:\Users\Daniel\Downloads\workspace_mcxc444\SD2_MCXC444_CLOCK_LOW_POWER\drivers/fsl_smc.h:256:20:SMC_SetPowerModeProtection	16	static
C:\Users\Daniel\Downloads\workspace_mcxc444\SD2_MCXC444_CLOCK_LOW_POWER\drivers/fsl_smc.h:275:33:SMC_GetPowerModeState	16	static
../source/main.c:107:13:APP_InitDefaultDebugConsole	16	static
../source/main.c:114:13:APP_InitVlprDebugConsole	16	static
../source/main.c:121:6:APP_PowerPreSwitchHook	24	static
../source/main.c:146:6:APP_PowerPostSwitchHook	32	static
../source/main.c:178:6:LLWU_IRQHandler	8	static
../source/main.c:194:6:LPTMR0_IRQHandler	8	static
../source/main.c:202:6:PORTC_PORTD_IRQHandler	8	static
../source/main.c:213:16:APP_GetWakeupTimeout	16	static
../source/main.c:232:28:APP_GetWakeupSource	16	static
../source/main.c:259:6:APP_GetWakeupConfig	16	static
../source/main.c:279:6:APP_SetWakeupConfig	16	static
../source/main.c:305:6:APP_ShowPowerMode	24	static
../source/main.c:331:6:APP_CheckPowerMode	24	static
../source/main.c:379:6:APP_PowerModeSwitch	32	static
../source/main.c:461:6:BOARD_SetSlcdBackPlanePhase	8	static
../source/main.c:468:13:SLCD_SetLCDPin	40	static
../source/main.c:493:5:main	72	static
../source/main.c:650:6:SysTick_Handler	8	static
